Archive member included to satisfy reference by file (symbol)

c:/chibistudio/tools/gnu tools arm embedded/7.0 2017q4/bin/../lib/gcc/arm-none-eabi/7.2.1/thumb/v7e-m\libgcc.a(_aeabi_ldivmod.o)
                              build/obj/main.o (__aeabi_ldivmod)
c:/chibistudio/tools/gnu tools arm embedded/7.0 2017q4/bin/../lib/gcc/arm-none-eabi/7.2.1/thumb/v7e-m\libgcc.a(_aeabi_uldivmod.o)
                              build/obj/hal_ee24xx.o (__aeabi_uldivmod)
c:/chibistudio/tools/gnu tools arm embedded/7.0 2017q4/bin/../lib/gcc/arm-none-eabi/7.2.1/thumb/v7e-m\libgcc.a(_udivmoddi4.o)
                              c:/chibistudio/tools/gnu tools arm embedded/7.0 2017q4/bin/../lib/gcc/arm-none-eabi/7.2.1/thumb/v7e-m\libgcc.a(_aeabi_ldivmod.o) (__udivmoddi4)
c:/chibistudio/tools/gnu tools arm embedded/7.0 2017q4/bin/../lib/gcc/arm-none-eabi/7.2.1/thumb/v7e-m\libgcc.a(_dvmd_tls.o)
                              c:/chibistudio/tools/gnu tools arm embedded/7.0 2017q4/bin/../lib/gcc/arm-none-eabi/7.2.1/thumb/v7e-m\libgcc.a(_aeabi_ldivmod.o) (__aeabi_ldiv0)
c:/chibistudio/tools/gnu tools arm embedded/7.0 2017q4/bin/../lib/gcc/arm-none-eabi/7.2.1/../../../../arm-none-eabi/lib/thumb/v7e-m\libg.a(lib_a-memcpy.o)
                              build/obj/hal_buffers.o (memcpy)
c:/chibistudio/tools/gnu tools arm embedded/7.0 2017q4/bin/../lib/gcc/arm-none-eabi/7.2.1/../../../../arm-none-eabi/lib/thumb/v7e-m\libg.a(lib_a-memset.o)
                              build/obj/chfactory.o (memset)
c:/chibistudio/tools/gnu tools arm embedded/7.0 2017q4/bin/../lib/gcc/arm-none-eabi/7.2.1/../../../../arm-none-eabi/lib/thumb/v7e-m\libg.a(lib_a-strcat.o)
                              build/obj/main.o (strcat)
c:/chibistudio/tools/gnu tools arm embedded/7.0 2017q4/bin/../lib/gcc/arm-none-eabi/7.2.1/../../../../arm-none-eabi/lib/thumb/v7e-m\libg.a(lib_a-strchr.o)
                              build/obj/shell.o (strchr)
c:/chibistudio/tools/gnu tools arm embedded/7.0 2017q4/bin/../lib/gcc/arm-none-eabi/7.2.1/../../../../arm-none-eabi/lib/thumb/v7e-m\libg.a(lib_a-strcmp.o)
                              build/obj/chregistry.o (strcmp)
c:/chibistudio/tools/gnu tools arm embedded/7.0 2017q4/bin/../lib/gcc/arm-none-eabi/7.2.1/../../../../arm-none-eabi/lib/thumb/v7e-m\libg.a(lib_a-strcpy.o)
                              c:/chibistudio/tools/gnu tools arm embedded/7.0 2017q4/bin/../lib/gcc/arm-none-eabi/7.2.1/../../../../arm-none-eabi/lib/thumb/v7e-m\libg.a(lib_a-strcat.o) (strcpy)
c:/chibistudio/tools/gnu tools arm embedded/7.0 2017q4/bin/../lib/gcc/arm-none-eabi/7.2.1/../../../../arm-none-eabi/lib/thumb/v7e-m\libg.a(lib_a-strlen.o)
                              build/obj/main.o (strlen)
c:/chibistudio/tools/gnu tools arm embedded/7.0 2017q4/bin/../lib/gcc/arm-none-eabi/7.2.1/../../../../arm-none-eabi/lib/thumb/v7e-m\libg.a(lib_a-strncmp.o)
                              build/obj/chfactory.o (strncmp)
c:/chibistudio/tools/gnu tools arm embedded/7.0 2017q4/bin/../lib/gcc/arm-none-eabi/7.2.1/../../../../arm-none-eabi/lib/thumb/v7e-m\libg.a(lib_a-strncpy.o)
                              build/obj/chfactory.o (strncpy)
c:/chibistudio/tools/gnu tools arm embedded/7.0 2017q4/bin/../lib/gcc/arm-none-eabi/7.2.1/../../../../arm-none-eabi/lib/thumb/v7e-m\libg.a(lib_a-strpbrk.o)
                              build/obj/shell.o (strpbrk)
c:/chibistudio/tools/gnu tools arm embedded/7.0 2017q4/bin/../lib/gcc/arm-none-eabi/7.2.1/../../../../arm-none-eabi/lib/thumb/v7e-m\libg.a(lib_a-strspn.o)
                              build/obj/shell.o (strspn)
c:/chibistudio/tools/gnu tools arm embedded/7.0 2017q4/bin/../lib/gcc/arm-none-eabi/7.2.1/../../../../arm-none-eabi/lib/thumb/v7e-m\libg.a(lib_a-strtoul.o)
                              build/obj/main.o (strtoul)
c:/chibistudio/tools/gnu tools arm embedded/7.0 2017q4/bin/../lib/gcc/arm-none-eabi/7.2.1/../../../../arm-none-eabi/lib/thumb/v7e-m\libg.a(lib_a-impure.o)
                              c:/chibistudio/tools/gnu tools arm embedded/7.0 2017q4/bin/../lib/gcc/arm-none-eabi/7.2.1/../../../../arm-none-eabi/lib/thumb/v7e-m\libg.a(lib_a-strtoul.o) (_impure_ptr)
c:/chibistudio/tools/gnu tools arm embedded/7.0 2017q4/bin/../lib/gcc/arm-none-eabi/7.2.1/../../../../arm-none-eabi/lib/thumb/v7e-m\libg.a(lib_a-locale.o)
                              c:/chibistudio/tools/gnu tools arm embedded/7.0 2017q4/bin/../lib/gcc/arm-none-eabi/7.2.1/../../../../arm-none-eabi/lib/thumb/v7e-m\libg.a(lib_a-strtoul.o) (__locale_ctype_ptr_l)
c:/chibistudio/tools/gnu tools arm embedded/7.0 2017q4/bin/../lib/gcc/arm-none-eabi/7.2.1/../../../../arm-none-eabi/lib/thumb/v7e-m\libg.a(lib_a-mbtowc_r.o)
                              c:/chibistudio/tools/gnu tools arm embedded/7.0 2017q4/bin/../lib/gcc/arm-none-eabi/7.2.1/../../../../arm-none-eabi/lib/thumb/v7e-m\libg.a(lib_a-locale.o) (__ascii_mbtowc)
[...]
Memory Configuration

Name             Origin             Length             Attributes
flash0           0x08000000         0x00100000
flash1           0x00000000         0x00000000
flash2           0x00000000         0x00000000
flash3           0x00000000         0x00000000
flash4           0x00000000         0x00000000
flash5           0x00000000         0x00000000
flash6           0x00000000         0x00000000
flash7           0x00000000         0x00000000
ram0             0x20000000         0x00020000
ram1             0x20000000         0x0001c000
ram2             0x2001c000         0x00004000
ram3             0x00000000         0x00000000
ram4             0x10000000         0x00010000
ram5             0x40024000         0x00001000
ram6             0x00000000         0x00000000
ram7             0x00000000         0x00000000
*default*        0x00000000         0xffffffff

Linker script and memory map

LOAD build/obj/crt0_v7m.o
LOAD build/obj/vectors.o
LOAD build/obj/chcoreasm_v7m.o
LOAD build/obj/crt1.o
LOAD build/obj/board.o
LOAD build/obj/osal.o
LOAD build/obj/hal.o
LOAD build/obj/hal_st.o
LOAD build/obj/hal_buffers.o
LOAD build/obj/hal_queues.o
LOAD build/obj/hal_mmcsd.o
LOAD build/obj/hal_gpt.o
LOAD build/obj/hal_i2c.o
LOAD build/obj/hal_pal.o
LOAD build/obj/hal_rtc.o
LOAD build/obj/hal_sdc.o
LOAD build/obj/hal_serial.o
LOAD build/obj/hal_spi.o
LOAD build/obj/hal_community.o
LOAD build/obj/hal_eeprom.o
LOAD build/obj/hal_ee24xx.o
LOAD build/obj/nvic.o
LOAD build/obj/stm32_isr.o
LOAD build/obj/hal_lld.o
LOAD build/obj/stm32_dma.o
LOAD build/obj/stm32_exti.o
LOAD build/obj/hal_pal_lld.o
LOAD build/obj/hal_i2c_lld.o
LOAD build/obj/hal_rtc_lld.o
LOAD build/obj/hal_spi_lld.o
LOAD build/obj/hal_sdc_lld.o
LOAD build/obj/hal_st_lld.o
LOAD build/obj/hal_gpt_lld.o
LOAD build/obj/hal_serial_lld.o
LOAD build/obj/hal_stm32_dma2d.o
LOAD build/obj/hal_stm32_ltdc.o
LOAD build/obj/chsys.o
LOAD build/obj/chdebug.o
LOAD build/obj/chtrace.o
LOAD build/obj/chvt.o
LOAD build/obj/chschd.o
LOAD build/obj/chthreads.o
LOAD build/obj/chtm.o
LOAD build/obj/chstats.o
LOAD build/obj/chregistry.o
LOAD build/obj/chsem.o
LOAD build/obj/chmtx.o
LOAD build/obj/chcond.o
LOAD build/obj/chevents.o
LOAD build/obj/chmsg.o
LOAD build/obj/chdynamic.o
LOAD build/obj/chmboxes.o
LOAD build/obj/chmemcore.o
LOAD build/obj/chmemheaps.o
LOAD build/obj/chmempools.o
LOAD build/obj/chpipes.o
LOAD build/obj/chfactory.o
LOAD build/obj/chcore.o
LOAD build/obj/chcore_v7m.o
LOAD build/obj/chprintf.o
LOAD build/obj/memstreams.o
LOAD build/obj/nullstreams.o
LOAD build/obj/shell.o
LOAD build/obj/shell_cmd.o
LOAD build/obj/fatfs_diskio.o
LOAD build/obj/fatfs_syscall.o
LOAD build/obj/ff.o
LOAD build/obj/ffunicode.o
LOAD build/obj/syscalls.o
LOAD build/obj/main.o
LOAD build/obj/GPS.o
LOAD build/obj/mcp23017.o
LOAD build/obj/xbee.o

.mstack         0x20000000      0x400
                0x20000000                . = ALIGN (0x8)
                0x20000000                __main_stack_base__ = .
                0x20000400                . = (. + __main_stack_size__)
 *fill*         0x20000000      0x400 
                0x20000400                . = ALIGN (0x8)
                0x20000400                __main_stack_end__ = .

.pstack         0x20000400     0x1600
                0x20000400                . = ALIGN (0x8)
                0x20000400                __process_stack_base__ = .
                0x20000400                __main_thread_stack_base__ = .
                0x20001a00                . = (. + __process_stack_size__)
 *fill*         0x20000400     0x1600 
                0x20001a00                . = ALIGN (0x8)
                0x20001a00                __process_stack_end__ = .
                0x20001a00                __main_thread_stack_end__ = .

.vectors        0x08000000      0x1e0
 *(.vectors)
 .vectors       0x08000000      0x1e0 build/obj/vectors.o
                0x08000000                _vectors

.xtors          0x080001e0        0x0
                0x080001e0                __init_array_start = .
 *(SORT_BY_NAME(.init_array.*))
 *(.init_array)
                0x080001e0                __init_array_end = .
                0x080001e0                __fini_array_start = .
 *(.fini_array)
 *(SORT_BY_NAME(.fini_array.*))
                0x080001e0                __fini_array_end = .

.text           0x08000200    0x141a4
                0x08000200                __text_base = .
 *(.text)
 .text          0x08000200       0xd8 build/obj/crt0_v7m.o
                0x08000200                _crt0_entry
 .text          0x080002d8        0x8 build/obj/vectors.o
                0x080002d8                Reset_Handler
                0x080002da                VectorAC
                0x080002da                DebugMon_Handler
                0x080002da                Vector1A0
                0x080002da                Vector11C
                0x080002da                HardFault_Handler
                0x080002da                Vector1B8
                0x080002da                Vector19C
                0x080002da                Vector8C
                0x080002da                SysTick_Handler
                0x080002da                Vector168
                0x080002da                NMI_Handler
                0x080002da                Vector110
                0x080002da                Vector1D8
                0x080002da                VectorC8
                0x080002da                Vector94
                0x080002da                VectorA8
                0x080002da                VectorB4
                0x080002da                Vector160
                0x080002da                Vector1B0
                0x080002da                UsageFault_Handler
                0x080002da                VectorEC
                0x080002da                Vector40
                0x080002da                VectorF8
                0x080002da                Vector190
                0x080002da                Vector1C4
                0x080002da                Vector1CC
                0x080002da                Vector148
                0x080002da                Vector188
                0x080002da                Vector198
                0x080002da                Vector118
                0x080002da                VectorE8
                0x080002da                Vector54
                0x080002da                Vector98
                0x080002da                Vector138
                0x080002da                Vector24
                0x080002da                Vector1AC
                0x080002da                Vector178
                0x080002da                Vector1A4
                0x080002da                VectorD0
                0x080002da                Vector1B4
                0x080002da                Vector140
                0x080002da                Vector1C0
                0x080002da                Vector134
                0x080002da                Vector1D0
                0x080002da                VectorF0
                0x080002da                Vector13C
                0x080002da                Vector100
                0x080002da                VectorF4
                0x080002da                MemManage_Handler
                0x080002da                VectorA0
                0x080002da                VectorC4
                0x080002da                Vector180
                0x080002da                Vector90
                0x080002da                Vector114
                0x080002da                Vector164
                0x080002da                Vector1C
                0x080002da                Vector1BC
                0x080002da                Vector1D4
                0x080002da                Vector17C
                0x080002da                Vector1A8
                0x080002da                Vector16C
                0x080002da                VectorD4
                0x080002da                Vector144
                0x080002da                Vector18C
                0x080002da                Vector170
                0x080002da                Vector88
                0x080002da                Vector184
                0x080002da                Vector10C
                0x080002da                Vector14C
                0x080002da                BusFault_Handler
                0x080002da                Vector50
                0x080002da                Vector1C8
                0x080002da                Vector194
                0x080002da                Vector1DC
                0x080002da                Vector44
                0x080002da                Vector28
                0x080002da                VectorB8
                0x080002da                Vector34
                0x080002da                VectorA4
                0x080002da                Vector20
                0x080002da                Vector174
                0x080002de                _unhandled_exception
 .text          0x080002e0       0x40 build/obj/chcoreasm_v7m.o
                0x080002e0                _port_switch
                0x080002f0                _port_thread_start
                0x08000308                _port_switch_from_isr
                0x0800031c                _port_exit_from_isr
 .text          0x08000320       0x78 build/obj/crt1.o
                0x08000320                __core_init
                0x08000340                __late_init
                0x08000350                __default_exit
                0x08000360                __init_ram_areas
 *fill*         0x08000398        0x8 
 .text          0x080003a0      0x134 build/obj/board.o
                0x08000480                __early_init
                0x08000490                sdc_lld_is_card_inserted
                0x080004c0                sdc_lld_is_write_protected
                0x080004d0                boardInit
 .text          0x080004d4        0x0 build/obj/osal.o
 *fill*         0x080004d4        0xc 
 .text          0x080004e0       0x30 build/obj/hal.o
                0x080004e0                halInit
 .text          0x08000510       0xa4 build/obj/hal_st.o
                0x08000510                stInit
                0x08000520                stStartAlarm
                0x08000550                stStopAlarm
                0x08000560                stSetAlarm
                0x08000590                stGetAlarm
 *fill*         0x080005b4        0xc 
 .text          0x080005c0      0x908 build/obj/hal_buffers.o
                0x080005c0                ibqObjectInit
                0x08000610                ibqResetI
                0x08000640                ibqGetEmptyBufferI
                0x08000670                ibqPostFullBufferI
                0x080006e0                ibqGetFullBufferTimeoutS
                0x08000730                ibqGetFullBufferTimeout
                0x08000790                ibqReleaseEmptyBufferS
                0x080007d0                ibqReleaseEmptyBuffer
                0x08000820                ibqGetTimeout
                0x080008c0                ibqReadTimeout
                0x080009e0                obqObjectInit
                0x08000a30                obqResetI
                0x08000a60                obqGetFullBufferI
                0x08000a90                obqReleaseEmptyBufferI
                0x08000ae0                obqGetEmptyBufferTimeoutS
                0x08000b30                obqGetEmptyBufferTimeout
                0x08000b90                obqPostFullBufferS
                0x08000bf0                obqPostFullBuffer
                0x08000c40                obqPutTimeout
                0x08000cf0                obqWriteTimeout
                0x08000e10                obqTryFlushI
                0x08000e70                obqFlush
 *fill*         0x08000ec8        0x8 
 .text          0x08000ed0      0x5fc build/obj/hal_queues.o
                0x08000fd0                iqObjectInit
                0x08000ff0                iqResetI
                0x08001010                iqPutI
                0x08001060                iqGetI
                0x080010a0                iqGetTimeout
                0x08001150                iqReadI
                0x08001180                iqReadTimeout
                0x08001250                oqObjectInit
                0x08001270                oqResetI
                0x08001290                oqPutI
                0x080012d0                oqPutTimeout
                0x08001380                oqGetI
                0x080013d0                oqWriteI
                0x08001400                oqWriteTimeout
 *fill*         0x080014cc        0x4 
 .text          0x080014d0      0x6bc build/obj/hal_mmcsd.o
                0x080014d0                _mmcsd_get_slice
                0x08001530                _mmcsd_get_capacity
                0x080015a0                _mmcsd_get_capacity_ext
                0x080015d0                _mmcsd_unpack_sdc_cid
                0x08001690                _mmcsd_unpack_mmc_cid
                0x08001760                _mmcsd_unpack_csd_mmc
                0x08001900                _mmcsd_unpack_csd_v10
                0x08001a50                _mmcsd_unpack_csd_v20
 *fill*         0x08001b8c        0x4 
 .text          0x08001b90      0x358 build/obj/hal_gpt.o
                0x08001b90                gptInit
                0x08001ba0                gptObjectInit
                0x08001bb0                gptStart
                0x08001c30                gptStop
                0x08001ca0                gptChangeInterval
                0x08001d10                gptStartContinuousI
                0x08001d50                gptStartContinuous
                0x08001da0                gptStartOneShotI
                0x08001de0                gptStartOneShot
                0x08001e30                gptStopTimerI
                0x08001e70                gptStopTimer
                0x08001ec0                gptPolledDelay
 *fill*         0x08001ee8        0x8 
 .text          0x08001ef0      0x2fc build/obj/hal_i2c.o
                0x08001ef0                i2cInit
                0x08001f00                i2cObjectInit
                0x08001f20                i2cStart
                0x08001fa0                i2cStop
                0x08002020                i2cGetErrors
                0x08002040                i2cMasterTransmitTimeout
                0x08002100                i2cMasterReceiveTimeout
                0x080021b0                i2cAcquireBus
                0x080021d0                i2cReleaseBus
 *fill*         0x080021ec        0x4 
 .text          0x080021f0      0x1c8 build/obj/hal_pal.o
                0x080021f0                palReadBus
                0x08002220                palWriteBus
                0x08002260                palSetBusMode
                0x08002290                palSetPadCallbackI
                0x080022a0                palSetLineCallbackI
                0x080022c0                palWaitPadTimeoutS
                0x080022e0                palWaitPadTimeout
                0x08002340                palWaitLineTimeoutS
                0x08002360                palWaitLineTimeout
 *fill*         0x080023b8        0x8 
 .text          0x080023c0      0x280 build/obj/hal_rtc.o
                0x080023c0                rtcInit
                0x080023d0                rtcObjectInit
                0x080023e0                rtcSetTime
                0x08002400                rtcGetTime
                0x08002420                rtcSetAlarm
                0x08002450                rtcGetAlarm
                0x08002480                rtcSetCallback
                0x080024a0                rtcConvertDateTimeToStructTm
                0x08002540                rtcConvertStructTmToDateTime
                0x080025b0                rtcConvertDateTimeToFAT
 .text          0x08002640      0x9c0 build/obj/hal_sdc.o
                0x08002750                sdcGetInfo
                0x08002a50                sdcConnect
                0x08002bd0                sdcRead
                0x08002c30                sdcWrite
                0x08002c90                sdcSync
                0x08002cc0                _sdc_wait_for_transfer_state
                0x08002d10                sdcDisconnect
                0x08002dd0                sdcInit
                0x08002de0                sdcObjectInit
                0x08002e00                sdcStart
                0x08002e70                sdcStop
                0x08002ee0                sdcGetAndClearErrors
                0x08002f50                sdcErase
 .text          0x08003000      0x388 build/obj/hal_serial.o
                0x08003110                sdInit
                0x08003120                sdObjectInit
                0x08003170                sdStart
                0x080031e0                sdStop
                0x08003260                sdIncomingDataI
                0x080032b0                sdRequestDataI
                0x080032e0                sdPutWouldBlock
                0x08003330                sdGetWouldBlock
                0x08003380                sdControl
 *fill*         0x08003388        0x8 
 .text          0x08003390      0x74c build/obj/hal_spi.o
                0x08003390                spiInit
                0x080033a0                spiObjectInit
                0x080033c0                spiStart
                0x08003440                spiStop
                0x080034b0                spiSelect
                0x08003520                spiUnselect
                0x08003590                spiStartIgnore
                0x08003600                spiStartExchange
                0x08003680                spiStartSend
                0x08003700                spiStartReceive
                0x08003780                spiAbortI
                0x080037c0                spiAbort
                0x08003830                spiIgnore
                0x080038c0                spiExchange
                0x08003960                spiSend
                0x08003a00                spiReceive
                0x08003aa0                spiAcquireBus
                0x08003ac0                spiReleaseBus
 *fill*         0x08003adc        0x4 
 .text          0x08003ae0        0x4 build/obj/hal_community.o
                0x08003ae0                halCommunityInit
 *fill*         0x08003ae4        0xc 
 .text          0x08003af0      0x234 build/obj/hal_eeprom.o
                0x08003af0                EepromFindDevice
                0x08003b10                EepromFileOpen
                0x08003b80                EepromReadByte
                0x08003ba0                EepromReadHalfword
                0x08003bc0                EepromReadWord
                0x08003be0                EepromWriteByte
                0x08003c00                EepromWriteHalfword
                0x08003c20                EepromWriteWord
                0x08003c40                eepfs_getsize
                0x08003c70                eepfs_getposition
                0x08003c90                eepfs_lseek
                0x08003cc0                eepfs_close
                0x08003cf0                eepfs_geterror
                0x08003d10                eepfs_put
                0x08003d20                eepfs_get
 *fill*         0x08003d24        0xc 
 .text          0x08003d30      0x334 build/obj/hal_ee24xx.o
 *fill*         0x08004064        0xc 
 .text          0x08004070       0x98 build/obj/nvic.o
                0x08004070                nvicEnableVector
                0x080040a0                nvicDisableVector
                0x080040c0                nvicSetSystemHandlerPriority
                0x080040f0                nvicClearPending
 *fill*         0x08004108        0x8 
 .text          0x08004110      0x3a0 build/obj/stm32_isr.o
                0x08004110                Vector5C
                0x08004180                Vector60
                0x080041f0                Vector64
                0x08004260                Vector68
                0x080042d0                Vector9C
                0x08004440                irqInit
                0x08004480                irqDeinit
 .text          0x080044b0      0x1e4 build/obj/hal_lld.o
                0x08004510                hal_lld_init
                0x08004580                stm32_clock_init
 *fill*         0x08004694        0xc 
 .text          0x080046a0      0x77c build/obj/stm32_dma.o
                0x080046a0                Vector6C
                0x080046f0                Vector70
                0x08004740                Vector74
                0x08004790                Vector78
                0x080047e0                Vector7C
                0x08004830                Vector80
                0x08004880                Vector84
                0x080048d0                VectorFC
                0x08004920                Vector120
                0x08004970                Vector124
                0x080049c0                Vector128
                0x08004a10                Vector12C
                0x08004a60                Vector130
                0x08004ab0                Vector150
                0x08004b00                Vector154
                0x08004b50                Vector158
                0x08004ba0                dmaInit
                0x08004bf0                dmaStreamAllocI
                0x08004cf0                dmaStreamAlloc
                0x08004d50                dmaStreamFreeI
                0x08004dd0                dmaStreamFree
 *fill*         0x08004e1c        0x4 
 .text          0x08004e20       0xf4 build/obj/stm32_exti.o
                0x08004e20                extiEnableGroup1
                0x08004eb0                extiEnableLine
                0x08004ef0                extiClearLine
 *fill*         0x08004f14        0xc 
 .text          0x08004f20      0x230 build/obj/hal_pal_lld.o
                0x08004f20                _pal_lld_init
                0x08004f40                _pal_lld_setgroupmode
                0x08005030                _pal_lld_enablepadevent
                0x080050d0                _pal_lld_disablepadevent
 .text          0x08005150      0x960 build/obj/hal_i2c_lld.o
                0x08005610                VectorBC
                0x08005640                VectorC0
                0x08005690                i2c_lld_init
                0x080056b0                i2c_lld_start
                0x080057a0                i2c_lld_stop
                0x08005800                i2c_lld_master_receive_timeout
                0x08005930                i2c_lld_master_transmit_timeout
 .text          0x08005ab0      0x718 build/obj/hal_rtc_lld.o
                0x08005d90                Vector48
                0x08005e20                Vector4C
                0x08005e80                VectorE4
                0x08005ef0                rtc_lld_init
                0x08005f70                rtc_lld_set_time
                0x08005fd0                rtc_lld_get_time
                0x08006040                rtc_lld_set_alarm
                0x080060e0                rtc_lld_get_alarm
                0x08006100                rtc_lld_set_callback
                0x08006110                rtcSTM32SetPeriodicWakeup
                0x080061a0                rtcSTM32GetPeriodicWakeup
 *fill*         0x080061c8        0x8 
 .text          0x080061d0      0x4c4 build/obj/hal_spi_lld.o
                0x080062d0                spi_lld_init
                0x08006300                spi_lld_start
                0x08006410                spi_lld_stop
                0x08006470                spi_lld_ignore
                0x080064e0                spi_lld_exchange
                0x08006550                spi_lld_send
                0x080065c0                spi_lld_receive
                0x08006630                spi_lld_abort
                0x08006680                spi_lld_polled_exchange
 *fill*         0x08006694        0xc 
 .text          0x080066a0      0x7e4 build/obj/hal_sdc_lld.o
                0x08006760                Vector104
                0x080067c0                sdc_lld_init
                0x080067f0                sdc_lld_start
                0x08006870                sdc_lld_stop
                0x080068b0                sdc_lld_start_clk
                0x080068e0                sdc_lld_set_data_clk
                0x080068f0                sdc_lld_stop_clk
                0x08006900                sdc_lld_set_bus_mode
                0x08006930                sdc_lld_send_cmd_none
                0x08006950                sdc_lld_send_cmd_short
                0x08006990                sdc_lld_send_cmd_short_crc
                0x08006bc0                sdc_lld_send_cmd_long_crc
                0x08006c10                sdc_lld_read_special
                0x08006c60                sdc_lld_read_aligned
                0x08006d10                sdc_lld_write_aligned
                0x08006dc0                sdc_lld_read
                0x08006e20                sdc_lld_write
                0x08006e80                sdc_lld_sync
 *fill*         0x08006e84        0xc 
 .text          0x08006e90       0xb4 build/obj/hal_st_lld.o
                0x08006e90                VectorB0
                0x08006ef0                st_lld_init
 *fill*         0x08006f44        0xc 
 .text          0x08006f50      0x200 build/obj/hal_gpt_lld.o
                0x08006f50                gpt_lld_init
                0x08006f70                gpt_lld_start
                0x08007010                gpt_lld_stop
                0x08007060                gpt_lld_start_timer
                0x08007090                gpt_lld_stop_timer
                0x080070b0                gpt_lld_polled_delay
                0x080070e0                gpt_lld_serve_interrupt
                0x08007120                Vector108
 .text          0x08007150      0x45c build/obj/hal_serial_lld.o
                0x08007390                VectorD8
                0x080073c0                VectorDC
                0x080073f0                Vector15C
                0x08007420                sd_lld_init
                0x08007480                sd_lld_start
                0x08007520                sd_lld_stop
 .text          0x080075ac        0x0 build/obj/hal_stm32_dma2d.o
 .text          0x080075ac        0x0 build/obj/hal_stm32_ltdc.o
 *fill*         0x080075ac        0x4 
 .text          0x080075b0      0x380 build/obj/chsys.o
                0x080075c0                chSysInit
                0x08007670                chSysHalt
                0x08007690                chSysIntegrityCheckI
                0x08007730                chSysTimerHandlerI
                0x08007860                chSysGetStatusAndLockX
                0x080078a0                chSysRestoreStatusX
                0x08007900                chSysIsCounterWithinX
                0x08007910                chSysPolledDelayX
 .text          0x08007930      0x1f0 build/obj/chdebug.o
                0x08007930                _dbg_check_disable
                0x08007950                _dbg_check_suspend
                0x08007970                _dbg_check_enable
                0x08007990                _dbg_check_lock
                0x080079c0                _dbg_check_unlock
                0x080079f0                _dbg_check_lock_from_isr
                0x08007a20                _dbg_check_unlock_from_isr
                0x08007a50                _dbg_check_enter_isr
                0x08007a90                _dbg_check_leave_isr
                0x08007ad0                chDbgCheckClassI
                0x08007b00                chDbgCheckClassS
 .text          0x08007b20      0x32c build/obj/chtrace.o
                0x08007b60                _trace_init
                0x08007ba0                _trace_switch
                0x08007bf0                _trace_isr_enter
                0x08007c40                _trace_isr_leave
                0x08007c90                _trace_halt
                0x08007cd0                chDbgWriteTraceI
                0x08007d20                chDbgWriteTrace
                0x08007d70                chDbgSuspendTraceI
                0x08007d90                chDbgSuspendTrace
                0x08007de0                chDbgResumeTraceI
                0x08007e00                chDbgResumeTrace
 *fill*         0x08007e4c        0x4 
 .text          0x08007e50      0x238 build/obj/chvt.o
                0x08007e50                _vt_init
                0x08007e70                chVTDoSetI
                0x08007fa0                chVTDoResetI
 *fill*         0x08008088        0x8 
 .text          0x08008090      0x3f4 build/obj/chschd.o
                0x08008090                _scheduler_init
                0x080080b0                chSchReadyI
                0x08008180                chSchReadyAheadI
                0x080081d0                chSchGoSleepS
                0x08008230                chSchGoSleepTimeoutS
                0x08008290                chSchWakeupS
                0x08008320                chSchIsPreemptionRequired
                0x08008340                chSchDoRescheduleBehind
                0x080083a0                chSchDoRescheduleAhead
                0x08008400                chSchRescheduleS
                0x08008430                chSchDoReschedule
 *fill*         0x08008484        0xc 
 .text          0x08008490      0x984 build/obj/chthreads.o
                0x08008490                _thread_init
                0x080084e0                _thread_memfill
                0x080084f0                chThdCreateSuspendedI
                0x08008570                chThdCreateSuspended
                0x080085e0                chThdCreateI
                0x080085f0                chThdCreate
                0x08008660                chThdCreateStatic
                0x08008720                chThdStart
                0x08008780                chThdAddRef
                0x080087f0                chThdRelease
                0x080088b0                chThdExitS
                0x08008900                chThdExit
                0x08008920                chThdWait
                0x080089c0                chThdSetPriority
                0x08008a30                chThdTerminate
                0x08008a80                chThdSleep
                0x08008af0                chThdSleepUntil
                0x08008b60                chThdSleepUntilWindowed
                0x08008be0                chThdYield
                0x08008c40                chThdSuspendS
                0x08008c70                chThdSuspendTimeoutS
                0x08008cb0                chThdResumeI
                0x08008ce0                chThdResumeS
                0x08008d10                chThdResume
                0x08008d60                chThdEnqueueTimeoutS
                0x08008d90                chThdDequeueNextI
                0x08008dd0                chThdDequeueAllI
 *fill*         0x08008e14        0xc 
 .text          0x08008e20       0xec build/obj/chtm.o
                0x08008e20                chTMObjectInit
                0x08008e40                chTMStartMeasurementX
                0x08008e50                chTMStopMeasurementX
                0x08008ea0                _tm_init
                0x08008ed0                chTMChainMeasurementToX
 *fill*         0x08008f0c        0x4 
 .text          0x08008f10       0xc0 build/obj/chstats.o
                0x08008f10                _stats_init
                0x08008f40                _stats_increase_irq
                0x08008f60                _stats_ctxswc
                0x08008f90                _stats_start_measure_crit_thd
                0x08008fa0                _stats_stop_measure_crit_thd
                0x08008fb0                _stats_start_measure_crit_isr
                0x08008fc0                _stats_stop_measure_crit_isr
 .text          0x08008fd0      0x140 build/obj/chregistry.o
                0x08008fd0                chRegFirstThread
                0x08009020                chRegNextThread
                0x080090a0                chRegFindThreadByName
                0x080090d0                chRegFindThreadByPointer
                0x080090f0                chRegFindThreadByWorkingArea
 .text          0x08009110      0x48c build/obj/chsem.o
                0x08009110                chSemObjectInit
                0x08009130                chSemResetI
                0x08009190                chSemReset
                0x080091f0                chSemWaitS
                0x08009250                chSemWait
                0x080092a0                chSemWaitTimeoutS
                0x08009320                chSemWaitTimeout
                0x08009380                chSemSignal
                0x08009410                chSemSignalI
                0x08009460                chSemAddCounterI
                0x080094c0                chSemSignalWait
 *fill*         0x0800959c        0x4 
 .text          0x080095a0      0x3f8 build/obj/chmtx.o
                0x080095a0                chMtxObjectInit
                0x080095c0                chMtxLockS
                0x080096c0                chMtxLock
                0x08009710                chMtxTryLockS
                0x08009750                chMtxTryLock
                0x080097a0                chMtxUnlock
                0x08009870                chMtxUnlockS
                0x08009900                chMtxUnlockAllS
                0x08009950                chMtxUnlockAll
 *fill*         0x08009998        0x8 
 .text          0x080099a0      0x2c8 build/obj/chcond.o
                0x080099a0                chCondObjectInit
                0x080099c0                chCondSignal
                0x08009a30                chCondSignalI
                0x08009a60                chCondBroadcastI
                0x08009a90                chCondBroadcast
                0x08009ae0                chCondWaitS
                0x08009b40                chCondWait
                0x08009b90                chCondWaitTimeoutS
                0x08009c10                chCondWaitTimeout
 *fill*         0x08009c68        0x8 
 .text          0x08009c70      0x788 build/obj/chevents.o
                0x08009c70                chEvtRegisterMaskWithFlags
                0x08009ce0                chEvtUnregister
                0x08009d50                chEvtGetAndClearEventsI
                0x08009d70                chEvtGetAndClearEvents
                0x08009dc0                chEvtAddEvents
                0x08009e10                chEvtGetAndClearFlags
                0x08009e60                chEvtSignalI
                0x08009eb0                chEvtBroadcastFlagsI
                0x08009ef0                chEvtSignal
                0x08009f50                chEvtBroadcastFlags
                0x08009fb0                chEvtGetAndClearFlagsI
                0x08009fc0                chEvtDispatch
                0x0800a020                chEvtWaitOne
                0x0800a090                chEvtWaitAny
                0x0800a100                chEvtWaitAll
                0x0800a170                chEvtWaitOneTimeout
                0x0800a250                chEvtWaitAnyTimeout
                0x0800a330                chEvtWaitAllTimeout
 *fill*         0x0800a3f8        0x8 
 .text          0x0800a400      0x174 build/obj/chmsg.o
                0x0800a400                chMsgSend
                0x0800a490                chMsgWait
                0x0800a510                chMsgRelease
 *fill*         0x0800a574        0xc 
 .text          0x0800a580      0x12c build/obj/chdynamic.o
                0x0800a580                chThdCreateFromHeap
                0x0800a610                chThdCreateFromMemoryPool
 *fill*         0x0800a6ac        0x4 
 .text          0x0800a6b0      0x4cc build/obj/chmboxes.o
                0x0800a6b0                chMBObjectInit
                0x0800a6f0                chMBResetI
                0x0800a730                chMBReset
                0x0800a780                chMBPostTimeoutS
                0x0800a810                chMBPostTimeout
                0x0800a870                chMBPostI
                0x0800a8e0                chMBPostAheadTimeoutS
                0x0800a970                chMBPostAheadTimeout
                0x0800a9d0                chMBPostAheadI
                0x0800aa40                chMBFetchTimeoutS
                0x0800aac0                chMBFetchTimeout
                0x0800ab20                chMBFetchI
 *fill*         0x0800ab7c        0x4 
 .text          0x0800ab80       0xe0 build/obj/chmemcore.o
                0x0800ab80                _core_init
                0x0800aba0                chCoreAllocAlignedWithOffsetI
                0x0800abf0                chCoreAllocAlignedWithOffset
                0x0800ac50                chCoreGetStatusX
 .text          0x0800ac60      0x28c build/obj/chmemheaps.o
                0x0800ac60                _heap_init
                0x0800ac80                chHeapObjectInit
                0x0800acc0                chHeapAllocAligned
                0x0800ade0                chHeapFree
                0x0800aea0                chHeapStatus
 *fill*         0x0800aeec        0x4 
 .text          0x0800aef0      0x2ac build/obj/chmempools.o
                0x0800aef0                chPoolObjectInitAligned
                0x0800af30                chPoolAllocI
                0x0800af70                chPoolAlloc
                0x0800afc0                chPoolFreeI
                0x0800aff0                chPoolFree
                0x0800b040                chPoolLoadArray
                0x0800b070                chGuardedPoolObjectInitAligned
                0x0800b090                chGuardedPoolAllocTimeoutS
                0x0800b0b0                chGuardedPoolAllocTimeout
                0x0800b110                chGuardedPoolFree
                0x0800b170                chGuardedPoolLoadArray
 *fill*         0x0800b19c        0x4 
 .text          0x0800b1a0      0x33c build/obj/chpipes.o
                0x0800b2a0                chPipeObjectInit
                0x0800b2f0                chPipeReset
                0x0800b380                chPipeWriteTimeout
                0x0800b430                chPipeReadTimeout
 *fill*         0x0800b4dc        0x4 
 .text          0x0800b4e0      0x644 build/obj/chfactory.o
                0x0800b690                _factory_init
                0x0800b6f0                chFactoryRegisterObject
                0x0800b720                chFactoryFindObject
                0x0800b750                chFactoryFindObjectByPointer
                0x0800b790                chFactoryReleaseObject
                0x0800b7c0                chFactoryCreateBuffer
                0x0800b800                chFactoryFindBuffer
                0x0800b830                chFactoryReleaseBuffer
                0x0800b860                chFactoryCreateSemaphore
                0x0800b8a0                chFactoryFindSemaphore
                0x0800b8d0                chFactoryReleaseSemaphore
                0x0800b900                chFactoryCreateMailbox
                0x0800b940                chFactoryFindMailbox
                0x0800b970                chFactoryReleaseMailbox
                0x0800b9a0                chFactoryCreateObjectsFIFO
                0x0800ba30                chFactoryFindObjectsFIFO
                0x0800ba60                chFactoryReleaseObjectsFIFO
                0x0800ba90                chFactoryCreatePipe
                0x0800bad0                chFactoryFindPipe
                0x0800bb00                chFactoryReleasePipe
 .text          0x0800bb24        0x0 build/obj/chcore.o
 *fill*         0x0800bb24        0xc 
 .text          0x0800bb30       0x70 build/obj/chcore_v7m.o
                0x0800bb30                SVC_Handler
                0x0800bb50                _port_irq_epilogue
 .text          0x0800bba0      0x34c build/obj/chprintf.o
                0x0800bc00                chvprintf
                0x0800be70                chprintf
                0x0800be90                chvsnprintf
                0x0800bed0                chsnprintf
 *fill*         0x0800beec        0x4 
 .text          0x0800bef0       0xb8 build/obj/memstreams.o
                0x0800bf90                msObjectInit
 *fill*         0x0800bfa8        0x8 
 .text          0x0800bfb0       0x4c build/obj/nullstreams.o
                0x0800bff0                nullObjectInit
 *fill*         0x0800bffc        0x4 
 .text          0x0800c000      0x2dc build/obj/shell.o
                0x0800c0a0                shellInit
                0x0800c0b0                shellExit
                0x0800c0e0                shellGetLine
                0x0800c180                shellThread
 *fill*         0x0800c2dc        0x4 
 .text          0x0800c2e0      0x270 build/obj/shell_cmd.o
 .text          0x0800c550      0x10c build/obj/fatfs_diskio.o
                0x0800c550                disk_initialize
                0x0800c580                disk_status
                0x0800c5b0                disk_read
                0x0800c5e0                disk_write
                0x0800c610                disk_ioctl
                0x0800c640                get_fattime
 *fill*         0x0800c65c        0x4 
 .text          0x0800c660       0x18 build/obj/fatfs_syscall.o
                0x0800c660                ff_memalloc
                0x0800c670                ff_memfree
 *fill*         0x0800c678        0x8 
 .text          0x0800c680     0x383c build/obj/ff.o
                0x0800e8d0                f_mount
                0x0800e920                f_open
                0x0800ec40                f_read
                0x0800ee20                f_write
                0x0800f060                f_sync
                0x0800f1e0                f_close
                0x0800f210                f_lseek
                0x0800f600                f_opendir
                0x0800f6e0                f_closedir
                0x0800f700                f_readdir
                0x0800f770                f_stat
                0x0800f7d0                f_getfree
                0x0800f900                f_truncate
                0x0800f9d0                f_unlink
                0x0800fb00                f_mkdir
                0x0800fcc0                f_rename
 *fill*         0x0800febc        0x4 
 .text          0x0800fec0      0x10c build/obj/ffunicode.o
                0x0800fec0                ff_uni2oem
                0x0800ff00                ff_oem2uni
                0x0800ff30                ff_wtoupper
 *fill*         0x0800ffcc        0x4 
 .text          0x0800ffd0       0x94 build/obj/syscalls.o
                0x0800ffd0                _read_r
                0x0800ffe0                _lseek_r
                0x0800fff0                _write_r
                0x08010000                _close_r
                0x08010010                _sbrk_r
                0x08010040                _fstat_r
                0x08010060                _isatty_r
 *fill*         0x08010064        0xc 
 .text          0x08010070     0x28c8 build/obj/main.o
                0x080104b0                write_config_eeprom
                0x08010500                read_config_eeprom
                0x08010560                default_config_eeprom
                0x08010610                setRelayState
                0x08010920                cmd_adc
                0x08010960                xbee_setup
                0x080109c0                Vector58
                0x08010ab0                VectorE0
                0x08010bc0                PendSV_Handler
                0x08011100                VectorCC
                0x080111b0                spi1_custom_start
                0x08011210                ads1282_init
                0x08011370                init_adc
                0x08011450                new_filename
                0x080114e0                new_logfile
                0x08011570                format_data
                0x080115a0                set_pga
                0x08011ee0                check_node_state
                0x08011f00                check_valid_relay
                0x08011f20                run_cmd
                0x08012490                button_hw_init
                0x080124b0                read_buttons
                0x080127f0                init_i2c
                0x08012850                main
 *fill*         0x08012938        0x8 
 .text          0x08012940      0x2bc build/obj/GPS.o
                0x08012940                gps_init
                0x08012960                gps_parse_sentence
                0x08012ad0                hex_to_int
                0x08012b30                gps_test_checksum
                0x08012b80                GPSParseChar
 *fill*         0x08012bfc        0x4 
 .text          0x08012c00      0x39c build/obj/mcp23017.o
                0x08012c40                mcp23017_init
                0x08012c60                mcp23017_readRegister
                0x08012cc0                mcp23017_digitalRead
                0x08012d10                mcp23017_digitalReadA
                0x08012d20                mcp23017_digitalReadB
                0x08012d30                mcp23017_writeRegister
                0x08012db0                mcp23017_pinModeAB
                0x08012e00                mcp23017_digitalWriteAB
                0x08012e30                mcp23017_digitalWrite
                0x08012f00                mcp23017_pinMode
                0x08012f20                mcp23017_pinModeA
                0x08012f50                mcp23017_digitalWriteA
                0x08012f60                mcp23017_pinModeB
                0x08012f90                mcp23017_digitalWriteB
 *fill*         0x08012f9c        0x4 
 .text          0x08012fa0      0x480 build/obj/xbee.o
                0x08012fa0                xbee_init
                0x08013040                xbee_send_packet
                0x08013130                xbee_process_packet
                0x08013260                xbee_com_parse
 .text          0x08013420       0xa0 c:/chibistudio/tools/gnu tools arm embedded/7.0 2017q4/bin/../lib/gcc/arm-none-eabi/7.2.1/thumb/v7e-m\libgcc.a(_aeabi_ldivmod.o)
                0x08013420                __aeabi_ldivmod
 .text          0x080134c0       0x30 c:/chibistudio/tools/gnu tools arm embedded/7.0 2017q4/bin/../lib/gcc/arm-none-eabi/7.2.1/thumb/v7e-m\libgcc.a(_aeabi_uldivmod.o)
                0x080134c0                __aeabi_uldivmod
 .text          0x080134f0      0x2cc c:/chibistudio/tools/gnu tools arm embedded/7.0 2017q4/bin/../lib/gcc/arm-none-eabi/7.2.1/thumb/v7e-m\libgcc.a(_udivmoddi4.o)
                0x080134f0                __udivmoddi4
 .text          0x080137bc        0x4 c:/chibistudio/tools/gnu tools arm embedded/7.0 2017q4/bin/../lib/gcc/arm-none-eabi/7.2.1/thumb/v7e-m\libgcc.a(_dvmd_tls.o)
                0x080137bc                __aeabi_idiv0
                0x080137bc                __aeabi_ldiv0
 .text          0x080137c0      0x134 c:/chibistudio/tools/gnu tools arm embedded/7.0 2017q4/bin/../lib/gcc/arm-none-eabi/7.2.1/../../../../arm-none-eabi/lib/thumb/v7e-m\libg.a(lib_a-memcpy.o)
                0x080137c0                memcpy
 .text          0x080138f4        0x0 c:/chibistudio/tools/gnu tools arm embedded/7.0 2017q4/bin/../lib/gcc/arm-none-eabi/7.2.1/../../../../arm-none-eabi/lib/thumb/v7e-m\libg.a(lib_a-memset.o)
 .text          0x080138f4        0x0 c:/chibistudio/tools/gnu tools arm embedded/7.0 2017q4/bin/../lib/gcc/arm-none-eabi/7.2.1/../../../../arm-none-eabi/lib/thumb/v7e-m\libg.a(lib_a-strcat.o)
 .text          0x080138f4        0x0 c:/chibistudio/tools/gnu tools arm embedded/7.0 2017q4/bin/../lib/gcc/arm-none-eabi/7.2.1/../../../../arm-none-eabi/lib/thumb/v7e-m\libg.a(lib_a-strchr.o)
 *fill*         0x080138f4        0xc 
 .text          0x08013900      0x2dc c:/chibistudio/tools/gnu tools arm embedded/7.0 2017q4/bin/../lib/gcc/arm-none-eabi/7.2.1/../../../../arm-none-eabi/lib/thumb/v7e-m\libg.a(lib_a-strcmp.o)
                0x08013908                strcmp
 .text          0x08013bdc        0x0 c:/chibistudio/tools/gnu tools arm embedded/7.0 2017q4/bin/../lib/gcc/arm-none-eabi/7.2.1/../../../../arm-none-eabi/lib/thumb/v7e-m\libg.a(lib_a-strcpy.o)
 *fill*         0x08013bdc       0x24 
 .text          0x08013c00       0xdc c:/chibistudio/tools/gnu tools arm embedded/7.0 2017q4/bin/../lib/gcc/arm-none-eabi/7.2.1/../../../../arm-none-eabi/lib/thumb/v7e-m\libg.a(lib_a-strlen.o)
                0x08013c00                strlen
 .text          0x08013cdc        0x0 c:/chibistudio/tools/gnu tools arm embedded/7.0 2017q4/bin/../lib/gcc/arm-none-eabi/7.2.1/../../../../arm-none-eabi/lib/thumb/v7e-m\libg.a(lib_a-strncmp.o)
 .text          0x08013cdc        0x0 c:/chibistudio/tools/gnu tools arm embedded/7.0 2017q4/bin/../lib/gcc/arm-none-eabi/7.2.1/../../../../arm-none-eabi/lib/thumb/v7e-m\libg.a(lib_a-strncpy.o)
 .text          0x08013cdc        0x0 c:/chibistudio/tools/gnu tools arm embedded/7.0 2017q4/bin/../lib/gcc/arm-none-eabi/7.2.1/../../../../arm-none-eabi/lib/thumb/v7e-m\libg.a(lib_a-strpbrk.o)
 .text          0x08013cdc        0x0 c:/chibistudio/tools/gnu tools arm embedded/7.0 2017q4/bin/../lib/gcc/arm-none-eabi/7.2.1/../../../../arm-none-eabi/lib/thumb/v7e-m\libg.a(lib_a-strspn.o)
 .text          0x08013cdc        0x0 c:/chibistudio/tools/gnu tools arm embedded/7.0 2017q4/bin/../lib/gcc/arm-none-eabi/7.2.1/../../../../arm-none-eabi/lib/thumb/v7e-m\libg.a(lib_a-strtoul.o)
 .text          0x08013cdc        0x0 c:/chibistudio/tools/gnu tools arm embedded/7.0 2017q4/bin/../lib/gcc/arm-none-eabi/7.2.1/../../../../arm-none-eabi/lib/thumb/v7e-m\libg.a(lib_a-impure.o)
 .text          0x08013cdc        0x0 c:/chibistudio/tools/gnu tools arm embedded/7.0 2017q4/bin/../lib/gcc/arm-none-eabi/7.2.1/../../../../arm-none-eabi/lib/thumb/v7e-m\libg.a(lib_a-locale.o)
 .text          0x08013cdc        0x0 c:/chibistudio/tools/gnu tools arm embedded/7.0 2017q4/bin/../lib/gcc/arm-none-eabi/7.2.1/../../../../arm-none-eabi/lib/thumb/v7e-m\libg.a(lib_a-mbtowc_r.o)
 .text          0x08013cdc        0x0 c:/chibistudio/tools/gnu tools arm embedded/7.0 2017q4/bin/../lib/gcc/arm-none-eabi/7.2.1/../../../../arm-none-eabi/lib/thumb/v7e-m\libg.a(lib_a-wctomb_r.o)
 .text          0x08013cdc        0x0 c:/chibistudio/tools/gnu tools arm embedded/7.0 2017q4/bin/../lib/gcc/arm-none-eabi/7.2.1/../../../../arm-none-eabi/lib/thumb/v7e-m\libg.a(lib_a-ctype_.o)
 *(.text.*)
 .text.memset   0x08013cdc       0x94 c:/chibistudio/tools/gnu tools arm embedded/7.0 2017q4/bin/../lib/gcc/arm-none-eabi/7.2.1/../../../../arm-none-eabi/lib/thumb/v7e-m\libg.a(lib_a-memset.o)
                0x08013cdc                memset
 .text.strcat   0x08013d70       0x40 c:/chibistudio/tools/gnu tools arm embedded/7.0 2017q4/bin/../lib/gcc/arm-none-eabi/7.2.1/../../../../arm-none-eabi/lib/thumb/v7e-m\libg.a(lib_a-strcat.o)
                0x08013d70                strcat
 .text.strchr   0x08013db0       0xe8 c:/chibistudio/tools/gnu tools arm embedded/7.0 2017q4/bin/../lib/gcc/arm-none-eabi/7.2.1/../../../../arm-none-eabi/lib/thumb/v7e-m\libg.a(lib_a-strchr.o)
                0x08013db0                strchr
 .text.strcpy   0x08013e98       0xbc c:/chibistudio/tools/gnu tools arm embedded/7.0 2017q4/bin/../lib/gcc/arm-none-eabi/7.2.1/../../../../arm-none-eabi/lib/thumb/v7e-m\libg.a(lib_a-strcpy.o)
                0x08013e98                strcpy
 .text.strncmp  0x08013f54       0x98 c:/chibistudio/tools/gnu tools arm embedded/7.0 2017q4/bin/../lib/gcc/arm-none-eabi/7.2.1/../../../../arm-none-eabi/lib/thumb/v7e-m\libg.a(lib_a-strncmp.o)
                0x08013f54                strncmp
 .text.strncpy  0x08013fec       0x64 c:/chibistudio/tools/gnu tools arm embedded/7.0 2017q4/bin/../lib/gcc/arm-none-eabi/7.2.1/../../../../arm-none-eabi/lib/thumb/v7e-m\libg.a(lib_a-strncpy.o)
                0x08013fec                strncpy
 .text.strpbrk  0x08014050       0x44 c:/chibistudio/tools/gnu tools arm embedded/7.0 2017q4/bin/../lib/gcc/arm-none-eabi/7.2.1/../../../../arm-none-eabi/lib/thumb/v7e-m\libg.a(lib_a-strpbrk.o)
                0x08014050                strpbrk
 .text.strspn   0x08014094       0x34 c:/chibistudio/tools/gnu tools arm embedded/7.0 2017q4/bin/../lib/gcc/arm-none-eabi/7.2.1/../../../../arm-none-eabi/lib/thumb/v7e-m\libg.a(lib_a-strspn.o)
                0x08014094                strspn
 .text._strtoul_l.isra.0
                0x080140c8      0x14c c:/chibistudio/tools/gnu tools arm embedded/7.0 2017q4/bin/../lib/gcc/arm-none-eabi/7.2.1/../../../../arm-none-eabi/lib/thumb/v7e-m\libg.a(lib_a-strtoul.o)
 .text._strtoul_r
                0x08014214       0x24 c:/chibistudio/tools/gnu tools arm embedded/7.0 2017q4/bin/../lib/gcc/arm-none-eabi/7.2.1/../../../../arm-none-eabi/lib/thumb/v7e-m\libg.a(lib_a-strtoul.o)
                0x08014214                _strtoul_r
 .text.strtoul_l
                0x08014238       0x20 c:/chibistudio/tools/gnu tools arm embedded/7.0 2017q4/bin/../lib/gcc/arm-none-eabi/7.2.1/../../../../arm-none-eabi/lib/thumb/v7e-m\libg.a(lib_a-strtoul.o)
                0x08014238                strtoul_l
 .text.strtoul  0x08014258       0x2c c:/chibistudio/tools/gnu tools arm embedded/7.0 2017q4/bin/../lib/gcc/arm-none-eabi/7.2.1/../../../../arm-none-eabi/lib/thumb/v7e-m\libg.a(lib_a-strtoul.o)
                0x08014258                strtoul
 .text._setlocale_r
                0x08014284       0x40 c:/chibistudio/tools/gnu tools arm embedded/7.0 2017q4/bin/../lib/gcc/arm-none-eabi/7.2.1/../../../../arm-none-eabi/lib/thumb/v7e-m\libg.a(lib_a-locale.o)
                0x08014284                _setlocale_r
 .text.__locale_mb_cur_max
                0x080142c4       0x1c c:/chibistudio/tools/gnu tools arm embedded/7.0 2017q4/bin/../lib/gcc/arm-none-eabi/7.2.1/../../../../arm-none-eabi/lib/thumb/v7e-m\libg.a(lib_a-locale.o)
                0x080142c4                __locale_mb_cur_max
 .text.__locale_ctype_ptr_l
                0x080142e0        0x8 c:/chibistudio/tools/gnu tools arm embedded/7.0 2017q4/bin/../lib/gcc/arm-none-eabi/7.2.1/../../../../arm-none-eabi/lib/thumb/v7e-m\libg.a(lib_a-locale.o)
                0x080142e0                __locale_ctype_ptr_l
 .text.__locale_ctype_ptr
                0x080142e8       0x1c c:/chibistudio/tools/gnu tools arm embedded/7.0 2017q4/bin/../lib/gcc/arm-none-eabi/7.2.1/../../../../arm-none-eabi/lib/thumb/v7e-m\libg.a(lib_a-locale.o)
                0x080142e8                __locale_ctype_ptr
 .text.setlocale
                0x08014304       0x10 c:/chibistudio/tools/gnu tools arm embedded/7.0 2017q4/bin/../lib/gcc/arm-none-eabi/7.2.1/../../../../arm-none-eabi/lib/thumb/v7e-m\libg.a(lib_a-locale.o)
                0x08014304                setlocale
 .text._mbtowc_r
                0x08014314       0x24 c:/chibistudio/tools/gnu tools arm embedded/7.0 2017q4/bin/../lib/gcc/arm-none-eabi/7.2.1/../../../../arm-none-eabi/lib/thumb/v7e-m\libg.a(lib_a-mbtowc_r.o)
                0x08014314                _mbtowc_r
 .text.__ascii_mbtowc
                0x08014338       0x2c c:/chibistudio/tools/gnu tools arm embedded/7.0 2017q4/bin/../lib/gcc/arm-none-eabi/7.2.1/../../../../arm-none-eabi/lib/thumb/v7e-m\libg.a(lib_a-mbtowc_r.o)
                0x08014338                __ascii_mbtowc
 .text._wctomb_r
                0x08014364       0x24 c:/chibistudio/tools/gnu tools arm embedded/7.0 2017q4/bin/../lib/gcc/arm-none-eabi/7.2.1/../../../../arm-none-eabi/lib/thumb/v7e-m\libg.a(lib_a-wctomb_r.o)
                0x08014364                _wctomb_r
 .text.__ascii_wctomb
                0x08014388       0x1c c:/chibistudio/tools/gnu tools arm embedded/7.0 2017q4/bin/../lib/gcc/arm-none-eabi/7.2.1/../../../../arm-none-eabi/lib/thumb/v7e-m\libg.a(lib_a-wctomb_r.o)
                0x08014388                __ascii_wctomb
 *(.glue_7t)
 .glue_7t       0x080143a4        0x0 linker stubs
 *(.glue_7)
 .glue_7        0x080143a4        0x0 linker stubs
 *(.gcc*)
                0x080143a4                __text_end = .

.vfp11_veneer   0x080143a4        0x0
 .vfp11_veneer  0x080143a4        0x0 linker stubs

.v4_bx          0x080143a4        0x0
 .v4_bx         0x080143a4        0x0 linker stubs

.iplt           0x080143a4        0x0
 .iplt          0x080143a4        0x0 build/obj/crt0_v7m.o

.rodata         0x080143a4     0x2348
                0x080143a4                __rodata_base__ = .
 *(.rodata)
 .rodata        0x080143a4       0x80 build/obj/crt1.o
 .rodata        0x08014424       0xfc build/obj/board.o
 .rodata        0x08014520       0x27 build/obj/hal_st.o
 *fill*         0x08014547        0x1 
 .rodata        0x08014548       0xdc build/obj/hal_buffers.o
 .rodata        0x08014624       0x3f build/obj/hal_queues.o
 *fill*         0x08014663        0x1 
 .rodata        0x08014664       0xb6 build/obj/hal_mmcsd.o
 *fill*         0x0801471a        0x2 
 .rodata        0x0801471c       0x7b build/obj/hal_gpt.o
 *fill*         0x08014797        0x1 
 .rodata        0x08014798       0x82 build/obj/hal_i2c.o
 *fill*         0x0801481a        0x2 
 .rodata        0x0801481c       0x34 build/obj/hal_pal.o
 .rodata        0x08014850       0x4c build/obj/hal_rtc.o
 .rodata        0x0801489c       0xe5 build/obj/hal_sdc.o
 *fill*         0x08014981        0x3 
 .rodata        0x08014984       0x6b build/obj/hal_serial.o
 *fill*         0x080149ef        0x1 
 .rodata        0x080149f0       0xde build/obj/hal_spi.o
 *fill*         0x08014ace        0x2 
 .rodata        0x08014ad0       0x5b build/obj/hal_eeprom.o
 *fill*         0x08014b2b        0x1 
 .rodata        0x08014b2c       0x64 build/obj/hal_ee24xx.o
 .rodata        0x08014b90       0x1d build/obj/nvic.o
 *fill*         0x08014bad        0x3 
 .rodata        0x08014bb0       0x39 build/obj/stm32_isr.o
 *fill*         0x08014be9        0x3 
 .rodata        0x08014bec      0x1ab build/obj/stm32_dma.o
                0x08014cac                _stm32_dma_streams
 *fill*         0x08014d97        0x1 
 .rodata        0x08014d98       0x1e build/obj/stm32_exti.o
 *fill*         0x08014db6        0x2 
 .rodata        0x08014db8       0x31 build/obj/hal_pal_lld.o
 *fill*         0x08014de9        0x3 
 .rodata        0x08014dec       0x48 build/obj/hal_i2c_lld.o
 .rodata        0x08014e34       0x4e build/obj/hal_rtc_lld.o
 *fill*         0x08014e82        0x2 
 .rodata        0x08014e84       0x58 build/obj/hal_spi_lld.o
 .rodata        0x08014edc       0x7a build/obj/hal_sdc_lld.o
 *fill*         0x08014f56        0x2 
 .rodata        0x08014f58        0x9 build/obj/hal_st_lld.o
 *fill*         0x08014f61        0x3 
 .rodata        0x08014f64       0x1a build/obj/hal_gpt_lld.o
 *fill*         0x08014f7e        0x2 
 .rodata        0x08014f80       0x30 build/obj/hal_serial_lld.o
 .rodata        0x08014fb0       0x3c build/obj/chsys.o
 .rodata        0x08014fec        0xc build/obj/chtrace.o
 .rodata        0x08014ff8       0x27 build/obj/chvt.o
 *fill*         0x0801501f        0x1 
 .rodata        0x08015020       0x2d build/obj/chschd.o
 *fill*         0x0801504d        0x3 
 .rodata        0x08015050      0x118 build/obj/chthreads.o
 .rodata        0x08015168       0x32 build/obj/chregistry.o
                0x08015184                ch_debug
 *fill*         0x0801519a        0x2 
 .rodata        0x0801519c       0x88 build/obj/chsem.o
 .rodata        0x08015224       0x51 build/obj/chmtx.o
 *fill*         0x08015275        0x3 
 .rodata        0x08015278       0x73 build/obj/chcond.o
 *fill*         0x080152eb        0x1 
 .rodata        0x080152ec       0x7a build/obj/chevents.o
 *fill*         0x08015366        0x2 
 .rodata        0x08015368       0x25 build/obj/chmsg.o
 *fill*         0x0801538d        0x3 
 .rodata        0x08015390       0x26 build/obj/chdynamic.o
 *fill*         0x080153b6        0x2 
 .rodata        0x080153b8       0x8f build/obj/chmboxes.o
 *fill*         0x08015447        0x1 
 .rodata        0x08015448       0x2c build/obj/chmemcore.o
 .rodata        0x08015474       0x33 build/obj/chmemheaps.o
 *fill*         0x080154a7        0x1 
 .rodata        0x080154a8       0x67 build/obj/chmempools.o
 *fill*         0x0801550f        0x1 
 .rodata        0x08015510       0x52 build/obj/chpipes.o
 *fill*         0x08015562        0x2 
 .rodata        0x08015564       0x88 build/obj/chfactory.o
 .rodata        0x080155ec       0x14 build/obj/memstreams.o
 .rodata        0x08015600       0x14 build/obj/nullstreams.o
 .rodata        0x08015614       0x84 build/obj/shell_cmd.o
                0x08015660                shell_local_commands
 .rodata        0x08015698       0x90 build/obj/ff.o
 .rodata        0x08015728      0x3ae build/obj/ffunicode.o
 *fill*         0x08015ad6        0x2 
 .rodata        0x08015ad8        0x8 build/obj/syscalls.o
 .rodata        0x08015ae0       0xbc build/obj/main.o
                0x08015b08                mcp_cfg
                0x08015b28                FIR_coeffs
                0x08015b78                ads1282ADC_spicfg
                0x08015b94                target_sps
                0x08015b96                FIR_length
                0x08015b98                FIR_coeffs_sum
 .rodata        0x08015b9c        0xc build/obj/xbee.o
 *(.rodata.*)
 .rodata.str1.4
                0x08015ba8        0xc build/obj/hal_i2c_lld.o
 .rodata.str1.4
                0x08015bb4        0xc build/obj/hal_spi_lld.o
 .rodata.str1.4
                0x08015bb4        0x5 build/obj/chsys.o
 *fill*         0x08015bb9        0x3 
 .rodata.str1.4
                0x08015bbc       0x56 build/obj/chdebug.o
 *fill*         0x08015c12        0x2 
 .rodata.str1.4
                0x08015c14        0xf build/obj/chschd.o
 *fill*         0x08015c23        0x1 
 .rodata.str1.4
                0x08015c24        0x7 build/obj/chthreads.o
 *fill*         0x08015c2b        0x1 
 .rodata.str1.4
                0x08015c2c        0x7 build/obj/chprintf.o
 *fill*         0x08015c33        0x1 
 .rodata.str1.4
                0x08015c34       0x75 build/obj/shell.o
                                 0x79 (size before relaxing)
 *fill*         0x08015ca9        0x3 
 .rodata.str1.4
                0x08015cac      0x335 build/obj/shell_cmd.o
                                0x345 (size before relaxing)
 *fill*         0x08015fe1        0x3 
 .rodata.str1.4
                0x08015fe4       0x2b build/obj/ff.o
 *fill*         0x0801600f        0x1 
 .rodata.str1.4
                0x08016010      0x560 build/obj/main.o
                                0x564 (size before relaxing)
 .rodata.str1.4
                0x08016570       0x64 build/obj/xbee.o
 .rodata._global_impure_ptr
                0x080165d4        0x4 c:/chibistudio/tools/gnu tools arm embedded/7.0 2017q4/bin/../lib/gcc/arm-none-eabi/7.2.1/../../../../arm-none-eabi/lib/thumb/v7e-m\libg.a(lib_a-impure.o)
                0x080165d4                _global_impure_ptr
 .rodata._setlocale_r.str1.4
                0x080165d8        0xa c:/chibistudio/tools/gnu tools arm embedded/7.0 2017q4/bin/../lib/gcc/arm-none-eabi/7.2.1/../../../../arm-none-eabi/lib/thumb/v7e-m\libg.a(lib_a-locale.o)
                                  0xd (size before relaxing)
 *fill*         0x080165e2        0x2 
 .rodata.str1.4
                0x080165e4        0x4 c:/chibistudio/tools/gnu tools arm embedded/7.0 2017q4/bin/../lib/gcc/arm-none-eabi/7.2.1/../../../../arm-none-eabi/lib/thumb/v7e-m\libg.a(lib_a-locale.o)
                                  0x2 (size before relaxing)
 .rodata._ctype_
                0x080165e8      0x101 c:/chibistudio/tools/gnu tools arm embedded/7.0 2017q4/bin/../lib/gcc/arm-none-eabi/7.2.1/../../../../arm-none-eabi/lib/thumb/v7e-m\libg.a(lib_a-ctype_.o)
                0x080165e8                _ctype_
                0x080166ec                . = ALIGN (0x4)
 *fill*         0x080166e9        0x3 
                0x080166ec                __rodata_end__ = .

.ARM.extab      0x080166ec        0x0
 *(.ARM.extab* .gnu.linkonce.armextab.*)
 .ARM.extab     0x080166ec        0x0 c:/chibistudio/tools/gnu tools arm embedded/7.0 2017q4/bin/../lib/gcc/arm-none-eabi/7.2.1/thumb/v7e-m\libgcc.a(_udivmoddi4.o)

.ARM.exidx      0x080166ec        0x8
                0x080166ec                __exidx_start = .
 *(.ARM.exidx* .gnu.linkonce.armexidx.*)
 .ARM.exidx     0x080166ec        0x8 c:/chibistudio/tools/gnu tools arm embedded/7.0 2017q4/bin/../lib/gcc/arm-none-eabi/7.2.1/thumb/v7e-m\libgcc.a(_udivmoddi4.o)
                0x080166f4                __exidx_end = .

.rel.dyn        0x080166f4        0x0
 .rel.iplt      0x080166f4        0x0 build/obj/crt0_v7m.o

.eh_frame_hdr
 *(.eh_frame_hdr)

.eh_frame
 *(.eh_frame)

.data           0x20001a00      0x614 load address 0x080166f4
                [!provide]                PROVIDE (_textdata, LOADADDR (.data))
                [!provide]                PROVIDE (_data, .)
                0x080166f4                _textdata_start = LOADADDR (.data)
                0x20001a00                _data_start = .
 *(.data)
 .data          0x20001a00        0x0 build/obj/crt0_v7m.o
 .data          0x20001a00        0x0 build/obj/vectors.o
 .data          0x20001a00        0x0 build/obj/chcoreasm_v7m.o
 .data          0x20001a00        0x0 build/obj/crt1.o
 .data          0x20001a00        0x0 build/obj/board.o
 .data          0x20001a00        0x0 build/obj/osal.o
 .data          0x20001a00        0x0 build/obj/hal.o
 .data          0x20001a00        0x0 build/obj/hal_st.o
 .data          0x20001a00        0x0 build/obj/hal_buffers.o
 .data          0x20001a00        0x0 build/obj/hal_queues.o
 .data          0x20001a00        0x0 build/obj/hal_mmcsd.o
 .data          0x20001a00        0x0 build/obj/hal_gpt.o
 .data          0x20001a00        0x0 build/obj/hal_i2c.o
 .data          0x20001a00        0x0 build/obj/hal_pal.o
 .data          0x20001a00        0x0 build/obj/hal_rtc.o
 .data          0x20001a00        0x0 build/obj/hal_sdc.o
 .data          0x20001a00        0x0 build/obj/hal_serial.o
 .data          0x20001a00        0x0 build/obj/hal_spi.o
 .data          0x20001a00        0x0 build/obj/hal_community.o
 .data          0x20001a00        0x4 build/obj/hal_eeprom.o
                0x20001a00                __eeprom_drv_table
 .data          0x20001a04        0x8 build/obj/hal_ee24xx.o
                0x20001a04                eepdev_24xx
 .data          0x20001a0c        0x0 build/obj/nvic.o
 .data          0x20001a0c        0x0 build/obj/stm32_isr.o
 .data          0x20001a0c        0x4 build/obj/hal_lld.o
                0x20001a0c                SystemCoreClock
 .data          0x20001a10        0x0 build/obj/stm32_dma.o
 .data          0x20001a10        0x0 build/obj/stm32_exti.o
 .data          0x20001a10        0x0 build/obj/hal_pal_lld.o
 .data          0x20001a10        0x0 build/obj/hal_i2c_lld.o
 .data          0x20001a10       0x10 build/obj/hal_rtc_lld.o
                0x20001a10                _rtc_lld_vmt
 .data          0x20001a20        0x0 build/obj/hal_spi_lld.o
 .data          0x20001a20        0x0 build/obj/hal_sdc_lld.o
 .data          0x20001a20        0x0 build/obj/hal_st_lld.o
 .data          0x20001a20        0x0 build/obj/hal_gpt_lld.o
 .data          0x20001a20        0x0 build/obj/hal_serial_lld.o
 .data          0x20001a20        0x0 build/obj/hal_stm32_dma2d.o
 .data          0x20001a20        0x0 build/obj/hal_stm32_ltdc.o
 .data          0x20001a20        0x0 build/obj/chsys.o
 .data          0x20001a20        0x0 build/obj/chdebug.o
 .data          0x20001a20        0x0 build/obj/chtrace.o
 .data          0x20001a20        0x0 build/obj/chvt.o
 .data          0x20001a20        0x0 build/obj/chschd.o
 .data          0x20001a20        0x0 build/obj/chthreads.o
 .data          0x20001a20        0x0 build/obj/chtm.o
 .data          0x20001a20        0x0 build/obj/chstats.o
 .data          0x20001a20        0x0 build/obj/chregistry.o
 .data          0x20001a20        0x0 build/obj/chsem.o
 .data          0x20001a20        0x0 build/obj/chmtx.o
 .data          0x20001a20        0x0 build/obj/chcond.o
 .data          0x20001a20        0x0 build/obj/chevents.o
 .data          0x20001a20        0x0 build/obj/chmsg.o
 .data          0x20001a20        0x0 build/obj/chdynamic.o
 .data          0x20001a20        0x0 build/obj/chmboxes.o
 .data          0x20001a20        0x0 build/obj/chmemcore.o
 .data          0x20001a20        0x0 build/obj/chmemheaps.o
 .data          0x20001a20        0x0 build/obj/chmempools.o
 .data          0x20001a20        0x0 build/obj/chpipes.o
 .data          0x20001a20        0x0 build/obj/chfactory.o
 .data          0x20001a20        0x0 build/obj/chcore.o
 .data          0x20001a20        0x0 build/obj/chcore_v7m.o
 .data          0x20001a20        0x0 build/obj/chprintf.o
 .data          0x20001a20        0x0 build/obj/memstreams.o
 .data          0x20001a20        0x0 build/obj/nullstreams.o
 .data          0x20001a20        0x0 build/obj/shell.o
 .data          0x20001a20        0x0 build/obj/shell_cmd.o
 .data          0x20001a20        0x0 build/obj/fatfs_diskio.o
 .data          0x20001a20        0x0 build/obj/fatfs_syscall.o
 .data          0x20001a20        0x0 build/obj/ff.o
 .data          0x20001a20        0x0 build/obj/ffunicode.o
 .data          0x20001a20        0x0 build/obj/syscalls.o
 .data          0x20001a20       0x4c build/obj/main.o
                0x20001a20                glbl_s_index
                0x20001a24                gpt_new_target
                0x20001a48                glbl_last_s_index
                0x20001a4c                adcLatency
                0x20001a50                data_filename
                0x20001a5c                auto_gain_flag
                0x20001a60                eeprom_i2ccfg
 .data          0x20001a6c        0x0 build/obj/GPS.o
 .data          0x20001a6c        0xc build/obj/mcp23017.o
                0x20001a6c                mcp23017_i2ccfg
 .data          0x20001a78        0x0 build/obj/xbee.o
 .data          0x20001a78        0x0 c:/chibistudio/tools/gnu tools arm embedded/7.0 2017q4/bin/../lib/gcc/arm-none-eabi/7.2.1/thumb/v7e-m\libgcc.a(_aeabi_ldivmod.o)
 .data          0x20001a78        0x0 c:/chibistudio/tools/gnu tools arm embedded/7.0 2017q4/bin/../lib/gcc/arm-none-eabi/7.2.1/thumb/v7e-m\libgcc.a(_aeabi_uldivmod.o)
 .data          0x20001a78        0x0 c:/chibistudio/tools/gnu tools arm embedded/7.0 2017q4/bin/../lib/gcc/arm-none-eabi/7.2.1/thumb/v7e-m\libgcc.a(_udivmoddi4.o)
 .data          0x20001a78        0x0 c:/chibistudio/tools/gnu tools arm embedded/7.0 2017q4/bin/../lib/gcc/arm-none-eabi/7.2.1/thumb/v7e-m\libgcc.a(_dvmd_tls.o)
 .data          0x20001a78        0x0 c:/chibistudio/tools/gnu tools arm embedded/7.0 2017q4/bin/../lib/gcc/arm-none-eabi/7.2.1/../../../../arm-none-eabi/lib/thumb/v7e-m\libg.a(lib_a-memcpy.o)
 .data          0x20001a78        0x0 c:/chibistudio/tools/gnu tools arm embedded/7.0 2017q4/bin/../lib/gcc/arm-none-eabi/7.2.1/../../../../arm-none-eabi/lib/thumb/v7e-m\libg.a(lib_a-memset.o)
 .data          0x20001a78        0x0 c:/chibistudio/tools/gnu tools arm embedded/7.0 2017q4/bin/../lib/gcc/arm-none-eabi/7.2.1/../../../../arm-none-eabi/lib/thumb/v7e-m\libg.a(lib_a-strcat.o)
 .data          0x20001a78        0x0 c:/chibistudio/tools/gnu tools arm embedded/7.0 2017q4/bin/../lib/gcc/arm-none-eabi/7.2.1/../../../../arm-none-eabi/lib/thumb/v7e-m\libg.a(lib_a-strchr.o)
 .data          0x20001a78        0x0 c:/chibistudio/tools/gnu tools arm embedded/7.0 2017q4/bin/../lib/gcc/arm-none-eabi/7.2.1/../../../../arm-none-eabi/lib/thumb/v7e-m\libg.a(lib_a-strcmp.o)
 .data          0x20001a78        0x0 c:/chibistudio/tools/gnu tools arm embedded/7.0 2017q4/bin/../lib/gcc/arm-none-eabi/7.2.1/../../../../arm-none-eabi/lib/thumb/v7e-m\libg.a(lib_a-strcpy.o)
 .data          0x20001a78        0x0 c:/chibistudio/tools/gnu tools arm embedded/7.0 2017q4/bin/../lib/gcc/arm-none-eabi/7.2.1/../../../../arm-none-eabi/lib/thumb/v7e-m\libg.a(lib_a-strlen.o)
 .data          0x20001a78        0x0 c:/chibistudio/tools/gnu tools arm embedded/7.0 2017q4/bin/../lib/gcc/arm-none-eabi/7.2.1/../../../../arm-none-eabi/lib/thumb/v7e-m\libg.a(lib_a-strncmp.o)
 .data          0x20001a78        0x0 c:/chibistudio/tools/gnu tools arm embedded/7.0 2017q4/bin/../lib/gcc/arm-none-eabi/7.2.1/../../../../arm-none-eabi/lib/thumb/v7e-m\libg.a(lib_a-strncpy.o)
 .data          0x20001a78        0x0 c:/chibistudio/tools/gnu tools arm embedded/7.0 2017q4/bin/../lib/gcc/arm-none-eabi/7.2.1/../../../../arm-none-eabi/lib/thumb/v7e-m\libg.a(lib_a-strpbrk.o)
 .data          0x20001a78        0x0 c:/chibistudio/tools/gnu tools arm embedded/7.0 2017q4/bin/../lib/gcc/arm-none-eabi/7.2.1/../../../../arm-none-eabi/lib/thumb/v7e-m\libg.a(lib_a-strspn.o)
 .data          0x20001a78        0x0 c:/chibistudio/tools/gnu tools arm embedded/7.0 2017q4/bin/../lib/gcc/arm-none-eabi/7.2.1/../../../../arm-none-eabi/lib/thumb/v7e-m\libg.a(lib_a-strtoul.o)
 .data          0x20001a78        0x0 c:/chibistudio/tools/gnu tools arm embedded/7.0 2017q4/bin/../lib/gcc/arm-none-eabi/7.2.1/../../../../arm-none-eabi/lib/thumb/v7e-m\libg.a(lib_a-impure.o)
 .data          0x20001a78        0x0 c:/chibistudio/tools/gnu tools arm embedded/7.0 2017q4/bin/../lib/gcc/arm-none-eabi/7.2.1/../../../../arm-none-eabi/lib/thumb/v7e-m\libg.a(lib_a-locale.o)
 .data          0x20001a78        0x0 c:/chibistudio/tools/gnu tools arm embedded/7.0 2017q4/bin/../lib/gcc/arm-none-eabi/7.2.1/../../../../arm-none-eabi/lib/thumb/v7e-m\libg.a(lib_a-mbtowc_r.o)
 .data          0x20001a78        0x0 c:/chibistudio/tools/gnu tools arm embedded/7.0 2017q4/bin/../lib/gcc/arm-none-eabi/7.2.1/../../../../arm-none-eabi/lib/thumb/v7e-m\libg.a(lib_a-wctomb_r.o)
 .data          0x20001a78        0x0 c:/chibistudio/tools/gnu tools arm embedded/7.0 2017q4/bin/../lib/gcc/arm-none-eabi/7.2.1/../../../../arm-none-eabi/lib/thumb/v7e-m\libg.a(lib_a-ctype_.o)
 *(.data.*)
 .data._impure_ptr
                0x20001a78        0x4 c:/chibistudio/tools/gnu tools arm embedded/7.0 2017q4/bin/../lib/gcc/arm-none-eabi/7.2.1/../../../../arm-none-eabi/lib/thumb/v7e-m\libg.a(lib_a-impure.o)
                0x20001a78                _impure_ptr
 *fill*         0x20001a7c        0x4 
 .data.impure_data
                0x20001a80      0x428 c:/chibistudio/tools/gnu tools arm embedded/7.0 2017q4/bin/../lib/gcc/arm-none-eabi/7.2.1/../../../../arm-none-eabi/lib/thumb/v7e-m\libg.a(lib_a-impure.o)
 .data.__global_locale
                0x20001ea8      0x16c c:/chibistudio/tools/gnu tools arm embedded/7.0 2017q4/bin/../lib/gcc/arm-none-eabi/7.2.1/../../../../arm-none-eabi/lib/thumb/v7e-m\libg.a(lib_a-locale.o)
                0x20001ea8                __global_locale
 *(.ramtext)
                0x20002014                . = ALIGN (0x4)
                [!provide]                PROVIDE (_edata, .)
                0x20002014                _data_end = .

.igot.plt       0x20002014        0x0 load address 0x08016d08
 .igot.plt      0x20002014        0x0 build/obj/crt0_v7m.o

.bss            0x20002018     0xe07c load address 0x08016d08
                0x20002018                _bss_start = .
 *(.bss)
 .bss           0x20002018        0x0 build/obj/crt0_v7m.o
 .bss           0x20002018        0x0 build/obj/vectors.o
 .bss           0x20002018        0x0 build/obj/chcoreasm_v7m.o
 .bss           0x20002018        0x0 build/obj/crt1.o
 .bss           0x20002018        0x1 build/obj/board.o
 .bss           0x20002019        0x0 build/obj/osal.o
 .bss           0x20002019        0x0 build/obj/hal.o
 .bss           0x20002019        0x0 build/obj/hal_st.o
 .bss           0x20002019        0x0 build/obj/hal_buffers.o
 .bss           0x20002019        0x0 build/obj/hal_queues.o
 .bss           0x20002019        0x0 build/obj/hal_mmcsd.o
 .bss           0x20002019        0x0 build/obj/hal_gpt.o
 .bss           0x20002019        0x0 build/obj/hal_i2c.o
 .bss           0x20002019        0x0 build/obj/hal_pal.o
 .bss           0x20002019        0x0 build/obj/hal_rtc.o
 .bss           0x20002019        0x0 build/obj/hal_sdc.o
 .bss           0x20002019        0x0 build/obj/hal_serial.o
 .bss           0x20002019        0x0 build/obj/hal_spi.o
 .bss           0x20002019        0x0 build/obj/hal_community.o
 .bss           0x20002019        0x0 build/obj/hal_eeprom.o
 .bss           0x20002019        0x0 build/obj/hal_ee24xx.o
 .bss           0x20002019        0x0 build/obj/nvic.o
 .bss           0x20002019        0x0 build/obj/stm32_isr.o
 .bss           0x20002019        0x0 build/obj/hal_lld.o
 *fill*         0x20002019        0x3 
 .bss           0x2000201c       0x84 build/obj/stm32_dma.o
 .bss           0x200020a0        0x0 build/obj/stm32_exti.o
 .bss           0x200020a0        0x0 build/obj/hal_pal_lld.o
 .bss           0x200020a0        0x0 build/obj/hal_i2c_lld.o
 .bss           0x200020a0        0x0 build/obj/hal_rtc_lld.o
 .bss           0x200020a0        0x2 build/obj/hal_spi_lld.o
 *fill*         0x200020a2        0x2 
 .bss           0x200020a4      0x200 build/obj/hal_sdc_lld.o
 .bss           0x200022a4        0x0 build/obj/hal_st_lld.o
 .bss           0x200022a4        0x0 build/obj/hal_gpt_lld.o
 .bss           0x200022a4        0x0 build/obj/hal_serial_lld.o
 .bss           0x200022a4        0x0 build/obj/hal_stm32_dma2d.o
 .bss           0x200022a4        0x0 build/obj/hal_stm32_ltdc.o
 .bss           0x200022a4        0x0 build/obj/chsys.o
 .bss           0x200022a4        0x0 build/obj/chdebug.o
 .bss           0x200022a4        0x0 build/obj/chtrace.o
 .bss           0x200022a4        0x0 build/obj/chvt.o
 .bss           0x200022a4        0x0 build/obj/chschd.o
 .bss           0x200022a4        0x0 build/obj/chthreads.o
 .bss           0x200022a4        0x0 build/obj/chtm.o
 .bss           0x200022a4        0x0 build/obj/chstats.o
 .bss           0x200022a4        0x0 build/obj/chregistry.o
 .bss           0x200022a4        0x0 build/obj/chsem.o
 .bss           0x200022a4        0x0 build/obj/chmtx.o
 .bss           0x200022a4        0x0 build/obj/chcond.o
 .bss           0x200022a4        0x0 build/obj/chevents.o
 .bss           0x200022a4        0x0 build/obj/chmsg.o
 .bss           0x200022a4        0x0 build/obj/chdynamic.o
 .bss           0x200022a4        0x0 build/obj/chmboxes.o
 .bss           0x200022a4        0x0 build/obj/chmemcore.o
 .bss           0x200022a4       0x1c build/obj/chmemheaps.o
 .bss           0x200022c0        0x0 build/obj/chmempools.o
 .bss           0x200022c0        0x0 build/obj/chpipes.o
 .bss           0x200022c0        0x0 build/obj/chfactory.o
 .bss           0x200022c0        0x0 build/obj/chcore.o
 .bss           0x200022c0        0x0 build/obj/chcore_v7m.o
 .bss           0x200022c0        0x0 build/obj/chprintf.o
 .bss           0x200022c0        0x0 build/obj/memstreams.o
 .bss           0x200022c0        0x0 build/obj/nullstreams.o
 .bss           0x200022c0        0x0 build/obj/shell.o
 .bss           0x200022c0        0x0 build/obj/shell_cmd.o
 .bss           0x200022c0        0x0 build/obj/fatfs_diskio.o
 .bss           0x200022c0        0x0 build/obj/fatfs_syscall.o
 .bss           0x200022c0        0x6 build/obj/ff.o
 .bss           0x200022c6        0x0 build/obj/ffunicode.o
 .bss           0x200022c6        0x0 build/obj/syscalls.o
 *fill*         0x200022c6        0x2 
 .bss           0x200022c8     0x1e11 build/obj/main.o
                0x200022c8                gpt_started
                0x200022cc                gpt_error
                0x200022d0                node_state
                0x200022d1                logging_state
                0x20002321                relay_state
                0x20002324                glbl_pps_cnt
                0x20002328                raw_sample_end
                0x2000232c                adc_last_pps_cnt
                0x20002330                raw_sample_start
                0x20002334                raw_buff_overflow
                0x20002336                fir_head_index
                0x20002338                raw_min_val
                0x2000233c                raw_max_val
                0x20002340                pendsv_last_s_index
                0x20002344                pendsv_skipped_s_index
                0x20002348                cur_sample_num
                0x20002350                last_val
                0x20002358                last_cnt
                0x20002360                missed_adc_flag
                0x20002361                enable_spi_cb
                0x20002362                msg_flag
                0x20002363                gain_setting
                0x20002a9c                logger_pos
                0x20002aa0                buff_free_size
                0x20002aa4                data_end_pos
                0x20002aa8                max_latency
                0x20002b2c                battery_soc
                0x20002b30                rdy_btn_cnt
                0x20002b34                rdy_btn_state
                0x20002b38                pwr_btn_cnt
                0x20002b3c                pwr_btn_state
                0x20002b3d                pps_lock
                0x20003ec8                error_flag
                0x20003ec9                filtered_buffer_end_pos
                0x20003eca                coef_index
                0x20003ecc                adc_last_s_index_flag
                0x20003ecd                global_last_pps
                0x20003ed0                gpt_last_error
                0x20003ed4                gpt_synced
                0x20003ed6                adc_last_s_index
                0x200040d8                s_index_flag
 *fill*         0x200040d9        0x1 
 .bss           0x200040da        0x2 build/obj/GPS.o
                0x200040da                tmp_buffer_index
 .bss           0x200040dc        0x0 build/obj/mcp23017.o
 .bss           0x200040dc      0x4a8 build/obj/xbee.o
                0x20004578                lastXB_CMD_mS
                0x2000457c                lastXB_RX_mS
                0x20004580                buf_end_pos
                0x20004582                buf_start_pos
 .bss           0x20004584        0x0 c:/chibistudio/tools/gnu tools arm embedded/7.0 2017q4/bin/../lib/gcc/arm-none-eabi/7.2.1/thumb/v7e-m\libgcc.a(_aeabi_ldivmod.o)
 .bss           0x20004584        0x0 c:/chibistudio/tools/gnu tools arm embedded/7.0 2017q4/bin/../lib/gcc/arm-none-eabi/7.2.1/thumb/v7e-m\libgcc.a(_aeabi_uldivmod.o)
 .bss           0x20004584        0x0 c:/chibistudio/tools/gnu tools arm embedded/7.0 2017q4/bin/../lib/gcc/arm-none-eabi/7.2.1/thumb/v7e-m\libgcc.a(_udivmoddi4.o)
 .bss           0x20004584        0x0 c:/chibistudio/tools/gnu tools arm embedded/7.0 2017q4/bin/../lib/gcc/arm-none-eabi/7.2.1/thumb/v7e-m\libgcc.a(_dvmd_tls.o)
 .bss           0x20004584        0x0 c:/chibistudio/tools/gnu tools arm embedded/7.0 2017q4/bin/../lib/gcc/arm-none-eabi/7.2.1/../../../../arm-none-eabi/lib/thumb/v7e-m\libg.a(lib_a-memcpy.o)
 .bss           0x20004584        0x0 c:/chibistudio/tools/gnu tools arm embedded/7.0 2017q4/bin/../lib/gcc/arm-none-eabi/7.2.1/../../../../arm-none-eabi/lib/thumb/v7e-m\libg.a(lib_a-memset.o)
 .bss           0x20004584        0x0 c:/chibistudio/tools/gnu tools arm embedded/7.0 2017q4/bin/../lib/gcc/arm-none-eabi/7.2.1/../../../../arm-none-eabi/lib/thumb/v7e-m\libg.a(lib_a-strcat.o)
 .bss           0x20004584        0x0 c:/chibistudio/tools/gnu tools arm embedded/7.0 2017q4/bin/../lib/gcc/arm-none-eabi/7.2.1/../../../../arm-none-eabi/lib/thumb/v7e-m\libg.a(lib_a-strchr.o)
 .bss           0x20004584        0x0 c:/chibistudio/tools/gnu tools arm embedded/7.0 2017q4/bin/../lib/gcc/arm-none-eabi/7.2.1/../../../../arm-none-eabi/lib/thumb/v7e-m\libg.a(lib_a-strcmp.o)
 .bss           0x20004584        0x0 c:/chibistudio/tools/gnu tools arm embedded/7.0 2017q4/bin/../lib/gcc/arm-none-eabi/7.2.1/../../../../arm-none-eabi/lib/thumb/v7e-m\libg.a(lib_a-strcpy.o)
 .bss           0x20004584        0x0 c:/chibistudio/tools/gnu tools arm embedded/7.0 2017q4/bin/../lib/gcc/arm-none-eabi/7.2.1/../../../../arm-none-eabi/lib/thumb/v7e-m\libg.a(lib_a-strlen.o)
 .bss           0x20004584        0x0 c:/chibistudio/tools/gnu tools arm embedded/7.0 2017q4/bin/../lib/gcc/arm-none-eabi/7.2.1/../../../../arm-none-eabi/lib/thumb/v7e-m\libg.a(lib_a-strncmp.o)
 .bss           0x20004584        0x0 c:/chibistudio/tools/gnu tools arm embedded/7.0 2017q4/bin/../lib/gcc/arm-none-eabi/7.2.1/../../../../arm-none-eabi/lib/thumb/v7e-m\libg.a(lib_a-strncpy.o)
 .bss           0x20004584        0x0 c:/chibistudio/tools/gnu tools arm embedded/7.0 2017q4/bin/../lib/gcc/arm-none-eabi/7.2.1/../../../../arm-none-eabi/lib/thumb/v7e-m\libg.a(lib_a-strpbrk.o)
 .bss           0x20004584        0x0 c:/chibistudio/tools/gnu tools arm embedded/7.0 2017q4/bin/../lib/gcc/arm-none-eabi/7.2.1/../../../../arm-none-eabi/lib/thumb/v7e-m\libg.a(lib_a-strspn.o)
 .bss           0x20004584        0x0 c:/chibistudio/tools/gnu tools arm embedded/7.0 2017q4/bin/../lib/gcc/arm-none-eabi/7.2.1/../../../../arm-none-eabi/lib/thumb/v7e-m\libg.a(lib_a-strtoul.o)
 .bss           0x20004584        0x0 c:/chibistudio/tools/gnu tools arm embedded/7.0 2017q4/bin/../lib/gcc/arm-none-eabi/7.2.1/../../../../arm-none-eabi/lib/thumb/v7e-m\libg.a(lib_a-impure.o)
 .bss           0x20004584        0x0 c:/chibistudio/tools/gnu tools arm embedded/7.0 2017q4/bin/../lib/gcc/arm-none-eabi/7.2.1/../../../../arm-none-eabi/lib/thumb/v7e-m\libg.a(lib_a-locale.o)
 .bss           0x20004584        0x0 c:/chibistudio/tools/gnu tools arm embedded/7.0 2017q4/bin/../lib/gcc/arm-none-eabi/7.2.1/../../../../arm-none-eabi/lib/thumb/v7e-m\libg.a(lib_a-mbtowc_r.o)
 .bss           0x20004584        0x0 c:/chibistudio/tools/gnu tools arm embedded/7.0 2017q4/bin/../lib/gcc/arm-none-eabi/7.2.1/../../../../arm-none-eabi/lib/thumb/v7e-m\libg.a(lib_a-wctomb_r.o)
 .bss           0x20004584        0x0 c:/chibistudio/tools/gnu tools arm embedded/7.0 2017q4/bin/../lib/gcc/arm-none-eabi/7.2.1/../../../../arm-none-eabi/lib/thumb/v7e-m\libg.a(lib_a-ctype_.o)
 *(.bss.*)
 .bss._PathLocale
                0x20004584        0x4 c:/chibistudio/tools/gnu tools arm embedded/7.0 2017q4/bin/../lib/gcc/arm-none-eabi/7.2.1/../../../../arm-none-eabi/lib/thumb/v7e-m\libg.a(lib_a-locale.o)
                0x20004584                _PathLocale
 *(COMMON)
 COMMON         0x20004588      0x100 build/obj/hal_pal_lld.o
                0x20004588                _pal_events
 COMMON         0x20004688       0x38 build/obj/hal_i2c_lld.o
                0x20004688                I2CD1
 COMMON         0x200046c0        0xc build/obj/hal_rtc_lld.o
                0x200046c0                RTCD1
 COMMON         0x200046cc       0x30 build/obj/hal_spi_lld.o
                0x200046cc                SPID1
 COMMON         0x200046fc       0x4c build/obj/hal_sdc_lld.o
                0x200046fc                SDCD1
 COMMON         0x20004748       0x10 build/obj/hal_gpt_lld.o
                0x20004748                GPTD5
 COMMON         0x20004758      0x714 build/obj/hal_serial_lld.o
                0x20004758                SD2
                0x200049b4                SD3
                0x20004c10                SD6
 *fill*         0x20004e6c        0x4 
 COMMON         0x20004e70       0xf8 build/obj/chsys.o
                0x20004e70                ch_idle_thread_wa
 COMMON         0x20004f68      0x8f0 build/obj/chschd.o
                0x20004f68                ch
 COMMON         0x20005858        0x8 build/obj/chmemcore.o
                0x20005858                ch_memcore
 COMMON         0x20005860       0x48 build/obj/chfactory.o
                0x20005860                ch_factory
 COMMON         0x200058a8        0x4 build/obj/shell.o
                0x200058a8                shell_terminated
 *fill*         0x200058ac        0x4 
 COMMON         0x200058b0     0xa3a6 build/obj/main.o
                0x200058b0                byte_index
                0x200058b4                last_pps_time
                0x200058b8                adcBuffer
                0x2000f520                missed_sample_cnt
                0x2000f524                pps_period
                0x2000f528                xbee_stream
                0x2000f52c                gpt_last_target
                0x2000f530                global_GPRMC
                0x2000f594                fir_adc_buffer
                0x2000f60c                tmp_GPS_buffer
                0x2000f670                raw_sample_buffer
                0x2000f8f0                drdy_gpt_cnt
                0x2000f8f4                buffer_overflows
                0x2000f8f8                data_flag
                0x2000f8fc                debug_stream
                0x2000f900                global_LON
                0x2000f904                evtSindex
                0x2000f908                global_GPS_STATUS
                0x2000f90c                tmp_data_value
                0x2000f910                evtPPS
                0x2000f914                eeprom_buffer
                0x2000f998                global_GPGGA
                0x2000f9fc                xbee_mbx
                0x2000fa00                gps_data
                0x2000fa48                tmp_data
                0x2000fa58                fir_cnt_buffer
                0x2000fad0                tx_packet
                0x2000fb30                mem_value
                0x2000fb38                gpt_cnt
                0x2000fb3c                global_LAT
                0x2000fb40                fir_adcValue
                0x2000fb48                fir_sindex_buffer
                0x2000fbc0                data_gpt_cnt
                0x2000fbc4                data_value
                0x2000fbc8                adcValue
                0x2000fbcc                txbuf
                0x2000fbd0                evtGPS
                0x2000fbd4                message_buffer
                0x2000fc38                fir_pps_buffer
 *fill*         0x2000fc56        0x2 
 COMMON         0x2000fc58       0xd8 build/obj/GPS.o
                0x2000fc58                gpsMutex
                0x2000fc68                local_GPGGA
                0x2000fccc                local_GPRMC
 COMMON         0x2000fd30      0x364 build/obj/xbee.o
                0x2000fd30                packet_length
                0x2000fd34                xbee_com_buffer
                0x2000fe34                new_packet
                0x2000fe94                xbee_cmd_buffer
                0x2000ff94                xbee_tx_buffer
                0x20010094                . = ALIGN (0x4)
                0x20010094                _bss_end = .
                [!provide]                PROVIDE (end, .)
                0x20000000                __ram0_start__ = ORIGIN (ram0)
                0x00020000                __ram0_size__ = LENGTH (ram0)
                0x20020000                __ram0_end__ = (__ram0_start__ + __ram0_size__)
                0x20000000                __ram1_start__ = ORIGIN (ram1)
                0x0001c000                __ram1_size__ = LENGTH (ram1)
                0x2001c000                __ram1_end__ = (__ram1_start__ + __ram1_size__)
                0x2001c000                __ram2_start__ = ORIGIN (ram2)
                0x00004000                __ram2_size__ = LENGTH (ram2)
                0x20020000                __ram2_end__ = (__ram2_start__ + __ram2_size__)
                0x00000000                __ram3_start__ = ORIGIN (ram3)
                0x00000000                __ram3_size__ = LENGTH (ram3)
                0x00000000                __ram3_end__ = (__ram3_start__ + __ram3_size__)
                0x10000000                __ram4_start__ = ORIGIN (ram4)
                0x00010000                __ram4_size__ = LENGTH (ram4)
                0x10010000                __ram4_end__ = (__ram4_start__ + __ram4_size__)
                0x40024000                __ram5_start__ = ORIGIN (ram5)
                0x00001000                __ram5_size__ = LENGTH (ram5)
                0x40025000                __ram5_end__ = (__ram5_start__ + __ram5_size__)
                0x00000000                __ram6_start__ = ORIGIN (ram6)
                0x00000000                __ram6_size__ = LENGTH (ram6)
                0x00000000                __ram6_end__ = (__ram6_start__ + __ram6_size__)
                0x00000000                __ram7_start__ = ORIGIN (ram7)
                0x00000000                __ram7_size__ = LENGTH (ram7)
                0x00000000                __ram7_end__ = (__ram7_start__ + __ram7_size__)
                0x08000000                __flash0_start__ = ORIGIN (flash0)
                0x00100000                __flash0_size__ = LENGTH (flash0)
                0x08100000                __flash0_end__ = (__flash0_start__ + __flash0_size__)
                0x00000000                __flash1_start__ = ORIGIN (flash1)
                0x00000000                __flash1_size__ = LENGTH (flash1)
                0x00000000                __flash1_end__ = (__flash1_start__ + __flash1_size__)
                0x00000000                __flash2_start__ = ORIGIN (flash2)
                0x00000000                __flash2_size__ = LENGTH (flash2)
                0x00000000                __flash2_end__ = (__flash2_start__ + __flash2_size__)
                0x00000000                __flash3_start__ = ORIGIN (flash3)
                0x00000000                __flash3_size__ = LENGTH (flash3)
                0x00000000                __flash3_end__ = (__flash3_start__ + __flash3_size__)
                0x00000000                __flash4_start__ = ORIGIN (flash4)
                0x00000000                __flash4_size__ = LENGTH (flash4)
                0x00000000                __flash4_end__ = (__flash4_start__ + __flash4_size__)
                0x00000000                __flash5_start__ = ORIGIN (flash5)
                0x00000000                __flash5_size__ = LENGTH (flash5)