Archive member included to satisfy reference by file (symbol)

c:/chibistudio/tools/gnu tools arm embedded/9.0 2019q4/bin/../lib/gcc/arm-none-eabi/9.2.1/../../../../arm-none-eabi/lib/thumb/v7e-m/nofp\libg.a(lib_a-memcmp.o)
                              C:\Users\RAKIBU~1\AppData\Local\Temp\ch.elf.Tw5OYa.ltrans0.ltrans.o (memcmp)
c:/chibistudio/tools/gnu tools arm embedded/9.0 2019q4/bin/../lib/gcc/arm-none-eabi/9.2.1/../../../../arm-none-eabi/lib/thumb/v7e-m/nofp\libg.a(lib_a-memcpy.o)
                              C:\Users\RAKIBU~1\AppData\Local\Temp\ch.elf.Tw5OYa.ltrans0.ltrans.o (memcpy)
c:/chibistudio/tools/gnu tools arm embedded/9.0 2019q4/bin/../lib/gcc/arm-none-eabi/9.2.1/../../../../arm-none-eabi/lib/thumb/v7e-m/nofp\libg.a(lib_a-memset.o)
                              C:\Users\RAKIBU~1\AppData\Local\Temp\ch.elf.Tw5OYa.ltrans0.ltrans.o (memset)
c:/chibistudio/tools/gnu tools arm embedded/9.0 2019q4/bin/../lib/gcc/arm-none-eabi/9.2.1/../../../../arm-none-eabi/lib/thumb/v7e-m/nofp\libg.a(lib_a-strchr.o)
                              C:\Users\RAKIBU~1\AppData\Local\Temp\ch.elf.Tw5OYa.ltrans0.ltrans.o (strchr)
c:/chibistudio/tools/gnu tools arm embedded/9.0 2019q4/bin/../lib/gcc/arm-none-eabi/9.2.1/../../../../arm-none-eabi/lib/thumb/v7e-m/nofp\libg.a(lib_a-strcmp.o)
                              C:\Users\RAKIBU~1\AppData\Local\Temp\ch.elf.Tw5OYa.ltrans0.ltrans.o (strcmp)
c:/chibistudio/tools/gnu tools arm embedded/9.0 2019q4/bin/../lib/gcc/arm-none-eabi/9.2.1/../../../../arm-none-eabi/lib/thumb/v7e-m/nofp\libg.a(lib_a-strpbrk.o)
                              C:\Users\RAKIBU~1\AppData\Local\Temp\ch.elf.Tw5OYa.ltrans0.ltrans.o (strpbrk)
c:/chibistudio/tools/gnu tools arm embedded/9.0 2019q4/bin/../lib/gcc/arm-none-eabi/9.2.1/../../../../arm-none-eabi/lib/thumb/v7e-m/nofp\libg.a(lib_a-strspn.o)
                              C:\Users\RAKIBU~1\AppData\Local\Temp\ch.elf.Tw5OYa.ltrans0.ltrans.o (strspn)

Discarded input sections

 .data          0x00000000        0x0 build/obj/crt0_v7m.o
 .bss           0x00000000        0x0 build/obj/crt0_v7m.o
 .data          0x00000000        0x0 build/obj/vectors.o
 .bss           0x00000000        0x0 build/obj/vectors.o
 .data          0x00000000        0x0 build/obj/chcoreasm_v7m.o
 .bss           0x00000000        0x0 build/obj/chcoreasm_v7m.o
 .text          0x00000000        0x0 C:\Users\RAKIBU~1\AppData\Local\Temp\ch.elf.Tw5OYa.ltrans0.ltrans.o
 .data          0x00000000        0x0 C:\Users\RAKIBU~1\AppData\Local\Temp\ch.elf.Tw5OYa.ltrans0.ltrans.o
 .bss           0x00000000        0x0 C:\Users\RAKIBU~1\AppData\Local\Temp\ch.elf.Tw5OYa.ltrans0.ltrans.o
 .comment       0x00000000       0x7a C:\Users\RAKIBU~1\AppData\Local\Temp\ccLTrwvz.debug.temp.o
 .comment       0x00000000       0x7a C:\Users\RAKIBU~1\AppData\Local\Temp\cckZYl2X.debug.temp.o
 .comment       0x00000000       0x7a C:\Users\RAKIBU~1\AppData\Local\Temp\cctj6yzp.debug.temp.o
 .comment       0x00000000       0x7a C:\Users\RAKIBU~1\AppData\Local\Temp\ccQkSZFQ.debug.temp.o
 .comment       0x00000000       0x7a C:\Users\RAKIBU~1\AppData\Local\Temp\cchSpDwi.debug.temp.o
 .comment       0x00000000       0x7a C:\Users\RAKIBU~1\AppData\Local\Temp\ccC6WQLI.debug.temp.o
 .comment       0x00000000       0x7a C:\Users\RAKIBU~1\AppData\Local\Temp\ccfKusH9.debug.temp.o
 .comment       0x00000000       0x7a C:\Users\RAKIBU~1\AppData\Local\Temp\ccs2Pn7z.debug.temp.o
 .comment       0x00000000       0x7a C:\Users\RAKIBU~1\AppData\Local\Temp\ccLpwzC3.debug.temp.o
 .comment       0x00000000       0x7a C:\Users\RAKIBU~1\AppData\Local\Temp\ccUX2VRx.debug.temp.o
 .comment       0x00000000       0x7a C:\Users\RAKIBU~1\AppData\Local\Temp\cc7rWTv0.debug.temp.o
 .comment       0x00000000       0x7a C:\Users\RAKIBU~1\AppData\Local\Temp\ccWjWXJs.debug.temp.o
 .comment       0x00000000       0x7a C:\Users\RAKIBU~1\AppData\Local\Temp\cc7AlBDV.debug.temp.o
 .debug_info    0x00000000     0x1e39 C:\Users\RAKIBU~1\AppData\Local\Temp\ccUbV9Br.debug.temp.o
 .debug_abbrev  0x00000000      0x24c C:\Users\RAKIBU~1\AppData\Local\Temp\ccUbV9Br.debug.temp.o
 .debug_line    0x00000000      0x465 C:\Users\RAKIBU~1\AppData\Local\Temp\ccUbV9Br.debug.temp.o
 .debug_str     0x00000000      0xf67 C:\Users\RAKIBU~1\AppData\Local\Temp\ccUbV9Br.debug.temp.o
 .comment       0x00000000       0x7a C:\Users\RAKIBU~1\AppData\Local\Temp\ccUbV9Br.debug.temp.o
 .comment       0x00000000       0x7a C:\Users\RAKIBU~1\AppData\Local\Temp\ccF7nDkY.debug.temp.o
 .debug_info    0x00000000     0x15bb C:\Users\RAKIBU~1\AppData\Local\Temp\cc4n5nCu.debug.temp.o
 .debug_abbrev  0x00000000      0x20b C:\Users\RAKIBU~1\AppData\Local\Temp\cc4n5nCu.debug.temp.o
 .debug_line    0x00000000      0x444 C:\Users\RAKIBU~1\AppData\Local\Temp\cc4n5nCu.debug.temp.o
 .debug_str     0x00000000      0xb8b C:\Users\RAKIBU~1\AppData\Local\Temp\cc4n5nCu.debug.temp.o
 .comment       0x00000000       0x7a C:\Users\RAKIBU~1\AppData\Local\Temp\cc4n5nCu.debug.temp.o
[...]
Memory Configuration

Name             Origin             Length             Attributes
flash0           0x08000000         0x00100000         xr
flash1           0x00000000         0x00000000         xr
flash2           0x00000000         0x00000000         xr
flash3           0x00000000         0x00000000         xr
flash4           0x00000000         0x00000000         xr
flash5           0x00000000         0x00000000         xr
flash6           0x00000000         0x00000000         xr
flash7           0x00000000         0x00000000         xr
ram0             0x20000000         0x00020000         xw
ram1             0x20000000         0x0001c000         xw
ram2             0x2001c000         0x00004000         xw
ram3             0x00000000         0x00000000         xw
ram4             0x10000000         0x00010000         xw
ram5             0x40024000         0x00001000         xw
ram6             0x00000000         0x00000000         xw
ram7             0x00000000         0x00000000         xw
*default*        0x00000000         0xffffffff

Linker script and memory map

LOAD build/obj/crt0_v7m.o
LOAD build/obj/vectors.o
LOAD build/obj/chcoreasm_v7m.o
LOAD C:\Users\RAKIBU~1\AppData\Local\Temp\ch.elf.Tw5OYa.ltrans0.ltrans.o
LOAD C:\Users\RAKIBU~1\AppData\Local\Temp\ccLTrwvz.debug.temp.o
LOAD C:\Users\RAKIBU~1\AppData\Local\Temp\cckZYl2X.debug.temp.o
LOAD C:\Users\RAKIBU~1\AppData\Local\Temp\cctj6yzp.debug.temp.o
LOAD C:\Users\RAKIBU~1\AppData\Local\Temp\ccQkSZFQ.debug.temp.o
LOAD C:\Users\RAKIBU~1\AppData\Local\Temp\cchSpDwi.debug.temp.o
LOAD C:\Users\RAKIBU~1\AppData\Local\Temp\ccC6WQLI.debug.temp.o
LOAD C:\Users\RAKIBU~1\AppData\Local\Temp\ccfKusH9.debug.temp.o
LOAD C:\Users\RAKIBU~1\AppData\Local\Temp\ccs2Pn7z.debug.temp.o
LOAD C:\Users\RAKIBU~1\AppData\Local\Temp\ccLpwzC3.debug.temp.o
LOAD C:\Users\RAKIBU~1\AppData\Local\Temp\ccUX2VRx.debug.temp.o
LOAD C:\Users\RAKIBU~1\AppData\Local\Temp\cc7rWTv0.debug.temp.o
LOAD C:\Users\RAKIBU~1\AppData\Local\Temp\ccWjWXJs.debug.temp.o
LOAD C:\Users\RAKIBU~1\AppData\Local\Temp\cc7AlBDV.debug.temp.o
LOAD C:\Users\RAKIBU~1\AppData\Local\Temp\ccUbV9Br.debug.temp.o
LOAD C:\Users\RAKIBU~1\AppData\Local\Temp\ccF7nDkY.debug.temp.o
LOAD C:\Users\RAKIBU~1\AppData\Local\Temp\cc4n5nCu.debug.temp.o
LOAD C:\Users\RAKIBU~1\AppData\Local\Temp\ccPBZcfZ.debug.temp.o
LOAD C:\Users\RAKIBU~1\AppData\Local\Temp\ccoVpVBu.debug.temp.o
LOAD C:\Users\RAKIBU~1\AppData\Local\Temp\ccf62wZ2.debug.temp.o
LOAD C:\Users\RAKIBU~1\AppData\Local\Temp\ccqB1G6B.debug.temp.o
LOAD C:\Users\RAKIBU~1\AppData\Local\Temp\ccLHQNIa.debug.temp.o
LOAD C:\Users\RAKIBU~1\AppData\Local\Temp\ccKcChKH.debug.temp.o
LOAD C:\Users\RAKIBU~1\AppData\Local\Temp\ccXqtIvf.debug.temp.o
LOAD C:\Users\RAKIBU~1\AppData\Local\Temp\ccgcQJhQ.debug.temp.o
LOAD C:\Users\RAKIBU~1\AppData\Local\Temp\ccbfa2Cq.debug.temp.o
LOAD C:\Users\RAKIBU~1\AppData\Local\Temp\ccG2OVD1.debug.temp.o
LOAD C:\Users\RAKIBU~1\AppData\Local\Temp\ccZprpZA.debug.temp.o
LOAD C:\Users\RAKIBU~1\AppData\Local\Temp\cc2kBb5a.debug.temp.o
LOAD C:\Users\RAKIBU~1\AppData\Local\Temp\ccPL1TfO.debug.temp.o
LOAD C:\Users\RAKIBU~1\AppData\Local\Temp\cc6hjSZq.debug.temp.o
LOAD C:\Users\RAKIBU~1\AppData\Local\Temp\cctnD3t4.debug.temp.o
LOAD C:\Users\RAKIBU~1\AppData\Local\Temp\ccAUzNmG.debug.temp.o
LOAD C:\Users\RAKIBU~1\AppData\Local\Temp\ccP7Vi0i.debug.temp.o
LOAD C:\Users\RAKIBU~1\AppData\Local\Temp\ccCwH4cV.debug.temp.o
LOAD C:\Users\RAKIBU~1\AppData\Local\Temp\cc3RMIzA.debug.temp.o
LOAD C:\Users\RAKIBU~1\AppData\Local\Temp\cc60tYBg.debug.temp.o
LOAD C:\Users\RAKIBU~1\AppData\Local\Temp\ccz5Zs2U.debug.temp.o
LOAD C:\Users\RAKIBU~1\AppData\Local\Temp\ccCoce2y.debug.temp.o
LOAD C:\Users\RAKIBU~1\AppData\Local\Temp\ccXw2WLd.debug.temp.o
LOAD C:\Users\RAKIBU~1\AppData\Local\Temp\ccGNmWBV.debug.temp.o
LOAD C:\Users\RAKIBU~1\AppData\Local\Temp\ccz5as0C.debug.temp.o
LOAD C:\Users\RAKIBU~1\AppData\Local\Temp\ccoLKH9k.debug.temp.o
LOAD C:\Users\RAKIBU~1\AppData\Local\Temp\ccfmtPH1.debug.temp.o
LOAD C:\Users\RAKIBU~1\AppData\Local\Temp\ccKdsSUI.debug.temp.o
LOAD C:\Users\RAKIBU~1\AppData\Local\Temp\ccbR8eHp.debug.temp.o
LOAD C:\Users\RAKIBU~1\AppData\Local\Temp\ccCso8y9.debug.temp.o
LOAD C:\Users\RAKIBU~1\AppData\Local\Temp\ccXiZVaU.debug.temp.o
LOAD C:\Users\RAKIBU~1\AppData\Local\Temp\cck6vC7C.debug.temp.o
LOAD C:\Users\RAKIBU~1\AppData\Local\Temp\cc3kLpOm.debug.temp.o
LOAD C:\Users\RAKIBU~1\AppData\Local\Temp\cc8sLr45.debug.temp.o
LOAD C:\Users\RAKIBU~1\AppData\Local\Temp\cc1cAqpS.debug.temp.o
LOAD C:\Users\RAKIBU~1\AppData\Local\Temp\ccWpTBuF.debug.temp.o
LOAD C:\Users\RAKIBU~1\AppData\Local\Temp\cc9rOzUq.debug.temp.o
LOAD C:\Users\RAKIBU~1\AppData\Local\Temp\ccGkdMTb.debug.temp.o
LOAD C:\Users\RAKIBU~1\AppData\Local\Temp\cclPVbDX.debug.temp.o
LOAD C:\Users\RAKIBU~1\AppData\Local\Temp\ccKh5RmM.debug.temp.o
LOAD C:\Users\RAKIBU~1\AppData\Local\Temp\ccrBVMQB.debug.temp.o
LOAD C:\Users\RAKIBU~1\AppData\Local\Temp\ccAXlXTq.debug.temp.o
LOAD C:\Users\RAKIBU~1\AppData\Local\Temp\ccF32Hle.debug.temp.o
LOAD C:\Users\RAKIBU~1\AppData\Local\Temp\cc0vtQt2.debug.temp.o
LOAD C:\Users\RAKIBU~1\AppData\Local\Temp\ccr3efHT.debug.temp.o
LOAD C:\Users\RAKIBU~1\AppData\Local\Temp\cc6fCAtK.debug.temp.o
LOAD C:\Users\RAKIBU~1\AppData\Local\Temp\ccHKBQZB.debug.temp.o
LOAD C:\Users\RAKIBU~1\AppData\Local\Temp\ccIimbRr.debug.temp.o
LOAD C:\Users\RAKIBU~1\AppData\Local\Temp\ccZ6G4ni.debug.temp.o
LOAD C:\Users\RAKIBU~1\AppData\Local\Temp\cc6Bac0b.debug.temp.o
LOAD C:\Users\RAKIBU~1\AppData\Local\Temp\ccF7aib5.debug.temp.o
LOAD C:\Users\RAKIBU~1\AppData\Local\Temp\cckEoV1Y.debug.temp.o
LOAD C:\Users\RAKIBU~1\AppData\Local\Temp\ccbpe0hR.debug.temp.o
LOAD C:\Users\RAKIBU~1\AppData\Local\Temp\cc0uXZhK.debug.temp.o
LOAD C:\Users\RAKIBU~1\AppData\Local\Temp\ccV9eRiG.debug.temp.o
LOAD C:\Users\RAKIBU~1\AppData\Local\Temp\cc4XlgOB.debug.temp.o
LOAD C:\Users\RAKIBU~1\AppData\Local\Temp\cctyPC3x.debug.temp.o
LOAD C:\Users\RAKIBU~1\AppData\Local\Temp\ccUBL0Ds.debug.temp.o
LOAD C:\Users\RAKIBU~1\AppData\Local\Temp\cchV0LTn.debug.temp.o

.mstack         0x20000000      0x400
                0x20000000                . = ALIGN (0x8)
                0x20000000                __main_stack_base__ = .
                0x20000400                . = (. + __main_stack_size__)
 *fill*         0x20000000      0x400 
                0x20000400                . = ALIGN (0x8)
                0x20000400                __main_stack_end__ = .

.pstack         0x20000400      0x400
                0x20000400                . = ALIGN (0x8)
                0x20000400                __process_stack_base__ = .
                0x20000400                __main_thread_stack_base__ = .
                0x20000800                . = (. + __process_stack_size__)
 *fill*         0x20000400      0x400 
                0x20000800                . = ALIGN (0x8)
                0x20000800                __process_stack_end__ = .
                0x20000800                __main_thread_stack_end__ = .

.vectors        0x08000000      0x1e0
 *(.vectors)
 .vectors       0x08000000      0x1e0 build/obj/vectors.o
                0x08000000                _vectors

.xtors          0x080001e0        0x0
                0x080001e0                __init_array_base__ = .
 *(SORT_BY_NAME(.init_array.*))
 *(.init_array)
                0x080001e0                __init_array_end__ = .
                0x080001e0                __fini_array_base__ = .
 *(.fini_array)
 *(SORT_BY_NAME(.fini_array.*))
                0x080001e0                __fini_array_end__ = .

.text           0x080001e0     0x4afc
                0x080001e0                __text_base__ = .
 *(.text)
 .text          0x080001e0       0xd8 build/obj/crt0_v7m.o
                0x080001e0                _crt0_entry
 .text          0x080002b8        0x8 build/obj/vectors.o
                0x080002b8                Reset_Handler
                0x080002ba                VectorE8
                0x080002ba                Vector9C
                0x080002ba                VectorAC
                0x080002ba                DebugMon_Handler
                0x080002ba                Vector1A0
                0x080002ba                Vector5C
                0x080002ba                Vector11C
                0x080002ba                HardFault_Handler
                0x080002ba                Vector1B8
                0x080002ba                Vector19C
                0x080002ba                Vector8C
                0x080002ba                SysTick_Handler
                0x080002ba                VectorDC
                0x080002ba                PendSV_Handler
                0x080002ba                Vector168
                0x080002ba                NMI_Handler
                0x080002ba                Vector110
                0x080002ba                Vector1D8
                0x080002ba                VectorC8
                0x080002ba                Vector94
                0x080002ba                VectorA8
                0x080002ba                VectorB4
                0x080002ba                Vector160
                0x080002ba                Vector1B0
                0x080002ba                UsageFault_Handler
                0x080002ba                VectorEC
                0x080002ba                Vector40
                0x080002ba                VectorF8
                0x080002ba                Vector108
                0x080002ba                VectorBC
                0x080002ba                Vector190
                0x080002ba                Vector1C4
                0x080002ba                Vector1CC
                0x080002ba                Vector148
                0x080002ba                Vector188
                0x080002ba                Vector198
                0x080002ba                Vector118
                0x080002ba                Vector64
                0x080002ba                Vector58
                0x080002ba                VectorCC
                0x080002ba                Vector54
                0x080002ba                Vector98
                0x080002ba                Vector138
                0x080002ba                Vector24
                0x080002ba                Vector1AC
                0x080002ba                Vector178
                0x080002ba                Vector1A4
                0x080002ba                VectorD0
                0x080002ba                Vector1B4
                0x080002ba                Vector140
                0x080002ba                VectorE4
                0x080002ba                VectorC0
                0x080002ba                Vector1C0
                0x080002ba                Vector134
                0x080002ba                Vector1D0
                0x080002ba                VectorF0
                0x080002ba                Vector13C
                0x080002ba                Vector100
                0x080002ba                VectorE0
                0x080002ba                VectorF4
                0x080002ba                MemManage_Handler
                0x080002ba                VectorA0
                0x080002ba                VectorC4
                0x080002ba                Vector180
                0x080002ba                Vector90
                0x080002ba                Vector114
                0x080002ba                Vector164
                0x080002ba                Vector60
                0x080002ba                Vector1C
                0x080002ba                Vector1BC
                0x080002ba                Vector1D4
                0x080002ba                Vector17C
                0x080002ba                Vector48
                0x080002ba                Vector1A8
                0x080002ba                Vector16C
                0x080002ba                VectorD4
                0x080002ba                Vector4C
                0x080002ba                Vector144
                0x080002ba                Vector68
                0x080002ba                Vector18C
                0x080002ba                Vector170
                0x080002ba                Vector88
                0x080002ba                Vector184
                0x080002ba                Vector10C
                0x080002ba                Vector14C
                0x080002ba                BusFault_Handler
                0x080002ba                Vector50
                0x080002ba                Vector1C8
                0x080002ba                Vector194
                0x080002ba                Vector1DC
                0x080002ba                Vector44
                0x080002ba                Vector28
                0x080002ba                VectorB8
                0x080002ba                Vector34
                0x080002ba                VectorA4
                0x080002ba                Vector20
                0x080002ba                Vector174
                0x080002be                _unhandled_exception
 .text          0x080002c0       0x36 build/obj/chcoreasm_v7m.o
                0x080002c0                _port_switch
                0x080002d0                _port_thread_start
                0x080002e6                _port_switch_from_isr
                0x080002f2                _port_exit_from_isr
 *fill*         0x080002f6        0x2 
 .text          0x080002f8      0x134 c:/chibistudio/tools/gnu tools arm embedded/9.0 2019q4/bin/../lib/gcc/arm-none-eabi/9.2.1/../../../../arm-none-eabi/lib/thumb/v7e-m/nofp\libg.a(lib_a-memcpy.o)
                0x080002f8                memcpy
 *fill*         0x0800042c       0x14 
 .text          0x08000440      0x2dc c:/chibistudio/tools/gnu tools arm embedded/9.0 2019q4/bin/../lib/gcc/arm-none-eabi/9.2.1/../../../../arm-none-eabi/lib/thumb/v7e-m/nofp\libg.a(lib_a-strcmp.o)
                0x08000448                strcmp
 *(.text.*)
 *fill*         0x0800071c        0x4 
 .text.sdObjectInit.constprop.0
                0x08000720       0x54 C:\Users\RAKIBU~1\AppData\Local\Temp\ch.elf.Tw5OYa.ltrans0.ltrans.o
 *fill*         0x08000774        0xc 
 .text.notify2  0x08000780       0x10 C:\Users\RAKIBU~1\AppData\Local\Temp\ch.elf.Tw5OYa.ltrans0.ltrans.o
 .text.notify6  0x08000790       0x10 C:\Users\RAKIBU~1\AppData\Local\Temp\ch.elf.Tw5OYa.ltrans0.ltrans.o
 .text._port_irq_epilogue
                0x080007a0       0x4c C:\Users\RAKIBU~1\AppData\Local\Temp\ch.elf.Tw5OYa.ltrans0.ltrans.o
 *fill*         0x080007ec        0x4 
 .text.chTMStopMeasurementX
                0x080007f0       0x44 C:\Users\RAKIBU~1\AppData\Local\Temp\ch.elf.Tw5OYa.ltrans0.ltrans.o
 *fill*         0x08000834        0xc 
 .text.chTMStartMeasurementX
                0x08000840        0xc C:\Users\RAKIBU~1\AppData\Local\Temp\ch.elf.Tw5OYa.ltrans0.ltrans.o
 *fill*         0x0800084c        0x4 
 .text.trace_next
                0x08000850       0x38 C:\Users\RAKIBU~1\AppData\Local\Temp\ch.elf.Tw5OYa.ltrans0.ltrans.o
 *fill*         0x08000888        0x8 
 .text._trace_switch.part.0
                0x08000890       0x20 C:\Users\RAKIBU~1\AppData\Local\Temp\ch.elf.Tw5OYa.ltrans0.ltrans.o
 .text._trace_isr_leave
                0x080008b0       0x2c C:\Users\RAKIBU~1\AppData\Local\Temp\ch.elf.Tw5OYa.ltrans0.ltrans.o
 *fill*         0x080008dc        0x4 
 .text._trace_isr_enter
                0x080008e0       0x2c C:\Users\RAKIBU~1\AppData\Local\Temp\ch.elf.Tw5OYa.ltrans0.ltrans.o
 *fill*         0x0800090c        0x4 
 .text.chSysHalt
                0x08000910       0x24 C:\Users\RAKIBU~1\AppData\Local\Temp\ch.elf.Tw5OYa.ltrans0.ltrans.o
 *fill*         0x08000934        0xc 
 .text.chDbgCheckClassS
                0x08000940       0x20 C:\Users\RAKIBU~1\AppData\Local\Temp\ch.elf.Tw5OYa.ltrans0.ltrans.o
 .text.chDbgCheckClassI
                0x08000960       0x20 C:\Users\RAKIBU~1\AppData\Local\Temp\ch.elf.Tw5OYa.ltrans0.ltrans.o
 .text.chCoreAllocFromTopI
                0x08000980       0x44 C:\Users\RAKIBU~1\AppData\Local\Temp\ch.elf.Tw5OYa.ltrans0.ltrans.o
 *fill*         0x080009c4        0xc 
 .text.chCoreAllocAlignedI
                0x080009d0        0x8 C:\Users\RAKIBU~1\AppData\Local\Temp\ch.elf.Tw5OYa.ltrans0.ltrans.o
 *fill*         0x080009d8        0x8 
 .text.chThdCreateSuspendedI
                0x080009e0       0xa4 C:\Users\RAKIBU~1\AppData\Local\Temp\ch.elf.Tw5OYa.ltrans0.ltrans.o
 *fill*         0x08000a84        0xc 
 .text.chSchReadyAheadI
                0x08000a90       0x44 C:\Users\RAKIBU~1\AppData\Local\Temp\ch.elf.Tw5OYa.ltrans0.ltrans.o
 *fill*         0x08000ad4        0xc 
 .text.chSchReadyI
                0x08000ae0       0x44 C:\Users\RAKIBU~1\AppData\Local\Temp\ch.elf.Tw5OYa.ltrans0.ltrans.o
 *fill*         0x08000b24        0xc 
 .text.chThdDequeueNextI.constprop.0
                0x08000b30       0x30 C:\Users\RAKIBU~1\AppData\Local\Temp\ch.elf.Tw5OYa.ltrans0.ltrans.o
 .text.chEvtBroadcastFlagsI
                0x08000b60       0x7c C:\Users\RAKIBU~1\AppData\Local\Temp\ch.elf.Tw5OYa.ltrans0.ltrans.o
 *fill*         0x08000bdc        0x4 
 .text._dbg_check_leave_isr
                0x08000be0       0x2c C:\Users\RAKIBU~1\AppData\Local\Temp\ch.elf.Tw5OYa.ltrans0.ltrans.o
 *fill*         0x08000c0c        0x4 
 .text._dbg_check_enter_isr
                0x08000c10       0x2c C:\Users\RAKIBU~1\AppData\Local\Temp\ch.elf.Tw5OYa.ltrans0.ltrans.o
 *fill*         0x08000c3c        0x4 
 .text._dbg_check_unlock_from_isr
                0x08000c40       0x24 C:\Users\RAKIBU~1\AppData\Local\Temp\ch.elf.Tw5OYa.ltrans0.ltrans.o
 *fill*         0x08000c64        0xc 
 .text._dbg_check_lock_from_isr
                0x08000c70       0x24 C:\Users\RAKIBU~1\AppData\Local\Temp\ch.elf.Tw5OYa.ltrans0.ltrans.o
 *fill*         0x08000c94        0xc 
 .text.wakeup   0x08000ca0       0x58 C:\Users\RAKIBU~1\AppData\Local\Temp\ch.elf.Tw5OYa.ltrans0.ltrans.o
 *fill*         0x08000cf8        0x8 
 .text._idle_thread
                0x08000d00        0x4 C:\Users\RAKIBU~1\AppData\Local\Temp\ch.elf.Tw5OYa.ltrans0.ltrans.o
 *fill*         0x08000d04        0xc 
 .text.sdc_lld_sync
                0x08000d10        0x4 C:\Users\RAKIBU~1\AppData\Local\Temp\ch.elf.Tw5OYa.ltrans0.ltrans.o
 *fill*         0x08000d14        0xc 
 .text.sdc_lld_is_card_inserted
                0x08000d20       0x2c C:\Users\RAKIBU~1\AppData\Local\Temp\ch.elf.Tw5OYa.ltrans0.ltrans.o
 *fill*         0x08000d4c        0x4 
 .text.serve_interrupt
                0x08000d50      0x1c4 C:\Users\RAKIBU~1\AppData\Local\Temp\ch.elf.Tw5OYa.ltrans0.ltrans.o
 *fill*         0x08000f14        0xc 
 .text.sdc_lld_collect_errors.isra.0
                0x08000f20       0x3c C:\Users\RAKIBU~1\AppData\Local\Temp\ch.elf.Tw5OYa.ltrans0.ltrans.o
 *fill*         0x08000f5c        0x4 
 .text.sdc_lld_send_cmd_long_crc
                0x08000f60       0x3c C:\Users\RAKIBU~1\AppData\Local\Temp\ch.elf.Tw5OYa.ltrans0.ltrans.o
 *fill*         0x08000f9c        0x4 
 .text.sdc_lld_send_cmd_short_crc
                0x08000fa0       0x30 C:\Users\RAKIBU~1\AppData\Local\Temp\ch.elf.Tw5OYa.ltrans0.ltrans.o
 .text.sdc_lld_error_cleanup
                0x08000fd0       0x64 C:\Users\RAKIBU~1\AppData\Local\Temp\ch.elf.Tw5OYa.ltrans0.ltrans.o
 *fill*         0x08001034        0xc 
 .text._ctl     0x08001040       0x1c C:\Users\RAKIBU~1\AppData\Local\Temp\ch.elf.Tw5OYa.ltrans0.ltrans.o
 *fill*         0x0800105c        0x4 
 .text.sdcGetInfo
                0x08001060       0x28 C:\Users\RAKIBU~1\AppData\Local\Temp\ch.elf.Tw5OYa.ltrans0.ltrans.o
 *fill*         0x08001088        0x8 
 .text.sdcSync  0x08001090       0x18 C:\Users\RAKIBU~1\AppData\Local\Temp\ch.elf.Tw5OYa.ltrans0.ltrans.o
 *fill*         0x080010a8        0x8 
 .text._mmcsd_get_slice
                0x080010b0       0x58 C:\Users\RAKIBU~1\AppData\Local\Temp\ch.elf.Tw5OYa.ltrans0.ltrans.o
 *fill*         0x08001108        0x8 
 .text._mmcsd_get_capacity
                0x08001110       0x58 C:\Users\RAKIBU~1\AppData\Local\Temp\ch.elf.Tw5OYa.ltrans0.ltrans.o
 *fill*         0x08001168        0x8 
 .text.stSetAlarm
                0x08001170       0x1c C:\Users\RAKIBU~1\AppData\Local\Temp\ch.elf.Tw5OYa.ltrans0.ltrans.o
 *fill*         0x0800118c        0x4 
 .text.chSchWakeupS.constprop.0
                0x08001190       0x90 C:\Users\RAKIBU~1\AppData\Local\Temp\ch.elf.Tw5OYa.ltrans0.ltrans.o
 .text.chSchGoSleepS
                0x08001220       0x60 C:\Users\RAKIBU~1\AppData\Local\Temp\ch.elf.Tw5OYa.ltrans0.ltrans.o
 .text.chThdExitS
                0x08001280       0x4c C:\Users\RAKIBU~1\AppData\Local\Temp\ch.elf.Tw5OYa.ltrans0.ltrans.o
 *fill*         0x080012cc        0x4 
 .text.chSchGoSleepTimeoutS
                0x080012d0      0x150 C:\Users\RAKIBU~1\AppData\Local\Temp\ch.elf.Tw5OYa.ltrans0.ltrans.o
 .text.chThdEnqueueTimeoutS
                0x08001420       0x28 C:\Users\RAKIBU~1\AppData\Local\Temp\ch.elf.Tw5OYa.ltrans0.ltrans.o
 *fill*         0x08001448        0x8 
 .text.parse_arguments
                0x08001450       0x58 C:\Users\RAKIBU~1\AppData\Local\Temp\ch.elf.Tw5OYa.ltrans0.ltrans.o
 *fill*         0x080014a8        0x8 
 .text.chprintf
                0x080014b0      0x4ac C:\Users\RAKIBU~1\AppData\Local\Temp\ch.elf.Tw5OYa.ltrans0.ltrans.o
 *fill*         0x0800195c        0x4 
 .text.cmd_echo
                0x08001960       0x20 C:\Users\RAKIBU~1\AppData\Local\Temp\ch.elf.Tw5OYa.ltrans0.ltrans.o
 .text.cmd_info
                0x08001980       0xbc C:\Users\RAKIBU~1\AppData\Local\Temp\ch.elf.Tw5OYa.ltrans0.ltrans.o
 *fill*         0x08001a3c        0x4 
 .text.SVC_Handler
                0x08001a40       0x14 C:\Users\RAKIBU~1\AppData\Local\Temp\ch.elf.Tw5OYa.ltrans0.ltrans.o
                0x08001a40                SVC_Handler
 *fill*         0x08001a54        0xc 
 .text.chSchDoRescheduleAhead
                0x08001a60       0x58 C:\Users\RAKIBU~1\AppData\Local\Temp\ch.elf.Tw5OYa.ltrans0.ltrans.o
                0x08001a60                chSchDoReschedule
 *fill*         0x08001ab8        0x8 
 .text._dbg_check_unlock
                0x08001ac0       0x20 C:\Users\RAKIBU~1\AppData\Local\Temp\ch.elf.Tw5OYa.ltrans0.ltrans.o
                0x08001ac0                _dbg_check_unlock
 .text.chSysUnlock.lto_priv.4
                0x08001ae0       0x30 C:\Users\RAKIBU~1\AppData\Local\Temp\ch.elf.Tw5OYa.ltrans0.ltrans.o
 .text._dbg_check_lock
                0x08001b10       0x20 C:\Users\RAKIBU~1\AppData\Local\Temp\ch.elf.Tw5OYa.ltrans0.ltrans.o
                0x08001b10                _dbg_check_lock
 .text.chCoreAllocFromTop
                0x08001b30       0x4c C:\Users\RAKIBU~1\AppData\Local\Temp\ch.elf.Tw5OYa.ltrans0.ltrans.o
 *fill*         0x08001b7c        0x4 
 .text.cmd_systime
                0x08001b80       0x64 C:\Users\RAKIBU~1\AppData\Local\Temp\ch.elf.Tw5OYa.ltrans0.ltrans.o
 *fill*         0x08001be4        0xc 
 .text.shellThread
                0x08001bf0      0x248 C:\Users\RAKIBU~1\AppData\Local\Temp\ch.elf.Tw5OYa.ltrans0.ltrans.o
 *fill*         0x08001e38        0x8 
 .text.cmd_exit
                0x08001e40       0x34 C:\Users\RAKIBU~1\AppData\Local\Temp\ch.elf.Tw5OYa.ltrans0.ltrans.o
 *fill*         0x08001e74        0xc 
 .text.chMtxUnlock
                0x08001e80       0xcc C:\Users\RAKIBU~1\AppData\Local\Temp\ch.elf.Tw5OYa.ltrans0.ltrans.o
 *fill*         0x08001f4c        0x4 
 .text.chMtxLock
                0x08001f50      0x10c C:\Users\RAKIBU~1\AppData\Local\Temp\ch.elf.Tw5OYa.ltrans0.ltrans.o
 *fill*         0x0800205c        0x4 
 .text.cmd_mem  0x08002060       0xa0 C:\Users\RAKIBU~1\AppData\Local\Temp\ch.elf.Tw5OYa.ltrans0.ltrans.o
 .text.chThdSleep
                0x08002100       0x44 C:\Users\RAKIBU~1\AppData\Local\Temp\ch.elf.Tw5OYa.ltrans0.ltrans.o
 *fill*         0x08002144        0xc 
 .text.Thread1  0x08002150       0x34 C:\Users\RAKIBU~1\AppData\Local\Temp\ch.elf.Tw5OYa.ltrans0.ltrans.o
 *fill*         0x08002184        0xc 
 .text._sdc_wait_for_transfer_state
                0x08002190       0x48 C:\Users\RAKIBU~1\AppData\Local\Temp\ch.elf.Tw5OYa.ltrans0.ltrans.o
 *fill*         0x080021d8        0x8 
 .text.sdcErase.constprop.0
                0x080021e0       0x90 C:\Users\RAKIBU~1\AppData\Local\Temp\ch.elf.Tw5OYa.ltrans0.ltrans.o
 .text.chThdExit
                0x08002270       0x14 C:\Users\RAKIBU~1\AppData\Local\Temp\ch.elf.Tw5OYa.ltrans0.ltrans.o
                0x08002270                chThdExit
 *fill*         0x08002284        0xc 
 .text.chThdRelease
                0x08002290      0x17c C:\Users\RAKIBU~1\AppData\Local\Temp\ch.elf.Tw5OYa.ltrans0.ltrans.o
 *fill*         0x0800240c        0x4 
 .text.chRegNextThread
                0x08002410       0x64 C:\Users\RAKIBU~1\AppData\Local\Temp\ch.elf.Tw5OYa.ltrans0.ltrans.o
 *fill*         0x08002474        0xc 
 .text.cmd_threads
                0x08002480       0xc0 C:\Users\RAKIBU~1\AppData\Local\Temp\ch.elf.Tw5OYa.ltrans0.ltrans.o
 .text.chRegFindThreadByWorkingArea
                0x08002540       0x5c C:\Users\RAKIBU~1\AppData\Local\Temp\ch.elf.Tw5OYa.ltrans0.ltrans.o
 *fill*         0x0800259c        0x4 
 .text.startup.main
                0x080025a0      0x82c C:\Users\RAKIBU~1\AppData\Local\Temp\ch.elf.Tw5OYa.ltrans0.ltrans.o
                0x080025a0                main
 *fill*         0x08002dcc        0x4 
 .text.sdc_lld_wait_transaction_end
                0x08002dd0       0xd4 C:\Users\RAKIBU~1\AppData\Local\Temp\ch.elf.Tw5OYa.ltrans0.ltrans.o
 *fill*         0x08002ea4        0xc 
 .text.sdc_lld_write_aligned.part.0
                0x08002eb0       0x9c C:\Users\RAKIBU~1\AppData\Local\Temp\ch.elf.Tw5OYa.ltrans0.ltrans.o
 *fill*         0x08002f4c        0x4 
 .text.sdcWrite
                0x08002f50       0xc8 C:\Users\RAKIBU~1\AppData\Local\Temp\ch.elf.Tw5OYa.ltrans0.ltrans.o
 *fill*         0x08003018        0x8 
 .text.sdc_lld_read_aligned.part.0
                0x08003020       0x98 C:\Users\RAKIBU~1\AppData\Local\Temp\ch.elf.Tw5OYa.ltrans0.ltrans.o
 *fill*         0x080030b8        0x8 
 .text.sdcRead  0x080030c0       0xd0 C:\Users\RAKIBU~1\AppData\Local\Temp\ch.elf.Tw5OYa.ltrans0.ltrans.o
 .text.sdc_lld_read_special
                0x08003190       0x90 C:\Users\RAKIBU~1\AppData\Local\Temp\ch.elf.Tw5OYa.ltrans0.ltrans.o
 .text.sdcConnect
                0x08003220      0x3a0 C:\Users\RAKIBU~1\AppData\Local\Temp\ch.elf.Tw5OYa.ltrans0.ltrans.o
 .text.sdcDisconnect
                0x080035c0       0x8c C:\Users\RAKIBU~1\AppData\Local\Temp\ch.elf.Tw5OYa.ltrans0.ltrans.o
 *fill*         0x0800364c        0x4 
 .text.cmd_sdc  0x08003650      0x6c4 C:\Users\RAKIBU~1\AppData\Local\Temp\ch.elf.Tw5OYa.ltrans0.ltrans.o
 *fill*         0x08003d14        0xc 
 .text.oqWriteTimeout
                0x08003d20      0x110 C:\Users\RAKIBU~1\AppData\Local\Temp\ch.elf.Tw5OYa.ltrans0.ltrans.o
 .text._writet  0x08003e30        0x8 C:\Users\RAKIBU~1\AppData\Local\Temp\ch.elf.Tw5OYa.ltrans0.ltrans.o
 *fill*         0x08003e38        0x8 
 .text._write   0x08003e40        0xc C:\Users\RAKIBU~1\AppData\Local\Temp\ch.elf.Tw5OYa.ltrans0.ltrans.o
 *fill*         0x08003e4c        0x4 
 .text.oqPutTimeout
                0x08003e50       0x98 C:\Users\RAKIBU~1\AppData\Local\Temp\ch.elf.Tw5OYa.ltrans0.ltrans.o
 *fill*         0x08003ee8        0x8 
 .text._putt    0x08003ef0        0x8 C:\Users\RAKIBU~1\AppData\Local\Temp\ch.elf.Tw5OYa.ltrans0.ltrans.o
 *fill*         0x08003ef8        0x8 
 .text._put     0x08003f00        0xc C:\Users\RAKIBU~1\AppData\Local\Temp\ch.elf.Tw5OYa.ltrans0.ltrans.o
 *fill*         0x08003f0c        0x4 
 .text.iqReadTimeout
                0x08003f10      0x110 C:\Users\RAKIBU~1\AppData\Local\Temp\ch.elf.Tw5OYa.ltrans0.ltrans.o
 .text._readt   0x08004020        0x8 C:\Users\RAKIBU~1\AppData\Local\Temp\ch.elf.Tw5OYa.ltrans0.ltrans.o
 *fill*         0x08004028        0x8 
 .text._read    0x08004030        0xc C:\Users\RAKIBU~1\AppData\Local\Temp\ch.elf.Tw5OYa.ltrans0.ltrans.o
 *fill*         0x0800403c        0x4 
 .text.iqGetTimeout
                0x08004040       0x74 C:\Users\RAKIBU~1\AppData\Local\Temp\ch.elf.Tw5OYa.ltrans0.ltrans.o
 *fill*         0x080040b4        0xc 
 .text._gett    0x080040c0        0x8 C:\Users\RAKIBU~1\AppData\Local\Temp\ch.elf.Tw5OYa.ltrans0.ltrans.o
 *fill*         0x080040c8        0x8 
 .text._get     0x080040d0        0xc C:\Users\RAKIBU~1\AppData\Local\Temp\ch.elf.Tw5OYa.ltrans0.ltrans.o
 *fill*         0x080040dc        0x4 
 .text.__early_init
                0x080040e0      0x294 C:\Users\RAKIBU~1\AppData\Local\Temp\ch.elf.Tw5OYa.ltrans0.ltrans.o
                0x080040e0                __early_init
 *fill*         0x08004374        0xc 
 .text.Vector15C
                0x08004380       0x30 C:\Users\RAKIBU~1\AppData\Local\Temp\ch.elf.Tw5OYa.ltrans0.ltrans.o
                0x08004380                Vector15C
 .text.VectorD8
                0x080043b0       0x30 C:\Users\RAKIBU~1\AppData\Local\Temp\ch.elf.Tw5OYa.ltrans0.ltrans.o
                0x080043b0                VectorD8
 .text.VectorB0
                0x080043e0       0xf8 C:\Users\RAKIBU~1\AppData\Local\Temp\ch.elf.Tw5OYa.ltrans0.ltrans.o
                0x080043e0                VectorB0
 *fill*         0x080044d8        0x8 
 .text.Vector104
                0x080044e0       0x64 C:\Users\RAKIBU~1\AppData\Local\Temp\ch.elf.Tw5OYa.ltrans0.ltrans.o
                0x080044e0                Vector104
 *fill*         0x08004544        0xc 
 .text.Vector158
                0x08004550       0x44 C:\Users\RAKIBU~1\AppData\Local\Temp\ch.elf.Tw5OYa.ltrans0.ltrans.o
                0x08004550                Vector158
 *fill*         0x08004594        0xc 
 .text.Vector154
                0x080045a0       0x44 C:\Users\RAKIBU~1\AppData\Local\Temp\ch.elf.Tw5OYa.ltrans0.ltrans.o
                0x080045a0                Vector154
 *fill*         0x080045e4        0xc 
 .text.Vector150
                0x080045f0       0x44 C:\Users\RAKIBU~1\AppData\Local\Temp\ch.elf.Tw5OYa.ltrans0.ltrans.o
                0x080045f0                Vector150
 *fill*         0x08004634        0xc 
 .text.Vector130
                0x08004640       0x40 C:\Users\RAKIBU~1\AppData\Local\Temp\ch.elf.Tw5OYa.ltrans0.ltrans.o
                0x08004640                Vector130
 .text.Vector12C
                0x08004680       0x44 C:\Users\RAKIBU~1\AppData\Local\Temp\ch.elf.Tw5OYa.ltrans0.ltrans.o
                0x08004680                Vector12C
 *fill*         0x080046c4        0xc 
 .text.Vector128
                0x080046d0       0x44 C:\Users\RAKIBU~1\AppData\Local\Temp\ch.elf.Tw5OYa.ltrans0.ltrans.o
                0x080046d0                Vector128
 *fill*         0x08004714        0xc 
 .text.Vector124
                0x08004720       0x44 C:\Users\RAKIBU~1\AppData\Local\Temp\ch.elf.Tw5OYa.ltrans0.ltrans.o
                0x08004720                Vector124
 *fill*         0x08004764        0xc 
 .text.Vector120
                0x08004770       0x40 C:\Users\RAKIBU~1\AppData\Local\Temp\ch.elf.Tw5OYa.ltrans0.ltrans.o
                0x08004770                Vector120
 .text.VectorFC
                0x080047b0       0x44 C:\Users\RAKIBU~1\AppData\Local\Temp\ch.elf.Tw5OYa.ltrans0.ltrans.o
                0x080047b0                VectorFC
 *fill*         0x080047f4        0xc 
 .text.Vector84
                0x08004800       0x44 C:\Users\RAKIBU~1\AppData\Local\Temp\ch.elf.Tw5OYa.ltrans0.ltrans.o
                0x08004800                Vector84
 *fill*         0x08004844        0xc 
 .text.Vector80
                0x08004850       0x44 C:\Users\RAKIBU~1\AppData\Local\Temp\ch.elf.Tw5OYa.ltrans0.ltrans.o
                0x08004850                Vector80
 *fill*         0x08004894        0xc 
 .text.Vector7C
                0x080048a0       0x40 C:\Users\RAKIBU~1\AppData\Local\Temp\ch.elf.Tw5OYa.ltrans0.ltrans.o
                0x080048a0                Vector7C
 .text.Vector78
                0x080048e0       0x44 C:\Users\RAKIBU~1\AppData\Local\Temp\ch.elf.Tw5OYa.ltrans0.ltrans.o
                0x080048e0                Vector78
 *fill*         0x08004924        0xc 
 .text.Vector74
                0x08004930       0x44 C:\Users\RAKIBU~1\AppData\Local\Temp\ch.elf.Tw5OYa.ltrans0.ltrans.o
                0x08004930                Vector74
 *fill*         0x08004974        0xc 
 .text.Vector70
                0x08004980       0x44 C:\Users\RAKIBU~1\AppData\Local\Temp\ch.elf.Tw5OYa.ltrans0.ltrans.o
                0x08004980                Vector70
 *fill*         0x080049c4        0xc 
 .text.Vector6C
                0x080049d0       0x40 C:\Users\RAKIBU~1\AppData\Local\Temp\ch.elf.Tw5OYa.ltrans0.ltrans.o
                0x080049d0                Vector6C
 .text.__init_ram_areas
                0x08004a10       0x68 C:\Users\RAKIBU~1\AppData\Local\Temp\ch.elf.Tw5OYa.ltrans0.ltrans.o
                0x08004a10                __init_ram_areas
 *fill*         0x08004a78        0x8 
 .text.__default_exit
                0x08004a80        0x4 C:\Users\RAKIBU~1\AppData\Local\Temp\ch.elf.Tw5OYa.ltrans0.ltrans.o
                0x08004a80                __default_exit
 *fill*         0x08004a84        0xc 
 .text.__late_init
                0x08004a90        0x4 C:\Users\RAKIBU~1\AppData\Local\Temp\ch.elf.Tw5OYa.ltrans0.ltrans.o
                0x08004a90                __late_init
 *fill*         0x08004a94        0xc 
 .text.__core_init
                0x08004aa0        0x4 C:\Users\RAKIBU~1\AppData\Local\Temp\ch.elf.Tw5OYa.ltrans0.ltrans.o
                0x08004aa0                __core_init
 .text.memcmp   0x08004aa4       0x60 c:/chibistudio/tools/gnu tools arm embedded/9.0 2019q4/bin/../lib/gcc/arm-none-eabi/9.2.1/../../../../arm-none-eabi/lib/thumb/v7e-m/nofp\libg.a(lib_a-memcmp.o)
                0x08004aa4                memcmp
 .text.memset   0x08004b04       0xa0 c:/chibistudio/tools/gnu tools arm embedded/9.0 2019q4/bin/../lib/gcc/arm-none-eabi/9.2.1/../../../../arm-none-eabi/lib/thumb/v7e-m/nofp\libg.a(lib_a-memset.o)
                0x08004b04                memset
 .text.strchr   0x08004ba4       0xd0 c:/chibistudio/tools/gnu tools arm embedded/9.0 2019q4/bin/../lib/gcc/arm-none-eabi/9.2.1/../../../../arm-none-eabi/lib/thumb/v7e-m/nofp\libg.a(lib_a-strchr.o)
                0x08004ba4                strchr
 .text.strpbrk  0x08004c74       0x38 c:/chibistudio/tools/gnu tools arm embedded/9.0 2019q4/bin/../lib/gcc/arm-none-eabi/9.2.1/../../../../arm-none-eabi/lib/thumb/v7e-m/nofp\libg.a(lib_a-strpbrk.o)
                0x08004c74                strpbrk
 .text.strspn   0x08004cac       0x30 c:/chibistudio/tools/gnu tools arm embedded/9.0 2019q4/bin/../lib/gcc/arm-none-eabi/9.2.1/../../../../arm-none-eabi/lib/thumb/v7e-m/nofp\libg.a(lib_a-strspn.o)
                0x08004cac                strspn
 *(.glue_7t)
 .glue_7t       0x08004cdc        0x0 linker stubs
 *(.glue_7)
 .glue_7        0x08004cdc        0x0 linker stubs
 *(.gcc*)
                0x08004cdc                __text_end__ = .

.vfp11_veneer   0x08004cdc        0x0
 .vfp11_veneer  0x08004cdc        0x0 linker stubs

.v4_bx          0x08004cdc        0x0
 .v4_bx         0x08004cdc        0x0 linker stubs

.iplt           0x08004cdc        0x0
 .iplt          0x08004cdc        0x0 build/obj/crt0_v7m.o

.rodata         0x08004cdc      0xd84
                0x08004cdc                __rodata_base__ = .
 *(.rodata)
 *(.rodata.*)
 .rodata.chDbgCheckClassS.str1.4
                0x08004cdc        0x6 C:\Users\RAKIBU~1\AppData\Local\Temp\ch.elf.Tw5OYa.ltrans0.ltrans.o
 *fill*         0x08004ce2        0x2 
 .rodata.chDbgCheckClassI.str1.4
                0x08004ce4        0x6 C:\Users\RAKIBU~1\AppData\Local\Temp\ch.elf.Tw5OYa.ltrans0.ltrans.o
 *fill*         0x08004cea        0x2 
 .rodata._dbg_check_leave_isr.str1.4
                0x08004cec        0x5 C:\Users\RAKIBU~1\AppData\Local\Temp\ch.elf.Tw5OYa.ltrans0.ltrans.o
 *fill*         0x08004cf1        0x3 
 .rodata._dbg_check_enter_isr.str1.4
                0x08004cf4        0x5 C:\Users\RAKIBU~1\AppData\Local\Temp\ch.elf.Tw5OYa.ltrans0.ltrans.o
 *fill*         0x08004cf9        0x3 
 .rodata._dbg_check_unlock_from_isr.str1.4
                0x08004cfc        0x5 C:\Users\RAKIBU~1\AppData\Local\Temp\ch.elf.Tw5OYa.ltrans0.ltrans.o
 *fill*         0x08004d01        0x3 
 .rodata._dbg_check_lock_from_isr.str1.4
                0x08004d04        0x5 C:\Users\RAKIBU~1\AppData\Local\Temp\ch.elf.Tw5OYa.ltrans0.ltrans.o
 *fill*         0x08004d09        0x3 
 .rodata.chSchWakeupS.constprop.0.str1.4
                0x08004d0c        0xf C:\Users\RAKIBU~1\AppData\Local\Temp\ch.elf.Tw5OYa.ltrans0.ltrans.o
 *fill*         0x08004d1b        0x1 
 .rodata.parse_arguments.str1.4
                0x08004d1c        0x3 C:\Users\RAKIBU~1\AppData\Local\Temp\ch.elf.Tw5OYa.ltrans0.ltrans.o
 *fill*         0x08004d1f        0x1 
 .rodata.chprintf.str1.4
                0x08004d20        0x7 C:\Users\RAKIBU~1\AppData\Local\Temp\ch.elf.Tw5OYa.ltrans0.ltrans.o
 *fill*         0x08004d27        0x1 
 .rodata.cmd_echo.str1.4
                0x08004d28       0x21 C:\Users\RAKIBU~1\AppData\Local\Temp\ch.elf.Tw5OYa.ltrans0.ltrans.o
 *fill*         0x08004d49        0x3 
 .rodata.cmd_info.str1.4
                0x08004d4c      0x17d C:\Users\RAKIBU~1\AppData\Local\Temp\ch.elf.Tw5OYa.ltrans0.ltrans.o
 *fill*         0x08004ec9        0x3 
 .rodata._dbg_check_unlock.str1.4
                0x08004ecc        0x5 C:\Users\RAKIBU~1\AppData\Local\Temp\ch.elf.Tw5OYa.ltrans0.ltrans.o
 *fill*         0x08004ed1        0x3 
 .rodata._dbg_check_lock.str1.4
                0x08004ed4        0x5 C:\Users\RAKIBU~1\AppData\Local\Temp\ch.elf.Tw5OYa.ltrans0.ltrans.o
 *fill*         0x08004ed9        0x3 
 .rodata.cmd_systime.str1.4
                0x08004edc        0xe C:\Users\RAKIBU~1\AppData\Local\Temp\ch.elf.Tw5OYa.ltrans0.ltrans.o
 *fill*         0x08004eea        0x2 
 .rodata.shellThread.str1.4
                0x08004eec       0x75 C:\Users\RAKIBU~1\AppData\Local\Temp\ch.elf.Tw5OYa.ltrans0.ltrans.o
                                 0x79 (size before relaxing)
 *fill*         0x08004f61        0x3 
 .rodata.cmd_mem.str1.4
                0x08004f64       0x7a C:\Users\RAKIBU~1\AppData\Local\Temp\ch.elf.Tw5OYa.ltrans0.ltrans.o
 *fill*         0x08004fde        0x2 
 .rodata.Thread1.str1.4
                0x08004fe0        0x8 C:\Users\RAKIBU~1\AppData\Local\Temp\ch.elf.Tw5OYa.ltrans0.ltrans.o
 .rodata.cmd_threads.str1.4
                0x08004fe8       0x6f C:\Users\RAKIBU~1\AppData\Local\Temp\ch.elf.Tw5OYa.ltrans0.ltrans.o
                                 0x73 (size before relaxing)
 *fill*         0x08005057        0x1 
 .rodata.main.str1.4
                0x08005058        0xf C:\Users\RAKIBU~1\AppData\Local\Temp\ch.elf.Tw5OYa.ltrans0.ltrans.o
 *fill*         0x08005067        0x1 
 .rodata.cmd_sdc.str1.4
                0x08005068      0x2f1 C:\Users\RAKIBU~1\AppData\Local\Temp\ch.elf.Tw5OYa.ltrans0.ltrans.o
                                0x33d (size before relaxing)
 *fill*         0x08005359        0x3 
 .rodata.str1.4
                0x0800535c       0xb1 C:\Users\RAKIBU~1\AppData\Local\Temp\ch.elf.Tw5OYa.ltrans0.ltrans.o
 *fill*         0x0800540d        0x3 
 .rodata.__func__.6081.lto_priv.0
                0x08005410        0xc C:\Users\RAKIBU~1\AppData\Local\Temp\ch.elf.Tw5OYa.ltrans0.ltrans.o
 .rodata.__func__.6081.lto_priv.1
                0x0800541c        0xc C:\Users\RAKIBU~1\AppData\Local\Temp\ch.elf.Tw5OYa.ltrans0.ltrans.o
 .rodata.__func__.6081.lto_priv.2
                0x08005428        0xc C:\Users\RAKIBU~1\AppData\Local\Temp\ch.elf.Tw5OYa.ltrans0.ltrans.o
 .rodata.__func__.6081.lto_priv.3
                0x08005434        0xc C:\Users\RAKIBU~1\AppData\Local\Temp\ch.elf.Tw5OYa.ltrans0.ltrans.o
 .rodata.__func__.6081.lto_priv.4
                0x08005440        0xc C:\Users\RAKIBU~1\AppData\Local\Temp\ch.elf.Tw5OYa.ltrans0.ltrans.o
 .rodata.__func__.6081.lto_priv.5
                0x0800544c        0xc C:\Users\RAKIBU~1\AppData\Local\Temp\ch.elf.Tw5OYa.ltrans0.ltrans.o
 .rodata.__func__.6167
                0x08005458        0xc C:\Users\RAKIBU~1\AppData\Local\Temp\ch.elf.Tw5OYa.ltrans0.ltrans.o
 .rodata.__func__.6282
                0x08005464       0x14 C:\Users\RAKIBU~1\AppData\Local\Temp\ch.elf.Tw5OYa.ltrans0.ltrans.o
 .rodata.__func__.6483.lto_priv.0
                0x08005478        0xc C:\Users\RAKIBU~1\AppData\Local\Temp\ch.elf.Tw5OYa.ltrans0.ltrans.o
 .rodata.__func__.6483.lto_priv.1
                0x08005484        0xc C:\Users\RAKIBU~1\AppData\Local\Temp\ch.elf.Tw5OYa.ltrans0.ltrans.o
 .rodata.__func__.6483.lto_priv.2
                0x08005490        0xc C:\Users\RAKIBU~1\AppData\Local\Temp\ch.elf.Tw5OYa.ltrans0.ltrans.o
 .rodata.__func__.6483.lto_priv.3
                0x0800549c        0xc C:\Users\RAKIBU~1\AppData\Local\Temp\ch.elf.Tw5OYa.ltrans0.ltrans.o
 .rodata.__func__.6483.lto_priv.4
                0x080054a8        0xc C:\Users\RAKIBU~1\AppData\Local\Temp\ch.elf.Tw5OYa.ltrans0.ltrans.o
 .rodata.__func__.6483.lto_priv.5
                0x080054b4        0xc C:\Users\RAKIBU~1\AppData\Local\Temp\ch.elf.Tw5OYa.ltrans0.ltrans.o
 .rodata.__func__.7325
                0x080054c0        0xc C:\Users\RAKIBU~1\AppData\Local\Temp\ch.elf.Tw5OYa.ltrans0.ltrans.o
 .rodata.__func__.7328.lto_priv.0
                0x080054cc        0xb C:\Users\RAKIBU~1\AppData\Local\Temp\ch.elf.Tw5OYa.ltrans0.ltrans.o
 *fill*         0x080054d7        0x1 
 .rodata.__func__.7328.lto_priv.1
                0x080054d8        0xb C:\Users\RAKIBU~1\AppData\Local\Temp\ch.elf.Tw5OYa.ltrans0.ltrans.o
 *fill*         0x080054e3        0x1 
 .rodata.__func__.7332
                0x080054e4       0x11 C:\Users\RAKIBU~1\AppData\Local\Temp\ch.elf.Tw5OYa.ltrans0.ltrans.o
 *fill*         0x080054f5        0x3 
 .rodata.__func__.7334
                0x080054f8       0x16 C:\Users\RAKIBU~1\AppData\Local\Temp\ch.elf.Tw5OYa.ltrans0.ltrans.o
 *fill*         0x0800550e        0x2 
 .rodata.__func__.7340
                0x08005510       0x14 C:\Users\RAKIBU~1\AppData\Local\Temp\ch.elf.Tw5OYa.ltrans0.ltrans.o
 .rodata.__func__.7347.lto_priv.0
                0x08005524        0xc C:\Users\RAKIBU~1\AppData\Local\Temp\ch.elf.Tw5OYa.ltrans0.ltrans.o
 .rodata.__func__.7347.lto_priv.1
                0x08005530        0xc C:\Users\RAKIBU~1\AppData\Local\Temp\ch.elf.Tw5OYa.ltrans0.ltrans.o
 .rodata.__func__.7350.lto_priv.1
                0x0800553c        0xb C:\Users\RAKIBU~1\AppData\Local\Temp\ch.elf.Tw5OYa.ltrans0.ltrans.o
 *fill*         0x08005547        0x1 
 .rodata.__func__.7351
                0x08005548        0xc C:\Users\RAKIBU~1\AppData\Local\Temp\ch.elf.Tw5OYa.ltrans0.ltrans.o
 .rodata.__func__.7356
                0x08005554       0x12 C:\Users\RAKIBU~1\AppData\Local\Temp\ch.elf.Tw5OYa.ltrans0.ltrans.o
 *fill*         0x08005566        0x2 
 .rodata.__func__.7361
                0x08005568        0xd C:\Users\RAKIBU~1\AppData\Local\Temp\ch.elf.Tw5OYa.ltrans0.ltrans.o
 *fill*         0x08005575        0x3 
 .rodata.__func__.7367
                0x08005578        0xd C:\Users\RAKIBU~1\AppData\Local\Temp\ch.elf.Tw5OYa.ltrans0.ltrans.o
 *fill*         0x08005585        0x3 
 .rodata.__func__.7368
                0x08005588        0xd C:\Users\RAKIBU~1\AppData\Local\Temp\ch.elf.Tw5OYa.ltrans0.ltrans.o
 *fill*         0x08005595        0x3 
 .rodata.__func__.7383
                0x08005598        0xb C:\Users\RAKIBU~1\AppData\Local\Temp\ch.elf.Tw5OYa.ltrans0.ltrans.o
 *fill*         0x080055a3        0x1 
 .rodata.__func__.7388
                0x080055a4        0xa C:\Users\RAKIBU~1\AppData\Local\Temp\ch.elf.Tw5OYa.ltrans0.ltrans.o
 *fill*         0x080055ae        0x2 
 .rodata.__func__.7422
                0x080055b0       0x15 C:\Users\RAKIBU~1\AppData\Local\Temp\ch.elf.Tw5OYa.ltrans0.ltrans.o
 *fill*         0x080055c5        0x3 
 .rodata.__func__.7428
                0x080055c8        0xd C:\Users\RAKIBU~1\AppData\Local\Temp\ch.elf.Tw5OYa.ltrans0.ltrans.o
 *fill*         0x080055d5        0x3 
 .rodata.__func__.7728
                0x080055d8       0x10 C:\Users\RAKIBU~1\AppData\Local\Temp\ch.elf.Tw5OYa.ltrans0.ltrans.o
 .rodata.__func__.8453
                0x080055e8        0x9 C:\Users\RAKIBU~1\AppData\Local\Temp\ch.elf.Tw5OYa.ltrans0.ltrans.o
 *fill*         0x080055f1        0x3 
 .rodata.__func__.8456
                0x080055f4        0xd C:\Users\RAKIBU~1\AppData\Local\Temp\ch.elf.Tw5OYa.ltrans0.ltrans.o
 *fill*         0x08005601        0x3 
 .rodata.__func__.8459
                0x08005604       0x11 C:\Users\RAKIBU~1\AppData\Local\Temp\ch.elf.Tw5OYa.ltrans0.ltrans.o
 *fill*         0x08005615        0x3 
 .rodata.__func__.8462
                0x08005618        0x9 C:\Users\RAKIBU~1\AppData\Local\Temp\ch.elf.Tw5OYa.ltrans0.ltrans.o
 *fill*         0x08005621        0x3 
 .rodata.__func__.8463
                0x08005624        0xb C:\Users\RAKIBU~1\AppData\Local\Temp\ch.elf.Tw5OYa.ltrans0.ltrans.o
 *fill*         0x0800562f        0x1 
 .rodata.__func__.8467
                0x08005630        0x9 C:\Users\RAKIBU~1\AppData\Local\Temp\ch.elf.Tw5OYa.ltrans0.ltrans.o
 *fill*         0x08005639        0x3 
 .rodata.__func__.8472
                0x0800563c        0x9 C:\Users\RAKIBU~1\AppData\Local\Temp\ch.elf.Tw5OYa.ltrans0.ltrans.o
 *fill*         0x08005645        0x3 
 .rodata.__func__.8477
                0x08005648        0x9 C:\Users\RAKIBU~1\AppData\Local\Temp\ch.elf.Tw5OYa.ltrans0.ltrans.o
 *fill*         0x08005651        0x3 
 .rodata.__func__.8482
                0x08005654        0x9 C:\Users\RAKIBU~1\AppData\Local\Temp\ch.elf.Tw5OYa.ltrans0.ltrans.o
 *fill*         0x0800565d        0x3 
 .rodata.__func__.8487.lto_priv.0
                0x08005660        0x9 C:\Users\RAKIBU~1\AppData\Local\Temp\ch.elf.Tw5OYa.ltrans0.ltrans.o
 *fill*         0x08005669        0x3 
 .rodata.__func__.8487.lto_priv.1
                0x0800566c        0x9 C:\Users\RAKIBU~1\AppData\Local\Temp\ch.elf.Tw5OYa.ltrans0.ltrans.o
 *fill*         0x08005675        0x3 
 .rodata.__func__.8491
                0x08005678        0xa C:\Users\RAKIBU~1\AppData\Local\Temp\ch.elf.Tw5OYa.ltrans0.ltrans.o
 *fill*         0x08005682        0x2 
 .rodata.__func__.8492
                0x08005684        0x9 C:\Users\RAKIBU~1\AppData\Local\Temp\ch.elf.Tw5OYa.ltrans0.ltrans.o
 *fill*         0x0800568d        0x3 
 .rodata.__func__.8494
                0x08005690        0x5 C:\Users\RAKIBU~1\AppData\Local\Temp\ch.elf.Tw5OYa.ltrans0.ltrans.o
 *fill*         0x08005695        0x3 
 .rodata.__func__.8497
                0x08005698        0x9 C:\Users\RAKIBU~1\AppData\Local\Temp\ch.elf.Tw5OYa.ltrans0.ltrans.o
 *fill*         0x080056a1        0x3 
 .rodata.__func__.8502
                0x080056a4        0xa C:\Users\RAKIBU~1\AppData\Local\Temp\ch.elf.Tw5OYa.ltrans0.ltrans.o
 *fill*         0x080056ae        0x2 
 .rodata.__func__.8507
                0x080056b0        0xa C:\Users\RAKIBU~1\AppData\Local\Temp\ch.elf.Tw5OYa.ltrans0.ltrans.o
 *fill*         0x080056ba        0x2 
 .rodata.__func__.8512.lto_priv.0
                0x080056bc        0x8 C:\Users\RAKIBU~1\AppData\Local\Temp\ch.elf.Tw5OYa.ltrans0.ltrans.o
 .rodata.__func__.8512.lto_priv.1
                0x080056c4        0xa C:\Users\RAKIBU~1\AppData\Local\Temp\ch.elf.Tw5OYa.ltrans0.ltrans.o
 *fill*         0x080056ce        0x2 
 .rodata.__func__.8517
                0x080056d0        0xa C:\Users\RAKIBU~1\AppData\Local\Temp\ch.elf.Tw5OYa.ltrans0.ltrans.o
 *fill*         0x080056da        0x2 
 .rodata.__func__.8522
                0x080056dc        0xa C:\Users\RAKIBU~1\AppData\Local\Temp\ch.elf.Tw5OYa.ltrans0.ltrans.o
 *fill*         0x080056e6        0x2 
 .rodata.__func__.8527
                0x080056e8        0xa C:\Users\RAKIBU~1\AppData\Local\Temp\ch.elf.Tw5OYa.ltrans0.ltrans.o
 *fill*         0x080056f2        0x2 
 .rodata.__func__.8532
                0x080056f4        0xa C:\Users\RAKIBU~1\AppData\Local\Temp\ch.elf.Tw5OYa.ltrans0.ltrans.o
 *fill*         0x080056fe        0x2 
 .rodata.__func__.8537
                0x08005700        0xa C:\Users\RAKIBU~1\AppData\Local\Temp\ch.elf.Tw5OYa.ltrans0.ltrans.o
 *fill*         0x0800570a        0x2 
 .rodata.__func__.8901
                0x0800570c        0xa C:\Users\RAKIBU~1\AppData\Local\Temp\ch.elf.Tw5OYa.ltrans0.ltrans.o
 *fill*         0x08005716        0x2 
 .rodata.__func__.8908
                0x08005718        0xe C:\Users\RAKIBU~1\AppData\Local\Temp\ch.elf.Tw5OYa.ltrans0.ltrans.o
 *fill*         0x08005726        0x2 
 .rodata.__func__.8910
                0x08005728        0xe C:\Users\RAKIBU~1\AppData\Local\Temp\ch.elf.Tw5OYa.ltrans0.ltrans.o
 *fill*         0x08005736        0x2 
 .rodata.__func__.8960
                0x08005738       0x12 C:\Users\RAKIBU~1\AppData\Local\Temp\ch.elf.Tw5OYa.ltrans0.ltrans.o
 *fill*         0x0800574a        0x2 
 .rodata.__func__.8961
                0x0800574c        0xf C:\Users\RAKIBU~1\AppData\Local\Temp\ch.elf.Tw5OYa.ltrans0.ltrans.o
 *fill*         0x0800575b        0x1 
 .rodata.__func__.8982
                0x0800575c        0x9 C:\Users\RAKIBU~1\AppData\Local\Temp\ch.elf.Tw5OYa.ltrans0.ltrans.o
 *fill*         0x08005765        0x3 
 .rodata.__func__.8985
                0x08005768       0x15 C:\Users\RAKIBU~1\AppData\Local\Temp\ch.elf.Tw5OYa.ltrans0.ltrans.o
 *fill*         0x0800577d        0x3 
 .rodata.__func__.8992
                0x08005780        0xb C:\Users\RAKIBU~1\AppData\Local\Temp\ch.elf.Tw5OYa.ltrans0.ltrans.o
 *fill*         0x0800578b        0x1 
 .rodata.__func__.8994
                0x0800578c       0x16 C:\Users\RAKIBU~1\AppData\Local\Temp\ch.elf.Tw5OYa.ltrans0.ltrans.o
 *fill*         0x080057a2        0x2 
 .rodata.__func__.9003
                0x080057a4        0xe C:\Users\RAKIBU~1\AppData\Local\Temp\ch.elf.Tw5OYa.ltrans0.ltrans.o
 *fill*         0x080057b2        0x2 
 .rodata.__func__.9011
                0x080057b4        0x8 C:\Users\RAKIBU~1\AppData\Local\Temp\ch.elf.Tw5OYa.ltrans0.ltrans.o
 .rodata.__func__.9019
                0x080057bc        0x9 C:\Users\RAKIBU~1\AppData\Local\Temp\ch.elf.Tw5OYa.ltrans0.ltrans.o
 *fill*         0x080057c5        0x3 
 .rodata.__func__.9024
                0x080057c8       0x15 C:\Users\RAKIBU~1\AppData\Local\Temp\ch.elf.Tw5OYa.ltrans0.ltrans.o
 *fill*         0x080057dd        0x3 
 .rodata.__func__.9029
                0x080057e0        0x8 C:\Users\RAKIBU~1\AppData\Local\Temp\ch.elf.Tw5OYa.ltrans0.ltrans.o
 .rodata.__func__.9034
                0x080057e8        0xb C:\Users\RAKIBU~1\AppData\Local\Temp\ch.elf.Tw5OYa.ltrans0.ltrans.o
 *fill*         0x080057f3        0x1 
 .rodata.__func__.9041
                0x080057f4        0x9 C:\Users\RAKIBU~1\AppData\Local\Temp\ch.elf.Tw5OYa.ltrans0.ltrans.o
 *fill*         0x080057fd        0x3 
 .rodata._stm32_dma_streams
                0x08005800       0xc0 C:\Users\RAKIBU~1\AppData\Local\Temp\ch.elf.Tw5OYa.ltrans0.ltrans.o
 .rodata.ch_debug
                0x080058c0       0x16 C:\Users\RAKIBU~1\AppData\Local\Temp\ch.elf.Tw5OYa.ltrans0.ltrans.o
 *fill*         0x080058d6        0x2 
 .rodata.commands
                0x080058d8       0x10 C:\Users\RAKIBU~1\AppData\Local\Temp\ch.elf.Tw5OYa.ltrans0.ltrans.o
 .rodata.idle_descriptor.7327
                0x080058e8       0x18 C:\Users\RAKIBU~1\AppData\Local\Temp\ch.elf.Tw5OYa.ltrans0.ltrans.o
 .rodata.mode.8914
                0x08005900       0x10 C:\Users\RAKIBU~1\AppData\Local\Temp\ch.elf.Tw5OYa.ltrans0.ltrans.o
 .rodata.ram_areas
                0x08005910       0x80 C:\Users\RAKIBU~1\AppData\Local\Temp\ch.elf.Tw5OYa.ltrans0.ltrans.o
 .rodata.sdc_vmt
                0x08005990       0x24 C:\Users\RAKIBU~1\AppData\Local\Temp\ch.elf.Tw5OYa.ltrans0.ltrans.o
 .rodata.sdccfg
                0x080059b4        0x1 C:\Users\RAKIBU~1\AppData\Local\Temp\ch.elf.Tw5OYa.ltrans0.ltrans.o
 *fill*         0x080059b5        0x3 
 .rodata.shell_cfg1
                0x080059b8        0x8 C:\Users\RAKIBU~1\AppData\Local\Temp\ch.elf.Tw5OYa.ltrans0.ltrans.o
 .rodata.shell_local_commands
                0x080059c0       0x38 C:\Users\RAKIBU~1\AppData\Local\Temp\ch.elf.Tw5OYa.ltrans0.ltrans.o
 .rodata.states.8935
                0x080059f8       0x40 C:\Users\RAKIBU~1\AppData\Local\Temp\ch.elf.Tw5OYa.ltrans0.ltrans.o
 .rodata.vmt    0x08005a38       0x28 C:\Users\RAKIBU~1\AppData\Local\Temp\ch.elf.Tw5OYa.ltrans0.ltrans.o
                0x08005a60                . = ALIGN (0x4)
                0x08005a60                __rodata_end__ = .

.rel.dyn        0x08005a60        0x0
 .rel.iplt      0x08005a60        0x0 build/obj/crt0_v7m.o

.ARM.extab
 *(.ARM.extab* .gnu.linkonce.armextab.*)

.ARM.exidx      0x08005a60        0x0
                0x08005a60                __exidx_base__ = .
                0x08005a60                __exidx_start = .
 *(.ARM.exidx* .gnu.linkonce.armexidx.*)
                0x08005a60                __exidx_end__ = .
                0x08005a60                __exidx_end = .

.eh_frame_hdr
 *(.eh_frame_hdr)

.eh_frame
 *(.eh_frame)

.data           0x20000800        0x0 load address 0x08005a60
                [!provide]                PROVIDE (_textdata = LOADADDR (.data))
                [!provide]                PROVIDE (_data = .)
                0x08005a60                __textdata_base__ = LOADADDR (.data)
                0x20000800                __data_base__ = .
 *(.data)
 *(.data.*)
 *(.ramtext)
                0x20000800                . = ALIGN (0x4)
                [!provide]                PROVIDE (_edata = .)
                0x20000800                __data_end__ = .

.igot.plt       0x20000800        0x0 load address 0x08005a60
 .igot.plt      0x20000800        0x0 build/obj/crt0_v7m.o

.bss            0x20000800     0x50e8 load address 0x08005a60
                0x20000800                __bss_base__ = .
 *(.bss)
 *(.bss.*)
 .bss.SD2       0x20000800       0x7c C:\Users\RAKIBU~1\AppData\Local\Temp\ch.elf.Tw5OYa.ltrans0.ltrans.o
 .bss.SD6       0x2000087c       0x7c C:\Users\RAKIBU~1\AppData\Local\Temp\ch.elf.Tw5OYa.ltrans0.ltrans.o
 .bss.SDCD1     0x200008f8      0x24c C:\Users\RAKIBU~1\AppData\Local\Temp\ch.elf.Tw5OYa.ltrans0.ltrans.o
 .bss.buf       0x20000b44     0x2004 C:\Users\RAKIBU~1\AppData\Local\Temp\ch.elf.Tw5OYa.ltrans0.ltrans.o
 .bss.buf2      0x20002b48     0x2000 C:\Users\RAKIBU~1\AppData\Local\Temp\ch.elf.Tw5OYa.ltrans0.ltrans.o
 .bss.ch        0x20004b48      0x888 C:\Users\RAKIBU~1\AppData\Local\Temp\ch.elf.Tw5OYa.ltrans0.ltrans.o
 .bss.ch_factory
                0x200053d0       0x48 C:\Users\RAKIBU~1\AppData\Local\Temp\ch.elf.Tw5OYa.ltrans0.ltrans.o
 .bss.ch_idle_thread_wa
                0x20005418       0xd8 C:\Users\RAKIBU~1\AppData\Local\Temp\ch.elf.Tw5OYa.ltrans0.ltrans.o
 .bss.ch_memcore
                0x200054f0        0x8 C:\Users\RAKIBU~1\AppData\Local\Temp\ch.elf.Tw5OYa.ltrans0.ltrans.o
 .bss.default_heap
                0x200054f8       0x1c C:\Users\RAKIBU~1\AppData\Local\Temp\ch.elf.Tw5OYa.ltrans0.ltrans.o
 .bss.dma       0x20005514       0x84 C:\Users\RAKIBU~1\AppData\Local\Temp\ch.elf.Tw5OYa.ltrans0.ltrans.o
 .bss.last_status.8484
                0x20005598        0x1 C:\Users\RAKIBU~1\AppData\Local\Temp\ch.elf.Tw5OYa.ltrans0.ltrans.o
 *fill*         0x20005599        0x3 
 .bss.shell_terminated
                0x2000559c        0x4 C:\Users\RAKIBU~1\AppData\Local\Temp\ch.elf.Tw5OYa.ltrans0.ltrans.o
 .bss.u         0x200055a0      0x200 C:\Users\RAKIBU~1\AppData\Local\Temp\ch.elf.Tw5OYa.ltrans0.ltrans.o
 .bss.waThread1
                0x200057a0      0x148 C:\Users\RAKIBU~1\AppData\Local\Temp\ch.elf.Tw5OYa.ltrans0.ltrans.o
 *(COMMON)
                0x200058e8                . = ALIGN (0x4)
                0x200058e8                __bss_end__ = .
                [!provide]                PROVIDE (end = .)
                0x20000000                __ram0_base__ = ORIGIN (ram0)
                0x00020000                __ram0_size__ = LENGTH (ram0)
                0x20020000                __ram0_end__ = (__ram0_base__ + __ram0_size__)
                0x20000000                __ram1_base__ = ORIGIN (ram1)
                0x0001c000                __ram1_size__ = LENGTH (ram1)
                0x2001c000                __ram1_end__ = (__ram1_base__ + __ram1_size__)
                0x2001c000                __ram2_base__ = ORIGIN (ram2)
                0x00004000                __ram2_size__ = LENGTH (ram2)
                0x20020000                __ram2_end__ = (__ram2_base__ + __ram2_size__)
                0x00000000                __ram3_base__ = ORIGIN (ram3)
                0x00000000                __ram3_size__ = LENGTH (ram3)
                0x00000000                __ram3_end__ = (__ram3_base__ + __ram3_size__)
                0x10000000                __ram4_base__ = ORIGIN (ram4)
                0x00010000                __ram4_size__ = LENGTH (ram4)
                0x10010000                __ram4_end__ = (__ram4_base__ + __ram4_size__)
                0x40024000                __ram5_base__ = ORIGIN (ram5)
                0x00001000                __ram5_size__ = LENGTH (ram5)
                0x40025000                __ram5_end__ = (__ram5_base__ + __ram5_size__)
                0x00000000                __ram6_base__ = ORIGIN (ram6)
                0x00000000                __ram6_size__ = LENGTH (ram6)
                0x00000000                __ram6_end__ = (__ram6_base__ + __ram6_size__)
                0x00000000                __ram7_base__ = ORIGIN (ram7)
                0x00000000                __ram7_size__ = LENGTH (ram7)
                0x00000000                __ram7_end__ = (__ram7_base__ + __ram7_size__)
                0x08000000                __flash0_base__ = ORIGIN (flash0)
                0x00100000                __flash0_size__ = LENGTH (flash0)
                0x08100000                __flash0_end__ = (__flash0_base__ + __flash0_size__)
                0x00000000                __flash1_base__ = ORIGIN (flash1)
                0x00000000                __flash1_size__ = LENGTH (flash1)
                0x00000000                __flash1_end__ = (__flash1_base__ + __flash1_size__)
                0x00000000                __flash2_base__ = ORIGIN (flash2)
                0x00000000                __flash2_size__ = LENGTH (flash2)
                0x00000000                __flash2_end__ = (__flash2_base__ + __flash2_size__)
                0x00000000                __flash3_base__ = ORIGIN (flash3)
                0x00000000                __flash3_size__ = LENGTH (flash3)
                0x00000000                __flash3_end__ = (__flash3_base__ + __flash3_size__)
                0x00000000                __flash4_base__ = ORIGIN (flash4)
                0x00000000                __flash4_size__ = LENGTH (flash4)
                0x00000000                __flash4_end__ = (__flash4_base__ + __flash4_size__)
                0x00000000                __flash5_base__ = ORIGIN (flash5)
                0x00000000                __flash5_size__ = LENGTH (flash5)
                0x00000000                __flash5_end__ = (__flash5_base__ + __flash5_size__)
                0x00000000                __flash6_base__ = ORIGIN (flash6)
                0x00000000                __flash6_size__ = LENGTH (flash6)
                0x00000000                __flash6_end__ = (__flash6_base__ + __flash6_size__)
                0x00000000                __flash7_base__ = ORIGIN (flash7)
                0x00000000                __flash7_size__ = LENGTH (flash7)
                0x00000000                __flash7_end__ = (__flash7_base__ + __flash7_size__)

.ram0_init      0x200058e8        0x0 load address 0x08005a60
                0x08005a60                __ram0_init_text__ = LOADADDR (.ram0_init)
                0x200058e8                __ram0_init__ = .
 *(.ram0_init)
 *(.ram0_init.*)
                0x200058e8                . = ALIGN (0x4)

.ram0           0x200058e8        0x0 load address 0x08005a60
                0x200058e8                __ram0_clear__ = .
 *(.ram0_clear)
 *(.ram0_clear.*)
                0x200058e8                . = ALIGN (0x4)
                0x200058e8                __ram0_noinit__ = .
 *(.ram0)
 *(.ram0.*)
                0x200058e8                . = ALIGN (0x4)
                0x200058e8                __ram0_free__ = .

.ram1_init      0x20000000        0x0 load address 0x08005a60
                0x08005a60                __ram1_init_text__ = LOADADDR (.ram1_init)
                0x20000000                __ram1_init__ = .
 *(.ram1_init)
 *(.ram1_init.*)
                0x20000000                . = ALIGN (0x4)

.ram1           0x20000000        0x0 load address 0x08005a60
                0x20000000                __ram1_clear__ = .
 *(.ram1_clear)
 *(.ram1_clear.*)
                0x20000000                . = ALIGN (0x4)
                0x20000000                __ram1_noinit__ = .
 *(.ram1)
 *(.ram1.*)
                0x20000000                . = ALIGN (0x4)
                0x20000000                __ram1_free__ = .

.ram2_init      0x2001c000        0x0 load address 0x08005a60
                0x08005a60                __ram2_init_text__ = LOADADDR (.ram2_init)
                0x2001c000                __ram2_init__ = .
 *(.ram2_init)
 *(.ram2_init.*)
                0x2001c000                . = ALIGN (0x4)

.ram2           0x2001c000        0x0 load address 0x08005a60
                0x2001c000                __ram2_clear__ = .
 *(.ram2_clear)
 *(.ram2_clear.*)
                0x2001c000                . = ALIGN (0x4)
                0x2001c000                __ram2_noinit__ = .
 *(.ram2)
 *(.ram2.*)
                0x2001c000                . = ALIGN (0x4)
                0x2001c000                __ram2_free__ = .

.ram3_init      0x00000000        0x0 load address 0x08005a60
                0x08005a60                __ram3_init_text__ = LOADADDR (.ram3_init)
                0x00000000                __ram3_init__ = .
 *(.ram3_init)
 *(.ram3_init.*)
                0x00000000                . = ALIGN (0x4)

.ram3           0x00000000        0x0 load address 0x08005a60
                0x00000000                __ram3_clear__ = .
 *(.ram3_clear)
 *(.ram3_clear.*)
                0x00000000                . = ALIGN (0x4)
                0x00000000                __ram3_noinit__ = .
 *(.ram3)
 *(.ram3.*)
                0x00000000                . = ALIGN (0x4)
                0x00000000                __ram3_free__ = .

.ram4_init      0x10000000        0x0 load address 0x08005a60
                0x08005a60                __ram4_init_text__ = LOADADDR (.ram4_init)
                0x10000000                __ram4_init__ = .
 *(.ram4_init)
 *(.ram4_init.*)
                0x10000000                . = ALIGN (0x4)

.ram4           0x10000000        0x0 load address 0x08005a60
                0x10000000                __ram4_clear__ = .
 *(.ram4_clear)
 *(.ram4_clear.*)
                0x10000000                . = ALIGN (0x4)
                0x10000000                __ram4_noinit__ = .
 *(.ram4)
 *(.ram4.*)
                0x10000000                . = ALIGN (0x4)
                0x10000000                __ram4_free__ = .

.ram5_init      0x40024000        0x0 load address 0x08005a60
                0x08005a60                __ram5_init_text__ = LOADADDR (.ram5_init)
                0x40024000                __ram5_init__ = .
 *(.ram5_init)
 *(.ram5_init.*)
                0x40024000                . = ALIGN (0x4)

.ram5           0x40024000        0x0 load address 0x08005a60
                0x40024000                __ram5_clear__ = .
 *(.ram5_clear)
 *(.ram5_clear.*)
                0x40024000                . = ALIGN (0x4)
                0x40024000                __ram5_noinit__ = .
 *(.ram5)
 *(.ram5.*)
                0x40024000                . = ALIGN (0x4)
                0x40024000                __ram5_free__ = .

.ram6_init      0x00000000        0x0 load address 0x08005a60
                0x08005a60                __ram6_init_text__ = LOADADDR (.ram6_init)
                0x00000000                __ram6_init__ = .
 *(.ram6_init)
 *(.ram6_init.*)
                0x00000000                . = ALIGN (0x4)

.ram6           0x00000000        0x0 load address 0x08005a60
                0x00000000                __ram6_clear__ = .
 *(.ram6_clear)
 *(.ram6_clear.*)
                0x00000000                . = ALIGN (0x4)
                0x00000000                __ram6_noinit__ = .
 *(.ram6)
 *(.ram6.*)
                0x00000000                . = ALIGN (0x4)
                0x00000000                __ram6_free__ = .

.ram7_init      0x00000000        0x0 load address 0x08005a60
                0x08005a60                __ram7_init_text__ = LOADADDR (.ram7_init)
                0x00000000                __ram7_init__ = .
 *(.ram7_init)
 *(.ram7_init.*)
                0x00000000                . = ALIGN (0x4)

.ram7           0x00000000        0x0 load address 0x08005a60
                0x00000000                __ram7_clear__ = .
 *(.ram7_clear)
 *(.ram7_clear.*)
                0x00000000                . = ALIGN (0x4)
                0x00000000                __ram7_noinit__ = .
 *(.ram7)
 *(.ram7.*)
                0x00000000                . = ALIGN (0x4)
                0x00000000                __ram7_free__ = .

.flash0         0x08005a60        0x0
                0x08005a60                __flash0_init__ = .
 *(.flash0_init)
 *(.flash0_init.*)
                0x08005a60                __flash0_free__ = .

.flash1         0x00000000        0x0
                0x00000000                __flash1_init__ = .
 *(.flash1_init)
 *(.flash1_init.*)
                0x00000000                __flash1_free__ = .

.flash2         0x00000000        0x0
                0x00000000                __flash2_init__ = .
 *(.flash2_init)
 *(.flash2_init.*)
                0x00000000                __flash2_free__ = .

.flash3         0x00000000        0x0
                0x00000000                __flash3_init__ = .
 *(.flash3_init)
 *(.flash3_init.*)
                0x00000000                __flash3_free__ = .

.flash4         0x00000000        0x0
                0x00000000                __flash4_init__ = .
 *(.flash4_init)
 *(.flash4_init.*)
                0x00000000                __flash4_free__ = .

.flash5         0x00000000        0x0
                0x00000000                __flash5_init__ = .
 *(.flash5_init)
 *(.flash5_init.*)
                0x00000000                __flash5_free__ = .

.flash6         0x00000000        0x0
                0x00000000                __flash6_init__ = .
 *(.flash6_init)
 *(.flash6_init.*)
                0x00000000                __flash6_free__ = .

.flash7         0x00000000        0x0
                0x00000000                __flash7_init__ = .
 *(.flash7_init)
 *(.flash7_init.*)
                0x00000000                __flash7_free__ = .

.heap           0x200058e8    0x1a718
                0x200058e8                . = ALIGN (0x8)
                0x200058e8                __heap_base__ = .
                0x20020000                . = (ORIGIN (HEAP_RAM) + LENGTH (HEAP_RAM))
 *fill*         0x200058e8    0x1a718 
                0x20020000                __heap_end__ = .
                0x00000400                __process_stack_size__ = 0x400
                0x00000400                __main_stack_size__ = 0x400
START GROUP
LOAD c:/chibistudio/tools/gnu tools arm embedded/9.0 2019q4/bin/../lib/gcc/arm-none-eabi/9.2.1/thumb/v7e-m/nofp\libgcc.a
LOAD c:/chibistudio/tools/gnu tools arm embedded/9.0 2019q4/bin/../lib/gcc/arm-none-eabi/9.2.1/../../../../arm-none-eabi/lib/thumb/v7e-m/nofp\libg.a
LOAD c:/chibistudio/tools/gnu tools arm embedded/9.0 2019q4/bin/../lib/gcc/arm-none-eabi/9.2.1/../../../../arm-none-eabi/lib/thumb/v7e-m/nofp\libc.a
END GROUP
OUTPUT(build/ch.elf elf32-littlearm)

.ARM.attributes
                0x00000000       0x2f
 .ARM.attributes
                0x00000000       0x21 build/obj/crt0_v7m.o
 .ARM.attributes
                0x00000021       0x21 build/obj/vectors.o
 .ARM.attributes
                0x00000042       0x21 build/obj/chcoreasm_v7m.o
 .ARM.attributes
                0x00000063       0x2c C:\Users\RAKIBU~1\AppData\Local\Temp\ch.elf.Tw5OYa.ltrans0.ltrans.o
 .ARM.attributes
                0x0000008f       0x2e c:/chibistudio/tools/gnu tools arm embedded/9.0 2019q4/bin/../lib/gcc/arm-none-eabi/9.2.1/../../../../arm-none-eabi/lib/thumb/v7e-m/nofp\libg.a(lib_a-memcmp.o)
 .ARM.attributes
                0x000000bd       0x1c c:/chibistudio/tools/gnu tools arm embedded/9.0 2019q4/bin/../lib/gcc/arm-none-eabi/9.2.1/../../../../arm-none-eabi/lib/thumb/v7e-m/nofp\libg.a(lib_a-memcpy.o)
 .ARM.attributes
                0x000000d9       0x2e c:/chibistudio/tools/gnu tools arm embedded/9.0 2019q4/bin/../lib/gcc/arm-none-eabi/9.2.1/../../../../arm-none-eabi/lib/thumb/v7e-m/nofp\libg.a(lib_a-memset.o)
 .ARM.attributes
                0x00000107       0x2e c:/chibistudio/tools/gnu tools arm embedded/9.0 2019q4/bin/../lib/gcc/arm-none-eabi/9.2.1/../../../../arm-none-eabi/lib/thumb/v7e-m/nofp\libg.a(lib_a-strchr.o)
 .ARM.attributes
                0x00000135       0x1c c:/chibistudio/tools/gnu tools arm embedded/9.0 2019q4/bin/../lib/gcc/arm-none-eabi/9.2.1/../../../../arm-none-eabi/lib/thumb/v7e-m/nofp\libg.a(lib_a-strcmp.o)
 .ARM.attributes
                0x00000151       0x2e c:/chibistudio/tools/gnu tools arm embedded/9.0 2019q4/bin/../lib/gcc/arm-none-eabi/9.2.1/../../../../arm-none-eabi/lib/thumb/v7e-m/nofp\libg.a(lib_a-strpbrk.o)
 .ARM.attributes
                0x0000017f       0x2e c:/chibistudio/tools/gnu tools arm embedded/9.0 2019q4/bin/../lib/gcc/arm-none-eabi/9.2.1/../../../../arm-none-eabi/lib/thumb/v7e-m/nofp\libg.a(lib_a-strspn.o)

.comment        0x00000000       0x79
 .comment       0x00000000       0x79 C:\Users\RAKIBU~1\AppData\Local\Temp\ch.elf.Tw5OYa.ltrans0.ltrans.o
                                 0x7a (size before relaxing)

.debug_line     0x00000000    0x12c71
 .debug_line    0x00000000       0xc8 build/obj/crt0_v7m.o
 .debug_line    0x000000c8       0x72 build/obj/vectors.o
 .debug_line    0x0000013a       0x8c build/obj/chcoreasm_v7m.o
 .debug_line    0x000001c6     0x8203 C:\Users\RAKIBU~1\AppData\Local\Temp\ch.elf.Tw5OYa.ltrans0.ltrans.o
 .debug_line    0x000083c9      0x19e C:\Users\RAKIBU~1\AppData\Local\Temp\ccLTrwvz.debug.temp.o
 .debug_line    0x00008567      0x48d C:\Users\RAKIBU~1\AppData\Local\Temp\cckZYl2X.debug.temp.o
 .debug_line    0x000089f4      0x4af C:\Users\RAKIBU~1\AppData\Local\Temp\cctj6yzp.debug.temp.o
 .debug_line    0x00008ea3      0x4e5 C:\Users\RAKIBU~1\AppData\Local\Temp\ccQkSZFQ.debug.temp.o
 .debug_line    0x00009388      0x4d3 C:\Users\RAKIBU~1\AppData\Local\Temp\cchSpDwi.debug.temp.o
 .debug_line    0x0000985b      0x4a2 C:\Users\RAKIBU~1\AppData\Local\Temp\ccC6WQLI.debug.temp.o
 .debug_line    0x00009cfd      0x479 C:\Users\RAKIBU~1\AppData\Local\Temp\ccfKusH9.debug.temp.o
 .debug_line    0x0000a176      0x519 C:\Users\RAKIBU~1\AppData\Local\Temp\ccs2Pn7z.debug.temp.o
 .debug_line    0x0000a68f      0x4c1 C:\Users\RAKIBU~1\AppData\Local\Temp\ccLpwzC3.debug.temp.o
 .debug_line    0x0000ab50      0x4a3 C:\Users\RAKIBU~1\AppData\Local\Temp\ccUX2VRx.debug.temp.o
 .debug_line    0x0000aff3      0x475 C:\Users\RAKIBU~1\AppData\Local\Temp\cc7rWTv0.debug.temp.o
 .debug_line    0x0000b468      0x47c C:\Users\RAKIBU~1\AppData\Local\Temp\ccWjWXJs.debug.temp.o
 .debug_line    0x0000b8e4      0x47a C:\Users\RAKIBU~1\AppData\Local\Temp\cc7AlBDV.debug.temp.o
 .debug_line    0x0000bd5e      0x48b C:\Users\RAKIBU~1\AppData\Local\Temp\ccF7nDkY.debug.temp.o
 .debug_line    0x0000c1e9      0x4a0 C:\Users\RAKIBU~1\AppData\Local\Temp\ccPBZcfZ.debug.temp.o
 .debug_line    0x0000c689      0x4ae C:\Users\RAKIBU~1\AppData\Local\Temp\ccoVpVBu.debug.temp.o
 .debug_line    0x0000cb37      0x4c4 C:\Users\RAKIBU~1\AppData\Local\Temp\ccf62wZ2.debug.temp.o
 .debug_line    0x0000cffb      0x490 C:\Users\RAKIBU~1\AppData\Local\Temp\ccqB1G6B.debug.temp.o
 .debug_line    0x0000d48b      0x4c6 C:\Users\RAKIBU~1\AppData\Local\Temp\ccLHQNIa.debug.temp.o
 .debug_line    0x0000d951      0x380 C:\Users\RAKIBU~1\AppData\Local\Temp\ccXqtIvf.debug.temp.o
 .debug_line    0x0000dcd1      0x34c C:\Users\RAKIBU~1\AppData\Local\Temp\ccgcQJhQ.debug.temp.o
 .debug_line    0x0000e01d      0x368 C:\Users\RAKIBU~1\AppData\Local\Temp\ccbfa2Cq.debug.temp.o
 .debug_line    0x0000e385      0x356 C:\Users\RAKIBU~1\AppData\Local\Temp\ccG2OVD1.debug.temp.o
 .debug_line    0x0000e6db      0x355 C:\Users\RAKIBU~1\AppData\Local\Temp\ccZprpZA.debug.temp.o
 .debug_line    0x0000ea30      0x379 C:\Users\RAKIBU~1\AppData\Local\Temp\cc2kBb5a.debug.temp.o
 .debug_line    0x0000eda9      0x33a C:\Users\RAKIBU~1\AppData\Local\Temp\ccPL1TfO.debug.temp.o
 .debug_line    0x0000f0e3      0x37f C:\Users\RAKIBU~1\AppData\Local\Temp\cc6hjSZq.debug.temp.o
 .debug_line    0x0000f462      0x34a C:\Users\RAKIBU~1\AppData\Local\Temp\ccAUzNmG.debug.temp.o
 .debug_line    0x0000f7ac      0x35b C:\Users\RAKIBU~1\AppData\Local\Temp\ccCwH4cV.debug.temp.o
 .debug_line    0x0000fb07      0x36d C:\Users\RAKIBU~1\AppData\Local\Temp\cc60tYBg.debug.temp.o
 .debug_line    0x0000fe74      0x351 C:\Users\RAKIBU~1\AppData\Local\Temp\ccCoce2y.debug.temp.o
 .debug_line    0x000101c5      0x353 C:\Users\RAKIBU~1\AppData\Local\Temp\ccXw2WLd.debug.temp.o
 .debug_line    0x00010518      0x352 C:\Users\RAKIBU~1\AppData\Local\Temp\ccGNmWBV.debug.temp.o
 .debug_line    0x0001086a      0x389 C:\Users\RAKIBU~1\AppData\Local\Temp\ccfmtPH1.debug.temp.o
 .debug_line    0x00010bf3      0x39e C:\Users\RAKIBU~1\AppData\Local\Temp\ccKdsSUI.debug.temp.o
 .debug_line    0x00010f91      0x36b C:\Users\RAKIBU~1\AppData\Local\Temp\ccCso8y9.debug.temp.o
 .debug_line    0x000112fc      0x4ac C:\Users\RAKIBU~1\AppData\Local\Temp\ccXiZVaU.debug.temp.o
 .debug_line    0x000117a8      0x4d6 C:\Users\RAKIBU~1\AppData\Local\Temp\cc8sLr45.debug.temp.o
 .debug_line    0x00011c7e      0x4e7 C:\Users\RAKIBU~1\AppData\Local\Temp\cc1cAqpS.debug.temp.o
 .debug_line    0x00012165      0x5ee C:\Users\RAKIBU~1\AppData\Local\Temp\cckEoV1Y.debug.temp.o
 .debug_line    0x00012753      0x51e C:\Users\RAKIBU~1\AppData\Local\Temp\cchV0LTn.debug.temp.o

.debug_info     0x00000000    0x47b34
 .debug_info    0x00000000       0x26 build/obj/crt0_v7m.o
 .debug_info    0x00000026       0x26 build/obj/vectors.o
 .debug_info    0x0000004c       0x26 build/obj/chcoreasm_v7m.o
 .debug_info    0x00000072     0xacbc C:\Users\RAKIBU~1\AppData\Local\Temp\ch.elf.Tw5OYa.ltrans0.ltrans.o
 .debug_info    0x0000ad2e      0x35d C:\Users\RAKIBU~1\AppData\Local\Temp\ccLTrwvz.debug.temp.o
                0x0000ad2e                crt1.c.04fdb17e
 .debug_info    0x0000b08b     0x15cc C:\Users\RAKIBU~1\AppData\Local\Temp\cckZYl2X.debug.temp.o
                0x0000b08b                hal.c.4dcacd6d
 .debug_info    0x0000c657     0x1829 C:\Users\RAKIBU~1\AppData\Local\Temp\cctj6yzp.debug.temp.o
                0x0000c657                hal_st.c.bea6615e
 .debug_info    0x0000de80     0x260a C:\Users\RAKIBU~1\AppData\Local\Temp\ccQkSZFQ.debug.temp.o
                0x0000de80                hal_buffers.c.295fa03e
 .debug_info    0x0001048a     0x2423 C:\Users\RAKIBU~1\AppData\Local\Temp\cchSpDwi.debug.temp.o
                0x0001048a                hal_queues.c.19c11918
 .debug_info    0x000128ad     0x198f C:\Users\RAKIBU~1\AppData\Local\Temp\ccC6WQLI.debug.temp.o
                0x000128ad                hal_flash.c.2cb2e3e3
 .debug_info    0x0001423c     0x1f80 C:\Users\RAKIBU~1\AppData\Local\Temp\ccfKusH9.debug.temp.o
                0x0001423c                hal_mmcsd.c.02a9dd19
 .debug_info    0x000161bc     0x17e5 C:\Users\RAKIBU~1\AppData\Local\Temp\ccs2Pn7z.debug.temp.o
                0x000161bc                hal_pal.c.b9284d5e
 .debug_info    0x000179a1     0x261b C:\Users\RAKIBU~1\AppData\Local\Temp\ccLpwzC3.debug.temp.o
                0x000179a1                hal_sdc.c.f2812594
 .debug_info    0x00019fbc     0x1aa2 C:\Users\RAKIBU~1\AppData\Local\Temp\ccUX2VRx.debug.temp.o
                0x00019fbc                hal_serial.c.3fab2baa
 .debug_info    0x0001ba5e     0x1933 C:\Users\RAKIBU~1\AppData\Local\Temp\cc7rWTv0.debug.temp.o
                0x0001ba5e                nvic.c.04422682
 .debug_info    0x0001d391     0x17f0 C:\Users\RAKIBU~1\AppData\Local\Temp\ccWjWXJs.debug.temp.o
                0x0001d391                stm32_isr.c.3caa4ccc
 .debug_info    0x0001eb81     0x1a46 C:\Users\RAKIBU~1\AppData\Local\Temp\cc7AlBDV.debug.temp.o
                0x0001eb81                hal_lld.c.951de6f6
 .debug_info    0x000205c7     0x1c88 C:\Users\RAKIBU~1\AppData\Local\Temp\ccF7nDkY.debug.temp.o
                0x000205c7                stm32_dma.c.3bdc1a69
 .debug_info    0x0002224f     0x1774 C:\Users\RAKIBU~1\AppData\Local\Temp\ccPBZcfZ.debug.temp.o
                0x0002224f                hal_pal_lld.c.f5850238
 .debug_info    0x000239c3     0x276e C:\Users\RAKIBU~1\AppData\Local\Temp\ccoVpVBu.debug.temp.o
                0x000239c3                hal_sdc_lld.c.4190b9f5
 .debug_info    0x00026131     0x19e7 C:\Users\RAKIBU~1\AppData\Local\Temp\ccf62wZ2.debug.temp.o
                0x00026131                hal_st_lld.c.9b110151
 .debug_info    0x00027b18     0x1a2e C:\Users\RAKIBU~1\AppData\Local\Temp\ccqB1G6B.debug.temp.o
                0x00027b18                hal_serial_lld.c.9b2749b3
 .debug_info    0x00029546     0x1a09 C:\Users\RAKIBU~1\AppData\Local\Temp\ccLHQNIa.debug.temp.o
                0x00029546                board.c.14c03e16
 .debug_info    0x0002af4f     0x1178 C:\Users\RAKIBU~1\AppData\Local\Temp\ccXqtIvf.debug.temp.o
                0x0002af4f                chsys.c.c4782406
 .debug_info    0x0002c0c7      0xc6b C:\Users\RAKIBU~1\AppData\Local\Temp\ccgcQJhQ.debug.temp.o
                0x0002c0c7                chdebug.c.6ee41a1b
 .debug_info    0x0002cd32      0xf20 C:\Users\RAKIBU~1\AppData\Local\Temp\ccbfa2Cq.debug.temp.o
                0x0002cd32                chtrace.c.86b48b95
 .debug_info    0x0002dc52      0xd62 C:\Users\RAKIBU~1\AppData\Local\Temp\ccG2OVD1.debug.temp.o
                0x0002dc52                chvt.c.b8bc512a
 .debug_info    0x0002e9b4      0xf51 C:\Users\RAKIBU~1\AppData\Local\Temp\ccZprpZA.debug.temp.o
                0x0002e9b4                chschd.c.bb81c606
 .debug_info    0x0002f905     0x1496 C:\Users\RAKIBU~1\AppData\Local\Temp\cc2kBb5a.debug.temp.o
                0x0002f905                chthreads.c.17313186
 .debug_info    0x00030d9b      0xe83 C:\Users\RAKIBU~1\AppData\Local\Temp\ccPL1TfO.debug.temp.o
                0x00030d9b                chtm.c.0f55e480
 .debug_info    0x00031c1e     0x15d1 C:\Users\RAKIBU~1\AppData\Local\Temp\cc6hjSZq.debug.temp.o
                0x00031c1e                chregistry.c.093e21e9
 .debug_info    0x000331ef      0xf1e C:\Users\RAKIBU~1\AppData\Local\Temp\ccAUzNmG.debug.temp.o
                0x000331ef                chmtx.c.94e29f68
 .debug_info    0x0003410d     0x1134 C:\Users\RAKIBU~1\AppData\Local\Temp\ccCwH4cV.debug.temp.o
                0x0003410d                chevents.c.8cc19a6e
 .debug_info    0x00035241      0xea3 C:\Users\RAKIBU~1\AppData\Local\Temp\cc60tYBg.debug.temp.o
                0x00035241                chdynamic.c.17b5dec3
 .debug_info    0x000360e4      0xdca C:\Users\RAKIBU~1\AppData\Local\Temp\ccCoce2y.debug.temp.o
                0x000360e4                chmemcore.c.5de614d9
 .debug_info    0x00036eae      0xec0 C:\Users\RAKIBU~1\AppData\Local\Temp\ccXw2WLd.debug.temp.o
                0x00036eae                chmemheaps.c.cc0deef2
 .debug_info    0x00037d6e      0xf75 C:\Users\RAKIBU~1\AppData\Local\Temp\ccGNmWBV.debug.temp.o
                0x00037d6e                chmempools.c.7a328a19
 .debug_info    0x00038ce3      0xff5 C:\Users\RAKIBU~1\AppData\Local\Temp\ccfmtPH1.debug.temp.o
                0x00038ce3                chdelegates.c.9c6a17fa
 .debug_info    0x00039cd8     0x1e7d C:\Users\RAKIBU~1\AppData\Local\Temp\ccKdsSUI.debug.temp.o
                0x00039cd8                chfactory.c.57f7d13c
 .debug_info    0x0003bb55     0x1ce3 C:\Users\RAKIBU~1\AppData\Local\Temp\ccCso8y9.debug.temp.o
                0x0003bb55                chcore_v7m.c.40c2e8f7
 .debug_info    0x0003d838     0x19e2 C:\Users\RAKIBU~1\AppData\Local\Temp\ccXiZVaU.debug.temp.o
                0x0003d838                chprintf.c.d1950fa7
 .debug_info    0x0003f21a     0x226c C:\Users\RAKIBU~1\AppData\Local\Temp\cc8sLr45.debug.temp.o
                0x0003f21a                shell.c.bf8f6ec3
 .debug_info    0x00041486     0x215e C:\Users\RAKIBU~1\AppData\Local\Temp\cc1cAqpS.debug.temp.o
                0x00041486                shell_cmd.c.286eadde
 .debug_info    0x000435e4     0x2243 C:\Users\RAKIBU~1\AppData\Local\Temp\cckEoV1Y.debug.temp.o
                0x000435e4                oslib_test_sequence_003.c.324c05c6
 .debug_info    0x00045827     0x230d C:\Users\RAKIBU~1\AppData\Local\Temp\cchV0LTn.debug.temp.o
                0x00045827                main.c.e699cdab

.debug_abbrev   0x00000000     0x7637
 .debug_abbrev  0x00000000       0x14 build/obj/crt0_v7m.o
 .debug_abbrev  0x00000014       0x14 build/obj/vectors.o
 .debug_abbrev  0x00000028       0x14 build/obj/chcoreasm_v7m.o
 .debug_abbrev  0x0000003c      0x399 C:\Users\RAKIBU~1\AppData\Local\Temp\ch.elf.Tw5OYa.ltrans0.ltrans.o
 .debug_abbrev  0x000003d5       0xff C:\Users\RAKIBU~1\AppData\Local\Temp\ccLTrwvz.debug.temp.o
 .debug_abbrev  0x000004d4      0x22b C:\Users\RAKIBU~1\AppData\Local\Temp\cckZYl2X.debug.temp.o
 .debug_abbrev  0x000006ff      0x2b1 C:\Users\RAKIBU~1\AppData\Local\Temp\cctj6yzp.debug.temp.o
 .debug_abbrev  0x000009b0      0x357 C:\Users\RAKIBU~1\AppData\Local\Temp\ccQkSZFQ.debug.temp.o
 .debug_abbrev  0x00000d07      0x36a C:\Users\RAKIBU~1\AppData\Local\Temp\cchSpDwi.debug.temp.o
 .debug_abbrev  0x00001071      0x27b C:\Users\RAKIBU~1\AppData\Local\Temp\ccC6WQLI.debug.temp.o
 .debug_abbrev  0x000012ec      0x2ab C:\Users\RAKIBU~1\AppData\Local\Temp\ccfKusH9.debug.temp.o
 .debug_abbrev  0x00001597      0x270 C:\Users\RAKIBU~1\AppData\Local\Temp\ccs2Pn7z.debug.temp.o
 .debug_abbrev  0x00001807      0x381 C:\Users\RAKIBU~1\AppData\Local\Temp\ccLpwzC3.debug.temp.o
 .debug_abbrev  0x00001b88      0x2fc C:\Users\RAKIBU~1\AppData\Local\Temp\ccUX2VRx.debug.temp.o
 .debug_abbrev  0x00001e84      0x267 C:\Users\RAKIBU~1\AppData\Local\Temp\cc7rWTv0.debug.temp.o
 .debug_abbrev  0x000020eb      0x225 C:\Users\RAKIBU~1\AppData\Local\Temp\ccWjWXJs.debug.temp.o
 .debug_abbrev  0x00002310      0x238 C:\Users\RAKIBU~1\AppData\Local\Temp\cc7AlBDV.debug.temp.o
 .debug_abbrev  0x00002548      0x2ec C:\Users\RAKIBU~1\AppData\Local\Temp\ccF7nDkY.debug.temp.o
 .debug_abbrev  0x00002834      0x261 C:\Users\RAKIBU~1\AppData\Local\Temp\ccPBZcfZ.debug.temp.o
 .debug_abbrev  0x00002a95      0x39c C:\Users\RAKIBU~1\AppData\Local\Temp\ccoVpVBu.debug.temp.o
 .debug_abbrev  0x00002e31      0x285 C:\Users\RAKIBU~1\AppData\Local\Temp\ccf62wZ2.debug.temp.o
 .debug_abbrev  0x000030b6      0x2ed C:\Users\RAKIBU~1\AppData\Local\Temp\ccqB1G6B.debug.temp.o
 .debug_abbrev  0x000033a3      0x280 C:\Users\RAKIBU~1\AppData\Local\Temp\ccLHQNIa.debug.temp.o
 .debug_abbrev  0x00003623      0x37c C:\Users\RAKIBU~1\AppData\Local\Temp\ccXqtIvf.debug.temp.o
 .debug_abbrev  0x0000399f      0x215 C:\Users\RAKIBU~1\AppData\Local\Temp\ccgcQJhQ.debug.temp.o
 .debug_abbrev  0x00003bb4      0x2b3 C:\Users\RAKIBU~1\AppData\Local\Temp\ccbfa2Cq.debug.temp.o
 .debug_abbrev  0x00003e67      0x2ba C:\Users\RAKIBU~1\AppData\Local\Temp\ccG2OVD1.debug.temp.o
 .debug_abbrev  0x00004121      0x326 C:\Users\RAKIBU~1\AppData\Local\Temp\ccZprpZA.debug.temp.o
 .debug_abbrev  0x00004447      0x317 C:\Users\RAKIBU~1\AppData\Local\Temp\cc2kBb5a.debug.temp.o
 .debug_abbrev  0x0000475e      0x248 C:\Users\RAKIBU~1\AppData\Local\Temp\ccPL1TfO.debug.temp.o
 .debug_abbrev  0x000049a6      0x2f4 C:\Users\RAKIBU~1\AppData\Local\Temp\cc6hjSZq.debug.temp.o
 .debug_abbrev  0x00004c9a      0x2f7 C:\Users\RAKIBU~1\AppData\Local\Temp\ccAUzNmG.debug.temp.o
 .debug_abbrev  0x00004f91      0x2ec C:\Users\RAKIBU~1\AppData\Local\Temp\ccCwH4cV.debug.temp.o
 .debug_abbrev  0x0000527d      0x273 C:\Users\RAKIBU~1\AppData\Local\Temp\cc60tYBg.debug.temp.o
 .debug_abbrev  0x000054f0      0x295 C:\Users\RAKIBU~1\AppData\Local\Temp\ccCoce2y.debug.temp.o
 .debug_abbrev  0x00005785      0x2d8 C:\Users\RAKIBU~1\AppData\Local\Temp\ccXw2WLd.debug.temp.o
 .debug_abbrev  0x00005a5d      0x2db C:\Users\RAKIBU~1\AppData\Local\Temp\ccGNmWBV.debug.temp.o
 .debug_abbrev  0x00005d38      0x2c1 C:\Users\RAKIBU~1\AppData\Local\Temp\ccfmtPH1.debug.temp.o
 .debug_abbrev  0x00005ff9      0x33b C:\Users\RAKIBU~1\AppData\Local\Temp\ccKdsSUI.debug.temp.o
 .debug_abbrev  0x00006334      0x31e C:\Users\RAKIBU~1\AppData\Local\Temp\ccCso8y9.debug.temp.o
 .debug_abbrev  0x00006652      0x2ff C:\Users\RAKIBU~1\AppData\Local\Temp\ccXiZVaU.debug.temp.o
 .debug_abbrev  0x00006951      0x353 C:\Users\RAKIBU~1\AppData\Local\Temp\cc8sLr45.debug.temp.o
 .debug_abbrev  0x00006ca4      0x318 C:\Users\RAKIBU~1\AppData\Local\Temp\cc1cAqpS.debug.temp.o
 .debug_abbrev  0x00006fbc      0x301 C:\Users\RAKIBU~1\AppData\Local\Temp\cckEoV1Y.debug.temp.o
 .debug_abbrev  0x000072bd      0x37a C:\Users\RAKIBU~1\AppData\Local\Temp\cchV0LTn.debug.temp.o

.debug_aranges  0x00000000      0x410
 .debug_aranges
                0x00000000       0x20 build/obj/crt0_v7m.o
 .debug_aranges
                0x00000020       0x20 build/obj/vectors.o
 .debug_aranges
                0x00000040       0x20 build/obj/chcoreasm_v7m.o
 .debug_aranges
                0x00000060      0x3b0 C:\Users\RAKIBU~1\AppData\Local\Temp\ch.elf.Tw5OYa.ltrans0.ltrans.o

.debug_str      0x00000000     0x4e3d
 .debug_str     0x00000000       0x82 build/obj/crt0_v7m.o
 .debug_str     0x00000082       0x3d build/obj/vectors.o
                                 0x81 (size before relaxing)
 .debug_str     0x000000bf       0x41 build/obj/chcoreasm_v7m.o
                                 0x85 (size before relaxing)
 .debug_str     0x00000100      0x1af C:\Users\RAKIBU~1\AppData\Local\Temp\ch.elf.Tw5OYa.ltrans0.ltrans.o
                                0x216 (size before relaxing)
 .debug_str     0x000002af      0x42e C:\Users\RAKIBU~1\AppData\Local\Temp\ccLTrwvz.debug.temp.o
                                0x4dc (size before relaxing)
 .debug_str     0x000006dd      0x86e C:\Users\RAKIBU~1\AppData\Local\Temp\cckZYl2X.debug.temp.o
                                0xb82 (size before relaxing)
 .debug_str     0x00000f4b      0x131 C:\Users\RAKIBU~1\AppData\Local\Temp\cctj6yzp.debug.temp.o
                                0xc85 (size before relaxing)
 .debug_str     0x0000107c      0x6bf C:\Users\RAKIBU~1\AppData\Local\Temp\ccQkSZFQ.debug.temp.o
                               0x1275 (size before relaxing)
 .debug_str     0x0000173b       0xca C:\Users\RAKIBU~1\AppData\Local\Temp\cchSpDwi.debug.temp.o
                               0x10f7 (size before relaxing)
 .debug_str     0x00001805      0x279 C:\Users\RAKIBU~1\AppData\Local\Temp\ccC6WQLI.debug.temp.o
                                0xde8 (size before relaxing)
 .debug_str     0x00001a7e      0x367 C:\Users\RAKIBU~1\AppData\Local\Temp\ccfKusH9.debug.temp.o
                                0xecf (size before relaxing)
 .debug_str     0x00001de5       0xc9 C:\Users\RAKIBU~1\AppData\Local\Temp\ccs2Pn7z.debug.temp.o
                                0xc30 (size before relaxing)
 .debug_str     0x00001eae      0x2ff C:\Users\RAKIBU~1\AppData\Local\Temp\ccLpwzC3.debug.temp.o
                               0x12fa (size before relaxing)
 .debug_str     0x000021ad      0x130 C:\Users\RAKIBU~1\AppData\Local\Temp\ccUX2VRx.debug.temp.o
                                0xd04 (size before relaxing)
 .debug_str     0x000022dd      0x134 C:\Users\RAKIBU~1\AppData\Local\Temp\cc7rWTv0.debug.temp.o
                                0xc91 (size before relaxing)
 .debug_str     0x00002411      0x53a C:\Users\RAKIBU~1\AppData\Local\Temp\ccWjWXJs.debug.temp.o
                               0x108e (size before relaxing)
 .debug_str     0x0000294b      0x17a C:\Users\RAKIBU~1\AppData\Local\Temp\cc7AlBDV.debug.temp.o
                                0xd54 (size before relaxing)
 .debug_str     0x00002ac5      0x175 C:\Users\RAKIBU~1\AppData\Local\Temp\ccF7nDkY.debug.temp.o
                                0xe23 (size before relaxing)
 .debug_str     0x00002c3a       0x8a C:\Users\RAKIBU~1\AppData\Local\Temp\ccPBZcfZ.debug.temp.o
                                0xc4c (size before relaxing)
 .debug_str     0x00002cc4      0x2cb C:\Users\RAKIBU~1\AppData\Local\Temp\ccoVpVBu.debug.temp.o
                               0x13b6 (size before relaxing)
 .debug_str     0x00002f8f       0x7b C:\Users\RAKIBU~1\AppData\Local\Temp\ccf62wZ2.debug.temp.o
                                0xdc0 (size before relaxing)
 .debug_str     0x0000300a       0xa6 C:\Users\RAKIBU~1\AppData\Local\Temp\ccqB1G6B.debug.temp.o
                                0xdd6 (size before relaxing)
 .debug_str     0x000030b0      0x10c C:\Users\RAKIBU~1\AppData\Local\Temp\ccLHQNIa.debug.temp.o
                                0xdcf (size before relaxing)
 .debug_str     0x000031bc      0x30d C:\Users\RAKIBU~1\AppData\Local\Temp\ccXqtIvf.debug.temp.o
                                0xb44 (size before relaxing)
 .debug_str     0x000034c9       0xfa C:\Users\RAKIBU~1\AppData\Local\Temp\ccgcQJhQ.debug.temp.o
                                0x8ae (size before relaxing)
 .debug_str     0x000035c3       0xdc C:\Users\RAKIBU~1\AppData\Local\Temp\ccbfa2Cq.debug.temp.o
                                0x9ab (size before relaxing)
 .debug_str     0x0000369f       0x6b C:\Users\RAKIBU~1\AppData\Local\Temp\ccG2OVD1.debug.temp.o
                                0x863 (size before relaxing)
 .debug_str     0x0000370a      0x155 C:\Users\RAKIBU~1\AppData\Local\Temp\ccZprpZA.debug.temp.o
                                0x95c (size before relaxing)
 .debug_str     0x0000385f      0x28c C:\Users\RAKIBU~1\AppData\Local\Temp\cc2kBb5a.debug.temp.o
                                0xad5 (size before relaxing)
 .debug_str     0x00003aeb       0xbc C:\Users\RAKIBU~1\AppData\Local\Temp\ccPL1TfO.debug.temp.o
                                0x8f1 (size before relaxing)
 .debug_str     0x00003ba7       0xa4 C:\Users\RAKIBU~1\AppData\Local\Temp\cc6hjSZq.debug.temp.o
                                0xc40 (size before relaxing)
 .debug_str     0x00003c4b       0xbc C:\Users\RAKIBU~1\AppData\Local\Temp\ccAUzNmG.debug.temp.o
                                0x8a9 (size before relaxing)
 .debug_str     0x00003d07      0x1a0 C:\Users\RAKIBU~1\AppData\Local\Temp\ccCwH4cV.debug.temp.o
                                0x9b3 (size before relaxing)
 .debug_str     0x00003ea7       0x9d C:\Users\RAKIBU~1\AppData\Local\Temp\cc60tYBg.debug.temp.o
                                0x88c (size before relaxing)
 .debug_str     0x00003f44       0xa1 C:\Users\RAKIBU~1\AppData\Local\Temp\ccCoce2y.debug.temp.o
                                0x857 (size before relaxing)
 .debug_str     0x00003fe5       0x9f C:\Users\RAKIBU~1\AppData\Local\Temp\ccXw2WLd.debug.temp.o
                                0x86c (size before relaxing)
 .debug_str     0x00004084      0x13f C:\Users\RAKIBU~1\AppData\Local\Temp\ccGNmWBV.debug.temp.o
                                0x908 (size before relaxing)
 .debug_str     0x000041c3      0x17e C:\Users\RAKIBU~1\AppData\Local\Temp\ccfmtPH1.debug.temp.o
                                0x93e (size before relaxing)
 .debug_str     0x00004341      0x3e5 C:\Users\RAKIBU~1\AppData\Local\Temp\ccKdsSUI.debug.temp.o
                                0xff8 (size before relaxing)
 .debug_str     0x00004726      0x12b C:\Users\RAKIBU~1\AppData\Local\Temp\ccCso8y9.debug.temp.o
                               0x1333 (size before relaxing)
 .debug_str     0x00004851      0x134 C:\Users\RAKIBU~1\AppData\Local\Temp\ccXiZVaU.debug.temp.o
                                0xcbc (size before relaxing)
 .debug_str     0x00004985      0x17b C:\Users\RAKIBU~1\AppData\Local\Temp\cc8sLr45.debug.temp.o
                               0x1125 (size before relaxing)
 .debug_str     0x00004b00       0x8b C:\Users\RAKIBU~1\AppData\Local\Temp\cc1cAqpS.debug.temp.o
                               0x10c7 (size before relaxing)
 .debug_str     0x00004b8b      0x24c C:\Users\RAKIBU~1\AppData\Local\Temp\cckEoV1Y.debug.temp.o
                               0x11b2 (size before relaxing)
 .debug_str     0x00004dd7       0x66 C:\Users\RAKIBU~1\AppData\Local\Temp\cchV0LTn.debug.temp.o
                               0x1172 (size before relaxing)

.debug_loc      0x00000000     0x8ed0
 .debug_loc     0x00000000     0x8ed0 C:\Users\RAKIBU~1\AppData\Local\Temp\ch.elf.Tw5OYa.ltrans0.ltrans.o

.debug_ranges   0x00000000     0x49e8
 .debug_ranges  0x00000000     0x49e8 C:\Users\RAKIBU~1\AppData\Local\Temp\ch.elf.Tw5OYa.ltrans0.ltrans.o

.debug_frame    0x00000000      0xf28
 .debug_frame   0x00000000      0xda4 C:\Users\RAKIBU~1\AppData\Local\Temp\ch.elf.Tw5OYa.ltrans0.ltrans.o
 .debug_frame   0x00000da4       0x3c c:/chibistudio/tools/gnu tools arm embedded/9.0 2019q4/bin/../lib/gcc/arm-none-eabi/9.2.1/../../../../arm-none-eabi/lib/thumb/v7e-m/nofp\libg.a(lib_a-memcmp.o)
 .debug_frame   0x00000de0       0x38 c:/chibistudio/tools/gnu tools arm embedded/9.0 2019q4/bin/../lib/gcc/arm-none-eabi/9.2.1/../../../../arm-none-eabi/lib/thumb/v7e-m/nofp\libg.a(lib_a-memset.o)
 .debug_frame   0x00000e18       0x40 c:/chibistudio/tools/gnu tools arm embedded/9.0 2019q4/bin/../lib/gcc/arm-none-eabi/9.2.1/../../../../arm-none-eabi/lib/thumb/v7e-m/nofp\libg.a(lib_a-strchr.o)
 .debug_frame   0x00000e58       0x68 c:/chibistudio/tools/gnu tools arm embedded/9.0 2019q4/bin/../lib/gcc/arm-none-eabi/9.2.1/../../../../arm-none-eabi/lib/thumb/v7e-m/nofp\libg.a(lib_a-strcmp.o)
 .debug_frame   0x00000ec0       0x34 c:/chibistudio/tools/gnu tools arm embedded/9.0 2019q4/bin/../lib/gcc/arm-none-eabi/9.2.1/../../../../arm-none-eabi/lib/thumb/v7e-m/nofp\libg.a(lib_a-strpbrk.o)
 .debug_frame   0x00000ef4       0x34 c:/chibistudio/tools/gnu tools arm embedded/9.0 2019q4/bin/../lib/gcc/arm-none-eabi/9.2.1/../../../../arm-none-eabi/lib/thumb/v7e-m/nofp\libg.a(lib_a-strspn.o)

Cross Reference Table

Symbol                                            File
BusFault_Handler                                  build/obj/vectors.o
DebugMon_Handler                                  build/obj/vectors.o
HardFault_Handler                                 build/obj/vectors.o
MemManage_Handler                                 build/obj/vectors.o
NMI_Handler                                       build/obj/vectors.o