Archive member included to satisfy reference by file (symbol)

c:/chibistudio/tools/gnu tools arm embedded/9.0 2019q4/bin/../lib/gcc/arm-none-eabi/9.2.1/../../../../arm-none-eabi/lib/thumb/v7-m/nofp\libg.a(lib_a-memcmp.o)
                              C:\Users\RAKIBU~1\AppData\Local\Temp\ch.elf.ULtIRf.ltrans0.ltrans.o (memcmp)
c:/chibistudio/tools/gnu tools arm embedded/9.0 2019q4/bin/../lib/gcc/arm-none-eabi/9.2.1/../../../../arm-none-eabi/lib/thumb/v7-m/nofp\libg.a(lib_a-memcpy.o)
                              C:\Users\RAKIBU~1\AppData\Local\Temp\ch.elf.ULtIRf.ltrans0.ltrans.o (memcpy)
c:/chibistudio/tools/gnu tools arm embedded/9.0 2019q4/bin/../lib/gcc/arm-none-eabi/9.2.1/../../../../arm-none-eabi/lib/thumb/v7-m/nofp\libg.a(lib_a-memset.o)
                              C:\Users\RAKIBU~1\AppData\Local\Temp\ch.elf.ULtIRf.ltrans0.ltrans.o (memset)
c:/chibistudio/tools/gnu tools arm embedded/9.0 2019q4/bin/../lib/gcc/arm-none-eabi/9.2.1/../../../../arm-none-eabi/lib/thumb/v7-m/nofp\libg.a(lib_a-strchr.o)
                              C:\Users\RAKIBU~1\AppData\Local\Temp\ch.elf.ULtIRf.ltrans1.ltrans.o (strchr)
c:/chibistudio/tools/gnu tools arm embedded/9.0 2019q4/bin/../lib/gcc/arm-none-eabi/9.2.1/../../../../arm-none-eabi/lib/thumb/v7-m/nofp\libg.a(lib_a-strcmp.o)
                              C:\Users\RAKIBU~1\AppData\Local\Temp\ch.elf.ULtIRf.ltrans1.ltrans.o (strcmp)
c:/chibistudio/tools/gnu tools arm embedded/9.0 2019q4/bin/../lib/gcc/arm-none-eabi/9.2.1/../../../../arm-none-eabi/lib/thumb/v7-m/nofp\libg.a(lib_a-strcpy.o)
                              C:\Users\RAKIBU~1\AppData\Local\Temp\ch.elf.ULtIRf.ltrans0.ltrans.o (strcpy)
c:/chibistudio/tools/gnu tools arm embedded/9.0 2019q4/bin/../lib/gcc/arm-none-eabi/9.2.1/../../../../arm-none-eabi/lib/thumb/v7-m/nofp\libg.a(lib_a-strlen-stub.o)
                              C:\Users\RAKIBU~1\AppData\Local\Temp\ch.elf.ULtIRf.ltrans0.ltrans.o (strlen)
c:/chibistudio/tools/gnu tools arm embedded/9.0 2019q4/bin/../lib/gcc/arm-none-eabi/9.2.1/../../../../arm-none-eabi/lib/thumb/v7-m/nofp\libg.a(lib_a-strncmp.o)
                              C:\Users\RAKIBU~1\AppData\Local\Temp\ch.elf.ULtIRf.ltrans1.ltrans.o (strncmp)
c:/chibistudio/tools/gnu tools arm embedded/9.0 2019q4/bin/../lib/gcc/arm-none-eabi/9.2.1/../../../../arm-none-eabi/lib/thumb/v7-m/nofp\libg.a(lib_a-strncpy.o)
                              C:\Users\RAKIBU~1\AppData\Local\Temp\ch.elf.ULtIRf.ltrans1.ltrans.o (strncpy)
c:/chibistudio/tools/gnu tools arm embedded/9.0 2019q4/bin/../lib/gcc/arm-none-eabi/9.2.1/../../../../arm-none-eabi/lib/thumb/v7-m/nofp\libg.a(lib_a-strpbrk.o)
                              C:\Users\RAKIBU~1\AppData\Local\Temp\ch.elf.ULtIRf.ltrans1.ltrans.o (strpbrk)
c:/chibistudio/tools/gnu tools arm embedded/9.0 2019q4/bin/../lib/gcc/arm-none-eabi/9.2.1/../../../../arm-none-eabi/lib/thumb/v7-m/nofp\libg.a(lib_a-strspn.o)
                              C:\Users\RAKIBU~1\AppData\Local\Temp\ch.elf.ULtIRf.ltrans1.ltrans.o (strspn)

Discarded input sections

 .data          0x00000000        0x0 ./build/obj/crt0_v7m.o
 .bss           0x00000000        0x0 ./build/obj/crt0_v7m.o
 .data          0x00000000        0x0 ./build/obj/vectors.o
 .bss           0x00000000        0x0 ./build/obj/vectors.o
 .data          0x00000000        0x0 ./build/obj/chcoreasm_v7m.o
 .bss           0x00000000        0x0 ./build/obj/chcoreasm_v7m.o
 .text          0x00000000        0x0 C:\Users\RAKIBU~1\AppData\Local\Temp\ch.elf.ULtIRf.ltrans0.ltrans.o
 .data          0x00000000        0x0 C:\Users\RAKIBU~1\AppData\Local\Temp\ch.elf.ULtIRf.ltrans0.ltrans.o
 .bss           0x00000000        0x0 C:\Users\RAKIBU~1\AppData\Local\Temp\ch.elf.ULtIRf.ltrans0.ltrans.o
 .text          0x00000000        0x0 C:\Users\RAKIBU~1\AppData\Local\Temp\ch.elf.ULtIRf.ltrans1.ltrans.o
 .data          0x00000000        0x0 C:\Users\RAKIBU~1\AppData\Local\Temp\ch.elf.ULtIRf.ltrans1.ltrans.o
 .bss           0x00000000        0x0 C:\Users\RAKIBU~1\AppData\Local\Temp\ch.elf.ULtIRf.ltrans1.ltrans.o
 .comment       0x00000000       0x7a C:\Users\RAKIBU~1\AppData\Local\Temp\cch5nJgM.debug.temp.o
 .comment       0x00000000       0x7a C:\Users\RAKIBU~1\AppData\Local\Temp\ccmroM3f.debug.temp.o
 .comment       0x00000000       0x7a C:\Users\RAKIBU~1\AppData\Local\Temp\ccRgbWpJ.debug.temp.o
 .comment       0x00000000       0x7a C:\Users\RAKIBU~1\AppData\Local\Temp\ccwdJDrd.debug.temp.o
 .comment       0x00000000       0x7a C:\Users\RAKIBU~1\AppData\Local\Temp\ccxvOrNF.debug.temp.o
 .comment       0x00000000       0x7a C:\Users\RAKIBU~1\AppData\Local\Temp\ccuHb8T8.debug.temp.o
 .comment       0x00000000       0x7a C:\Users\RAKIBU~1\AppData\Local\Temp\ccxo170E.debug.temp.o
 .comment       0x00000000       0x7a C:\Users\RAKIBU~1\AppData\Local\Temp\ccMfTFNb.debug.temp.o
 .comment       0x00000000       0x7a C:\Users\RAKIBU~1\AppData\Local\Temp\ccDuRjaI.debug.temp.o
[...]
Memory Configuration

Name             Origin             Length             Attributes
flash0           0x08000000         0x00020000         xr
flash1           0x00000000         0x00000000         xr
flash2           0x00000000         0x00000000         xr
flash3           0x00000000         0x00000000         xr
flash4           0x00000000         0x00000000         xr
flash5           0x00000000         0x00000000         xr
flash6           0x00000000         0x00000000         xr
flash7           0x00000000         0x00000000         xr
ram0             0x20000000         0x00005000         xw
ram1             0x00000000         0x00000000         xw
ram2             0x00000000         0x00000000         xw
ram3             0x00000000         0x00000000         xw
ram4             0x00000000         0x00000000         xw
ram5             0x00000000         0x00000000         xw
ram6             0x00000000         0x00000000         xw
ram7             0x00000000         0x00000000         xw
*default*        0x00000000         0xffffffff

Linker script and memory map

LOAD ./build/obj/crt0_v7m.o
LOAD ./build/obj/vectors.o
LOAD ./build/obj/chcoreasm_v7m.o
LOAD C:\Users\RAKIBU~1\AppData\Local\Temp\ch.elf.ULtIRf.ltrans0.ltrans.o
LOAD C:\Users\RAKIBU~1\AppData\Local\Temp\ch.elf.ULtIRf.ltrans1.ltrans.o
LOAD C:\Users\RAKIBU~1\AppData\Local\Temp\cch5nJgM.debug.temp.o
LOAD C:\Users\RAKIBU~1\AppData\Local\Temp\ccmroM3f.debug.temp.o
LOAD C:\Users\RAKIBU~1\AppData\Local\Temp\ccRgbWpJ.debug.temp.o
LOAD C:\Users\RAKIBU~1\AppData\Local\Temp\ccwdJDrd.debug.temp.o
LOAD C:\Users\RAKIBU~1\AppData\Local\Temp\ccxvOrNF.debug.temp.o
LOAD C:\Users\RAKIBU~1\AppData\Local\Temp\ccuHb8T8.debug.temp.o
LOAD C:\Users\RAKIBU~1\AppData\Local\Temp\ccxo170E.debug.temp.o
LOAD C:\Users\RAKIBU~1\AppData\Local\Temp\ccMfTFNb.debug.temp.o
LOAD C:\Users\RAKIBU~1\AppData\Local\Temp\ccDuRjaI.debug.temp.o
LOAD C:\Users\RAKIBU~1\AppData\Local\Temp\ccEifbRc.debug.temp.o
LOAD C:\Users\RAKIBU~1\AppData\Local\Temp\cct8M7cI.debug.temp.o
LOAD C:\Users\RAKIBU~1\AppData\Local\Temp\ccq6WkEg.debug.temp.o
LOAD C:\Users\RAKIBU~1\AppData\Local\Temp\ccVlNPLP.debug.temp.o
LOAD C:\Users\RAKIBU~1\AppData\Local\Temp\ccQAGjoo.debug.temp.o
LOAD C:\Users\RAKIBU~1\AppData\Local\Temp\ccp63NkV.debug.temp.o
LOAD C:\Users\RAKIBU~1\AppData\Local\Temp\ccQfGwWs.debug.temp.o
LOAD C:\Users\RAKIBU~1\AppData\Local\Temp\ccl1YbE3.debug.temp.o
LOAD C:\Users\RAKIBU~1\AppData\Local\Temp\cca76SWE.debug.temp.o
LOAD C:\Users\RAKIBU~1\AppData\Local\Temp\cclCSeAe.debug.temp.o
LOAD C:\Users\RAKIBU~1\AppData\Local\Temp\ccWAiDOO.debug.temp.o
LOAD C:\Users\RAKIBU~1\AppData\Local\Temp\ccFDYt3r.debug.temp.o
LOAD C:\Users\RAKIBU~1\AppData\Local\Temp\cccOzMN4.debug.temp.o
LOAD C:\Users\RAKIBU~1\AppData\Local\Temp\cc9rP78H.debug.temp.o
LOAD C:\Users\RAKIBU~1\AppData\Local\Temp\ccaY5fOj.debug.temp.o
LOAD C:\Users\RAKIBU~1\AppData\Local\Temp\ccLM084V.debug.temp.o
LOAD C:\Users\RAKIBU~1\AppData\Local\Temp\ccgSPRmB.debug.temp.o
LOAD C:\Users\RAKIBU~1\AppData\Local\Temp\ccXBqgoh.debug.temp.o
LOAD C:\Users\RAKIBU~1\AppData\Local\Temp\cci81NJV.debug.temp.o
LOAD C:\Users\RAKIBU~1\AppData\Local\Temp\ccTqmAAz.debug.temp.o
LOAD C:\Users\RAKIBU~1\AppData\Local\Temp\ccGTIU6d.debug.temp.o
LOAD C:\Users\RAKIBU~1\AppData\Local\Temp\ccrfkuIV.debug.temp.o
LOAD C:\Users\RAKIBU~1\AppData\Local\Temp\cc6T6f0D.debug.temp.o
LOAD C:\Users\RAKIBU~1\AppData\Local\Temp\ccLmp5Bk.debug.temp.o
LOAD C:\Users\RAKIBU~1\AppData\Local\Temp\ccSRFCX1.debug.temp.o
LOAD C:\Users\RAKIBU~1\AppData\Local\Temp\ccdyOYNI.debug.temp.o
LOAD C:\Users\RAKIBU~1\AppData\Local\Temp\ccacQuKs.debug.temp.o
LOAD C:\Users\RAKIBU~1\AppData\Local\Temp\ccbihpmd.debug.temp.o
LOAD C:\Users\RAKIBU~1\AppData\Local\Temp\ccqx9oiW.debug.temp.o
LOAD C:\Users\RAKIBU~1\AppData\Local\Temp\ccD7UjYF.debug.temp.o
LOAD C:\Users\RAKIBU~1\AppData\Local\Temp\ccy69Y8o.debug.temp.o
LOAD C:\Users\RAKIBU~1\AppData\Local\Temp\ccFTVllb.debug.temp.o
LOAD C:\Users\RAKIBU~1\AppData\Local\Temp\ccKt1dhY.debug.temp.o
LOAD C:\Users\RAKIBU~1\AppData\Local\Temp\ccZCwjxJ.debug.temp.o
LOAD C:\Users\RAKIBU~1\AppData\Local\Temp\cc2lLTsv.debug.temp.o
LOAD C:\Users\RAKIBU~1\AppData\Local\Temp\ccrCn4pk.debug.temp.o
LOAD C:\Users\RAKIBU~1\AppData\Local\Temp\ccAOt7V8.debug.temp.o
LOAD C:\Users\RAKIBU~1\AppData\Local\Temp\cc7ypz8X.debug.temp.o
LOAD C:\Users\RAKIBU~1\AppData\Local\Temp\ccaO6jEL.debug.temp.o
LOAD C:\Users\RAKIBU~1\AppData\Local\Temp\ccNp4TUz.debug.temp.o
LOAD C:\Users\RAKIBU~1\AppData\Local\Temp\cc4laSbr.debug.temp.o
LOAD C:\Users\RAKIBU~1\AppData\Local\Temp\cchAui2h.debug.temp.o
LOAD C:\Users\RAKIBU~1\AppData\Local\Temp\ccOe3Py9.debug.temp.o
LOAD C:\Users\RAKIBU~1\AppData\Local\Temp\cc3LaxpZ.debug.temp.o
LOAD C:\Users\RAKIBU~1\AppData\Local\Temp\ccC99UZP.debug.temp.o
LOAD C:\Users\RAKIBU~1\AppData\Local\Temp\ccrPy3AJ.debug.temp.o
LOAD C:\Users\RAKIBU~1\AppData\Local\Temp\ccQljqMC.debug.temp.o
LOAD C:\Users\RAKIBU~1\AppData\Local\Temp\ccBhtmDw.debug.temp.o
LOAD C:\Users\RAKIBU~1\AppData\Local\Temp\cc4zVzSo.debug.temp.o
LOAD C:\Users\RAKIBU~1\AppData\Local\Temp\cc78exNh.debug.temp.o
LOAD C:\Users\RAKIBU~1\AppData\Local\Temp\ccWMCzNd.debug.temp.o
LOAD C:\Users\RAKIBU~1\AppData\Local\Temp\ccxV1mi9.debug.temp.o
LOAD C:\Users\RAKIBU~1\AppData\Local\Temp\cca7x3x5.debug.temp.o
LOAD C:\Users\RAKIBU~1\AppData\Local\Temp\ccL3iN7Z.debug.temp.o
LOAD C:\Users\RAKIBU~1\AppData\Local\Temp\ccWGiAmV.debug.temp.o
LOAD C:\Users\RAKIBU~1\AppData\Local\Temp\ccX2tSGT.debug.temp.o
LOAD C:\Users\RAKIBU~1\AppData\Local\Temp\ccOzRCwR.debug.temp.o
LOAD C:\Users\RAKIBU~1\AppData\Local\Temp\cc9bu55P.debug.temp.o
LOAD C:\Users\RAKIBU~1\AppData\Local\Temp\ccEnwLZM.debug.temp.o
LOAD C:\Users\RAKIBU~1\AppData\Local\Temp\cchbm8uK.debug.temp.o
LOAD C:\Users\RAKIBU~1\AppData\Local\Temp\ccgqGw5K.debug.temp.o
LOAD C:\Users\RAKIBU~1\AppData\Local\Temp\cctSjtlM.debug.temp.o
LOAD C:\Users\RAKIBU~1\AppData\Local\Temp\ccmCpTQL.debug.temp.o
LOAD C:\Users\RAKIBU~1\AppData\Local\Temp\ccRJBpWK.debug.temp.o
LOAD C:\Users\RAKIBU~1\AppData\Local\Temp\ccKjuvHK.debug.temp.o
LOAD C:\Users\RAKIBU~1\AppData\Local\Temp\ccnttPtN.debug.temp.o
LOAD C:\Users\RAKIBU~1\AppData\Local\Temp\cckt4zVQ.debug.temp.o
LOAD C:\Users\RAKIBU~1\AppData\Local\Temp\ccZluKLS.debug.temp.o
LOAD C:\Users\RAKIBU~1\AppData\Local\Temp\ccexyFdV.debug.temp.o
LOAD C:\Users\RAKIBU~1\AppData\Local\Temp\ccpYxvaX.debug.temp.o

.mstack         0x20000000      0x400
                0x20000000                . = ALIGN (0x8)
                0x20000000                __main_stack_base__ = .
                0x20000400                . = (. + __main_stack_size__)
 *fill*         0x20000000      0x400 
                0x20000400                . = ALIGN (0x8)
                0x20000400                __main_stack_end__ = .

.pstack         0x20000400      0x400
                0x20000400                . = ALIGN (0x8)
                0x20000400                __process_stack_base__ = .
                0x20000400                __main_thread_stack_base__ = .
                0x20000800                . = (. + __process_stack_size__)
 *fill*         0x20000400      0x400 
                0x20000800                . = ALIGN (0x8)
                0x20000800                __process_stack_end__ = .
                0x20000800                __main_thread_stack_end__ = .

.vectors        0x08000000      0x160
 *(.vectors)
 .vectors       0x08000000      0x160 ./build/obj/vectors.o
                0x08000000                _vectors

.xtors          0x08000160        0x0
                0x08000160                __init_array_base__ = .
 *(SORT_BY_NAME(.init_array.*))
 *(.init_array)
                0x08000160                __init_array_end__ = .
                0x08000160                __fini_array_base__ = .
 *(.fini_array)
 *(SORT_BY_NAME(.fini_array.*))
                0x08000160                __fini_array_end__ = .

.text           0x08000160     0xc444
                0x08000160                __text_base__ = .
 *(.text)
 .text          0x08000160       0xd8 ./build/obj/crt0_v7m.o
                0x08000160                _crt0_entry
 .text          0x08000238        0x8 ./build/obj/vectors.o
                0x08000238                Reset_Handler
                0x0800023a                VectorE8
                0x0800023a                Vector9C
                0x0800023a                VectorAC
                0x0800023a                DebugMon_Handler
                0x0800023a                Vector5C
                0x0800023a                Vector11C
                0x0800023a                HardFault_Handler
                0x0800023a                Vector8C
                0x0800023a                SysTick_Handler
                0x0800023a                VectorDC
                0x0800023a                PendSV_Handler
                0x0800023a                NMI_Handler
                0x0800023a                Vector110
                0x0800023a                Vector120
                0x0800023a                VectorC8
                0x0800023a                Vector94
                0x0800023a                VectorA8
                0x0800023a                VectorB4
                0x0800023a                UsageFault_Handler
                0x0800023a                VectorEC
                0x0800023a                Vector40
                0x0800023a                VectorF8
                0x0800023a                Vector108
                0x0800023a                VectorBC
                0x0800023a                Vector150
                0x0800023a                Vector124
                0x0800023a                Vector148
                0x0800023a                Vector118
                0x0800023a                Vector64
                0x0800023a                Vector58
                0x0800023a                VectorCC
                0x0800023a                Vector54
                0x0800023a                Vector98
                0x0800023a                Vector138
                0x0800023a                Vector24
                0x0800023a                VectorD0
                0x0800023a                Vector140
                0x0800023a                VectorE4
                0x0800023a                VectorC0
                0x0800023a                Vector158
                0x0800023a                Vector130
                0x0800023a                Vector134
                0x0800023a                VectorF0
                0x0800023a                Vector12C
                0x0800023a                Vector13C
                0x0800023a                Vector100
                0x0800023a                VectorE0
                0x0800023a                VectorF4
                0x0800023a                MemManage_Handler
                0x0800023a                VectorA0
                0x0800023a                VectorC4
                0x0800023a                Vector90
                0x0800023a                Vector114
                0x0800023a                Vector60
                0x0800023a                Vector1C
                0x0800023a                Vector48
                0x0800023a                VectorD4
                0x0800023a                Vector4C
                0x0800023a                Vector144
                0x0800023a                Vector15C
                0x0800023a                Vector68
                0x0800023a                VectorA4
                0x0800023a                Vector88
                0x0800023a                Vector104
                0x0800023a                Vector10C
                0x0800023a                Vector14C
                0x0800023a                BusFault_Handler
                0x0800023a                Vector50
                0x0800023a                Vector154
                0x0800023a                Vector44
                0x0800023a                Vector28
                0x0800023a                VectorB8
                0x0800023a                VectorFC
                0x0800023a                Vector34
                0x0800023a                Vector128
                0x0800023a                Vector20
                0x0800023e                _unhandled_exception
 .text          0x08000240       0x2a ./build/obj/chcoreasm_v7m.o
                0x08000240                _port_switch
                0x08000250                _port_thread_start
                0x08000262                _port_switch_from_isr
                0x08000266                _port_exit_from_isr
 *fill*         0x0800026a        0x2 
 .text          0x0800026c       0xec c:/chibistudio/tools/gnu tools arm embedded/9.0 2019q4/bin/../lib/gcc/arm-none-eabi/9.2.1/../../../../arm-none-eabi/lib/thumb/v7-m/nofp\libg.a(lib_a-memcpy.o)
                0x0800026c                memcpy
 .text          0x08000358      0x1bc c:/chibistudio/tools/gnu tools arm embedded/9.0 2019q4/bin/../lib/gcc/arm-none-eabi/9.2.1/../../../../arm-none-eabi/lib/thumb/v7-m/nofp\libg.a(lib_a-strcmp.o)
                0x08000358                strcmp
 *(.text.*)
 *fill*         0x08000514        0xc 
 .text.chMtxTryLock.constprop.0
                0x08000520       0x34 C:\Users\RAKIBU~1\AppData\Local\Temp\ch.elf.ULtIRf.ltrans0.ltrans.o
 *fill*         0x08000554        0xc 
 .text.chEvtRegisterMaskWithFlags.constprop.0
                0x08000560       0x2c C:\Users\RAKIBU~1\AppData\Local\Temp\ch.elf.ULtIRf.ltrans0.ltrans.o
 *fill*         0x0800058c        0x4 
 .text.chEvtGetAndClearEvents.constprop.0
                0x08000590       0x1c C:\Users\RAKIBU~1\AppData\Local\Temp\ch.elf.ULtIRf.ltrans0.ltrans.o
 *fill*         0x080005ac        0x4 
 .text._test_assert_time_window.constprop.0
                0x080005b0       0x3c C:\Users\RAKIBU~1\AppData\Local\Temp\ch.elf.ULtIRf.ltrans0.ltrans.o
 *fill*         0x080005ec        0x4 
 .text.oslib_test_008_001_setup.lto_priv.0
                0x080005f0       0x38 C:\Users\RAKIBU~1\AppData\Local\Temp\ch.elf.ULtIRf.ltrans0.ltrans.o
                0x080005f0                oslib_test_008_001_setup.lto_priv.0
 *fill*         0x08000628        0x8 
 .text.oslib_test_007_003_setup.lto_priv.0
                0x08000630       0x1c C:\Users\RAKIBU~1\AppData\Local\Temp\ch.elf.ULtIRf.ltrans0.ltrans.o
                0x08000630                oslib_test_007_003_setup.lto_priv.0
 *fill*         0x0800064c        0x4 
 .text.oslib_test_007_002_setup
                0x08000650        0x4 C:\Users\RAKIBU~1\AppData\Local\Temp\ch.elf.ULtIRf.ltrans0.ltrans.o
                0x08000650                oslib_test_007_002_setup.lto_priv.0
 *fill*         0x08000654        0xc 
 .text.null_provider
                0x08000660        0x4 C:\Users\RAKIBU~1\AppData\Local\Temp\ch.elf.ULtIRf.ltrans0.ltrans.o
 *fill*         0x08000664        0xc 
 .text.oslib_test_007_001_setup.lto_priv.0
                0x08000670       0x14 C:\Users\RAKIBU~1\AppData\Local\Temp\ch.elf.ULtIRf.ltrans0.ltrans.o
                0x08000670                oslib_test_007_001_setup.lto_priv.0
 *fill*         0x08000684        0xc 
 .text.oslib_test_003_002_setup.lto_priv.0
                0x08000690       0x48 C:\Users\RAKIBU~1\AppData\Local\Temp\ch.elf.ULtIRf.ltrans0.ltrans.o
                0x08000690                oslib_test_003_002_setup.lto_priv.0
 *fill*         0x080006d8        0x8 
 .text.oslib_test_003_001_setup.lto_priv.0
                0x080006e0       0x48 C:\Users\RAKIBU~1\AppData\Local\Temp\ch.elf.ULtIRf.ltrans0.ltrans.o
                0x080006e0                oslib_test_003_001_setup.lto_priv.0
 *fill*         0x08000728        0x8 
 .text.oslib_test_002_003_setup.lto_priv.0
                0x08000730       0x34 C:\Users\RAKIBU~1\AppData\Local\Temp\ch.elf.ULtIRf.ltrans0.ltrans.o
                0x08000730                oslib_test_002_003_setup.lto_priv.0
 *fill*         0x08000764        0xc 
 .text.oslib_test_002_002_setup
                0x08000770        0x4 C:\Users\RAKIBU~1\AppData\Local\Temp\ch.elf.ULtIRf.ltrans0.ltrans.o
                0x08000770                oslib_test_002_002_setup.lto_priv.0
 *fill*         0x08000774        0xc 
 .text.oslib_test_002_001_setup
                0x08000780        0x4 C:\Users\RAKIBU~1\AppData\Local\Temp\ch.elf.ULtIRf.ltrans0.ltrans.o
                0x08000780                oslib_test_002_001_setup.lto_priv.0
 *fill*         0x08000784        0xc 
 .text.rt_test_011_011_setup.lto_priv.0
                0x08000790       0x10 C:\Users\RAKIBU~1\AppData\Local\Temp\ch.elf.ULtIRf.ltrans0.ltrans.o
                0x08000790                rt_test_011_011_setup.lto_priv.0
 .text.rt_test_011_010_setup.lto_priv.0
                0x080007a0       0x10 C:\Users\RAKIBU~1\AppData\Local\Temp\ch.elf.ULtIRf.ltrans0.ltrans.o
                0x080007a0                rt_test_011_010_setup.lto_priv.0
 .text.tmo      0x080007b0        0x4 C:\Users\RAKIBU~1\AppData\Local\Temp\ch.elf.ULtIRf.ltrans0.ltrans.o
 *fill*         0x080007b4        0xc 
 .text.rt_test_011_007_setup.lto_priv.0
                0x080007c0       0x10 C:\Users\RAKIBU~1\AppData\Local\Temp\ch.elf.ULtIRf.ltrans0.ltrans.o
                0x080007c0                rt_test_011_007_setup.lto_priv.0
 .text.rt_test_010_002_setup.lto_priv.0
                0x080007d0       0x18 C:\Users\RAKIBU~1\AppData\Local\Temp\ch.elf.ULtIRf.ltrans0.ltrans.o
                0x080007d0                rt_test_010_002_setup.lto_priv.0
 *fill*         0x080007e8        0x8 
 .text.rt_test_010_001_setup.lto_priv.0
                0x080007f0       0x38 C:\Users\RAKIBU~1\AppData\Local\Temp\ch.elf.ULtIRf.ltrans0.ltrans.o
                0x080007f0                rt_test_010_001_setup.lto_priv.0
 *fill*         0x08000828        0x8 
 .text.rt_test_009_007_setup.lto_priv.0
                0x08000830       0x18 C:\Users\RAKIBU~1\AppData\Local\Temp\ch.elf.ULtIRf.ltrans0.ltrans.o
                0x08000830                rt_test_009_007_setup.lto_priv.0
 *fill*         0x08000848        0x8 
 .text.rt_test_009_006_setup.lto_priv.0
                0x08000850        0x4 C:\Users\RAKIBU~1\AppData\Local\Temp\ch.elf.ULtIRf.ltrans0.ltrans.o
                0x08000850                rt_test_009_006_setup.lto_priv.0
 *fill*         0x08000854        0xc 
 .text.rt_test_009_005_setup
                0x08000860        0x4 C:\Users\RAKIBU~1\AppData\Local\Temp\ch.elf.ULtIRf.ltrans0.ltrans.o
                0x08000860                rt_test_009_005_setup.lto_priv.0
 *fill*         0x08000864        0xc 
 .text.rt_test_009_004_setup
                0x08000870        0x4 C:\Users\RAKIBU~1\AppData\Local\Temp\ch.elf.ULtIRf.ltrans0.ltrans.o
                0x08000870                rt_test_009_004_setup.lto_priv.0
 *fill*         0x08000874        0xc 
 .text.rt_test_009_003_setup
                0x08000880        0x4 C:\Users\RAKIBU~1\AppData\Local\Temp\ch.elf.ULtIRf.ltrans0.ltrans.o
                0x08000880                rt_test_009_003_setup.lto_priv.0
 *fill*         0x08000884        0xc 
 .text.rt_test_009_002_setup
                0x08000890        0x4 C:\Users\RAKIBU~1\AppData\Local\Temp\ch.elf.ULtIRf.ltrans0.ltrans.o
                0x08000890                rt_test_009_002_setup.lto_priv.0
 *fill*         0x08000894        0xc 
 .text.rt_test_007_009_setup.lto_priv.0
                0x080008a0       0x28 C:\Users\RAKIBU~1\AppData\Local\Temp\ch.elf.ULtIRf.ltrans0.ltrans.o
                0x080008a0                rt_test_007_009_setup.lto_priv.0
 *fill*         0x080008c8        0x8 
 .text.rt_test_007_008_setup.lto_priv.0
                0x080008d0       0x1c C:\Users\RAKIBU~1\AppData\Local\Temp\ch.elf.ULtIRf.ltrans0.ltrans.o
                0x080008d0                rt_test_007_008_setup.lto_priv.0
 *fill*         0x080008ec        0x4 
 .text.rt_test_007_007_setup
                0x080008f0        0x4 C:\Users\RAKIBU~1\AppData\Local\Temp\ch.elf.ULtIRf.ltrans0.ltrans.o
                0x080008f0                rt_test_007_007_setup.lto_priv.0
 *fill*         0x080008f4        0xc 
 .text.rt_test_007_005_setup.lto_priv.0
                0x08000900       0x10 C:\Users\RAKIBU~1\AppData\Local\Temp\ch.elf.ULtIRf.ltrans0.ltrans.o
                0x08000900                rt_test_007_005_setup.lto_priv.0
 .text.rt_test_007_004_setup.lto_priv.0
                0x08000910       0x1c C:\Users\RAKIBU~1\AppData\Local\Temp\ch.elf.ULtIRf.ltrans0.ltrans.o
                0x08000910                rt_test_007_004_setup.lto_priv.0
 *fill*         0x0800092c        0x4 
 .text.rt_test_007_001_setup
                0x08000930        0x4 C:\Users\RAKIBU~1\AppData\Local\Temp\ch.elf.ULtIRf.ltrans0.ltrans.o
                0x08000930                rt_test_007_001_setup.lto_priv.0
 *fill*         0x08000934        0xc 
 .text.chSemWaitTimeout.constprop.0
                0x08000940       0x50 C:\Users\RAKIBU~1\AppData\Local\Temp\ch.elf.ULtIRf.ltrans0.ltrans.o
 .text.chEvtWaitOneTimeout.constprop.0
                0x08000990       0x4c C:\Users\RAKIBU~1\AppData\Local\Temp\ch.elf.ULtIRf.ltrans0.ltrans.o
 *fill*         0x080009dc        0x4 
 .text.rt_test_006_005_setup.lto_priv.0
                0x080009e0       0x10 C:\Users\RAKIBU~1\AppData\Local\Temp\ch.elf.ULtIRf.ltrans0.ltrans.o
                0x080009e0                rt_test_006_005_setup.lto_priv.0
 .text.rt_test_006_004_setup
                0x080009f0        0x4 C:\Users\RAKIBU~1\AppData\Local\Temp\ch.elf.ULtIRf.ltrans0.ltrans.o
                0x080009f0                rt_test_006_004_setup.lto_priv.0
 *fill*         0x080009f4        0xc 
 .text.rt_test_006_003_setup
                0x08000a00        0x4 C:\Users\RAKIBU~1\AppData\Local\Temp\ch.elf.ULtIRf.ltrans0.ltrans.o
                0x08000a00                rt_test_006_003_setup.lto_priv.0
 *fill*         0x08000a04        0xc 
 .text.rt_test_006_002_setup
                0x08000a10        0x4 C:\Users\RAKIBU~1\AppData\Local\Temp\ch.elf.ULtIRf.ltrans0.ltrans.o
                0x08000a10                rt_test_006_002_setup.lto_priv.0
 *fill*         0x08000a14        0xc 
 .text.rt_test_006_001_setup.lto_priv.0
                0x08000a20       0x10 C:\Users\RAKIBU~1\AppData\Local\Temp\ch.elf.ULtIRf.ltrans0.ltrans.o
                0x08000a20                rt_test_006_001_setup.lto_priv.0
 .text.rt_test_005_001_setup.lto_priv.0
                0x08000a30        0xc C:\Users\RAKIBU~1\AppData\Local\Temp\ch.elf.ULtIRf.ltrans0.ltrans.o
                0x08000a30                rt_test_005_001_setup.lto_priv.0
 *fill*         0x08000a3c        0x4 
 .text._test_assert
                0x08000a40       0x28 C:\Users\RAKIBU~1\AppData\Local\Temp\ch.elf.ULtIRf.ltrans0.ltrans.o
 *fill*         0x08000a68        0x8 
 .text.rt_test_003_002_execute.lto_priv.0
                0x08000a70        0xc C:\Users\RAKIBU~1\AppData\Local\Temp\ch.elf.ULtIRf.ltrans0.ltrans.o
                0x08000a70                rt_test_003_002_execute.lto_priv.0
 *fill*         0x08000a7c        0x4 
 .text.rt_test_003_001_execute.lto_priv.0
                0x08000a80       0x20 C:\Users\RAKIBU~1\AppData\Local\Temp\ch.elf.ULtIRf.ltrans0.ltrans.o
                0x08000a80                rt_test_003_001_execute.lto_priv.0
 .text.rt_test_002_003_execute.lto_priv.0
                0x08000aa0       0x24 C:\Users\RAKIBU~1\AppData\Local\Temp\ch.elf.ULtIRf.ltrans0.ltrans.o
                0x08000aa0                rt_test_002_003_execute.lto_priv.0
 *fill*         0x08000ac4        0xc 
 .text.test_terminate_threads
                0x08000ad0       0x34 C:\Users\RAKIBU~1\AppData\Local\Temp\ch.elf.ULtIRf.ltrans0.ltrans.o
 *fill*         0x08000b04        0xc 
 .text.test_printn.part.0
                0x08000b10       0x54 C:\Users\RAKIBU~1\AppData\Local\Temp\ch.elf.ULtIRf.ltrans0.ltrans.o
 *fill*         0x08000b64        0xc 
 .text.test_printn
                0x08000b70       0x18 C:\Users\RAKIBU~1\AppData\Local\Temp\ch.elf.ULtIRf.ltrans0.ltrans.o
 *fill*         0x08000b88        0x8 
 .text.test_emit_token
                0x08000b90       0x28 C:\Users\RAKIBU~1\AppData\Local\Temp\ch.elf.ULtIRf.ltrans0.ltrans.o
 *fill*         0x08000bb8        0x8 
 .text.obj_write
                0x08000bc0       0x10 C:\Users\RAKIBU~1\AppData\Local\Temp\ch.elf.ULtIRf.ltrans0.ltrans.o
 .text.dis_func0
                0x08000bd0       0x10 C:\Users\RAKIBU~1\AppData\Local\Temp\ch.elf.ULtIRf.ltrans0.ltrans.o
 .text.dis_func1
                0x08000be0       0x10 C:\Users\RAKIBU~1\AppData\Local\Temp\ch.elf.ULtIRf.ltrans0.ltrans.o
 .text.dis_func2
                0x08000bf0       0x18 C:\Users\RAKIBU~1\AppData\Local\Temp\ch.elf.ULtIRf.ltrans0.ltrans.o
 *fill*         0x08000c08        0x8 
 .text.dis_func3
                0x08000c10       0x20 C:\Users\RAKIBU~1\AppData\Local\Temp\ch.elf.ULtIRf.ltrans0.ltrans.o
 .text.dis_func4
                0x08000c30       0x28 C:\Users\RAKIBU~1\AppData\Local\Temp\ch.elf.ULtIRf.ltrans0.ltrans.o
 *fill*         0x08000c58        0x8 
 .text.dis_func_end
                0x08000c60       0x18 C:\Users\RAKIBU~1\AppData\Local\Temp\ch.elf.ULtIRf.ltrans0.ltrans.o
 *fill*         0x08000c78        0x8 
 .text.h3       0x08000c80        0x8 C:\Users\RAKIBU~1\AppData\Local\Temp\ch.elf.ULtIRf.ltrans0.ltrans.o
 *fill*         0x08000c88        0x8 
 .text.h2       0x08000c90        0x8 C:\Users\RAKIBU~1\AppData\Local\Temp\ch.elf.ULtIRf.ltrans0.ltrans.o
 *fill*         0x08000c98        0x8 
 .text.h1       0x08000ca0        0x8 C:\Users\RAKIBU~1\AppData\Local\Temp\ch.elf.ULtIRf.ltrans0.ltrans.o
 *fill*         0x08000ca8        0x8 
 .text.thread   0x08000cb0        0x8 C:\Users\RAKIBU~1\AppData\Local\Temp\ch.elf.ULtIRf.ltrans0.ltrans.o
 *fill*         0x08000cb8        0x8 
 .text.dyn_thread1
                0x08000cc0        0x4 C:\Users\RAKIBU~1\AppData\Local\Temp\ch.elf.ULtIRf.ltrans0.ltrans.o
 *fill*         0x08000cc4        0xc 
 .text.test_println
                0x08000cd0       0x38 C:\Users\RAKIBU~1\AppData\Local\Temp\ch.elf.ULtIRf.ltrans0.ltrans.o
 *fill*         0x08000d08        0x8 
 .text.test_print
                0x08000d10       0x24 C:\Users\RAKIBU~1\AppData\Local\Temp\ch.elf.ULtIRf.ltrans0.ltrans.o
 *fill*         0x08000d34        0xc 
 .text._test_assert_sequence
                0x08000d40       0x4c C:\Users\RAKIBU~1\AppData\Local\Temp\ch.elf.ULtIRf.ltrans0.ltrans.o
 *fill*         0x08000d8c        0x4 
 .text.print_line
                0x08000d90       0x2c C:\Users\RAKIBU~1\AppData\Local\Temp\ch.elf.ULtIRf.ltrans0.ltrans.o
 *fill*         0x08000dbc        0x4 
 .text.ff_uni2oem.part.0
                0x08000dc0       0x30 C:\Users\RAKIBU~1\AppData\Local\Temp\ch.elf.ULtIRf.ltrans0.ltrans.o
 .text.ff_wtoupper
                0x08000df0       0xb0 C:\Users\RAKIBU~1\AppData\Local\Temp\ch.elf.ULtIRf.ltrans0.ltrans.o
 .text.init_alloc_info.isra.0
                0x08000ea0       0x6c C:\Users\RAKIBU~1\AppData\Local\Temp\ch.elf.ULtIRf.ltrans0.ltrans.o
 *fill*         0x08000f0c        0x4 
 .text.get_ldnumber
                0x08000f10       0x30 C:\Users\RAKIBU~1\AppData\Local\Temp\ch.elf.ULtIRf.ltrans0.ltrans.o
 .text.put_utf  0x08000f40       0x3c C:\Users\RAKIBU~1\AppData\Local\Temp\ch.elf.ULtIRf.ltrans0.ltrans.o
 *fill*         0x08000f7c        0x4 
 .text.disk_initialize.part.0
                0x08000f80       0x20 C:\Users\RAKIBU~1\AppData\Local\Temp\ch.elf.ULtIRf.ltrans0.ltrans.o
 .text.RemoveHandler
                0x08000fa0       0x18 C:\Users\RAKIBU~1\AppData\Local\Temp\ch.elf.ULtIRf.ltrans0.ltrans.o
 *fill*         0x08000fb8        0x8 
 .text.chThdDequeueAllI.constprop.0
                0x08000fc0       0x24 C:\Users\RAKIBU~1\AppData\Local\Temp\ch.elf.ULtIRf.ltrans0.ltrans.o
 *fill*         0x08000fe4        0xc 
 .text.chCondSignalI.constprop.0
                0x08000ff0       0x1c C:\Users\RAKIBU~1\AppData\Local\Temp\ch.elf.ULtIRf.ltrans0.ltrans.o
 *fill*         0x0800100c        0x4 
 .text.chThdCreateStatic.constprop.0
                0x08001010       0x7c C:\Users\RAKIBU~1\AppData\Local\Temp\ch.elf.ULtIRf.ltrans0.ltrans.o
 *fill*         0x0800108c        0x4 
 .text.chCondSignal.constprop.0
                0x08001090       0x28 C:\Users\RAKIBU~1\AppData\Local\Temp\ch.elf.ULtIRf.ltrans0.ltrans.o
 *fill*         0x080010b8        0x8 
 .text.chSemResetWithMessage.constprop.0
                0x080010c0       0x38 C:\Users\RAKIBU~1\AppData\Local\Temp\ch.elf.ULtIRf.ltrans0.ltrans.o
 *fill*         0x080010f8        0x8 
 .text.rt_test_006_001_teardown.lto_priv.0
                0x08001100        0xc C:\Users\RAKIBU~1\AppData\Local\Temp\ch.elf.ULtIRf.ltrans0.ltrans.o
                0x08001100                rt_test_006_001_teardown.lto_priv.0
 *fill*         0x0800110c        0x4 
 .text.chMBReset.constprop.0
                0x08001110       0x38 C:\Users\RAKIBU~1\AppData\Local\Temp\ch.elf.ULtIRf.ltrans0.ltrans.o
 *fill*         0x08001148        0x8 
 .text.oslib_test_002_003_teardown.lto_priv.0
                0x08001150        0x4 C:\Users\RAKIBU~1\AppData\Local\Temp\ch.elf.ULtIRf.ltrans0.ltrans.o
                0x08001150                oslib_test_002_003_teardown.lto_priv.0
 *fill*         0x08001154        0xc 
 .text.oslib_test_002_002_teardown
                0x08001160        0x4 C:\Users\RAKIBU~1\AppData\Local\Temp\ch.elf.ULtIRf.ltrans0.ltrans.o
                0x08001160                oslib_test_002_002_teardown.lto_priv.0
 *fill*         0x08001164        0xc 
 .text.oslib_test_002_001_teardown
                0x08001170        0x4 C:\Users\RAKIBU~1\AppData\Local\Temp\ch.elf.ULtIRf.ltrans0.ltrans.o
                0x08001170                oslib_test_002_001_teardown.lto_priv.0
 *fill*         0x08001174        0xc 
 .text.chSemSignalWait.constprop.0
                0x08001180       0x68 C:\Users\RAKIBU~1\AppData\Local\Temp\ch.elf.ULtIRf.ltrans0.ltrans.o
 *fill*         0x080011e8        0x8 
 .text.rt_test_006_005_execute.lto_priv.0
                0x080011f0       0x9c C:\Users\RAKIBU~1\AppData\Local\Temp\ch.elf.ULtIRf.ltrans0.ltrans.o
                0x080011f0                rt_test_006_005_execute.lto_priv.0
 *fill*         0x0800128c        0x4 
 .text.chEvtWaitOne.constprop.0
                0x08001290       0x38 C:\Users\RAKIBU~1\AppData\Local\Temp\ch.elf.ULtIRf.ltrans0.ltrans.o
 *fill*         0x080012c8        0x8 
 .text.chEvtWaitAny.constprop.0
                0x080012d0       0x38 C:\Users\RAKIBU~1\AppData\Local\Temp\ch.elf.ULtIRf.ltrans0.ltrans.o
 *fill*         0x08001308        0x8 
 .text.chEvtWaitAll.constprop.0
                0x08001310       0x38 C:\Users\RAKIBU~1\AppData\Local\Temp\ch.elf.ULtIRf.ltrans0.ltrans.o
 *fill*         0x08001348        0x8 
 .text.bmk_thread4
                0x08001350       0x24 C:\Users\RAKIBU~1\AppData\Local\Temp\ch.elf.ULtIRf.ltrans0.ltrans.o
 *fill*         0x08001374        0xc 
 .text.thread9  0x08001380       0x20 C:\Users\RAKIBU~1\AppData\Local\Temp\ch.elf.ULtIRf.ltrans0.ltrans.o
 .text.rt_test_007_005_execute.lto_priv.0
                0x080013a0      0x15c C:\Users\RAKIBU~1\AppData\Local\Temp\ch.elf.ULtIRf.ltrans0.ltrans.o
                0x080013a0                rt_test_007_005_execute.lto_priv.0
 *fill*         0x080014fc        0x4 
 .text.thread1.lto_priv.2
                0x08001500       0x20 C:\Users\RAKIBU~1\AppData\Local\Temp\ch.elf.ULtIRf.ltrans0.ltrans.o
 .text.oslib_test_007_001_execute.lto_priv.0
                0x08001520      0x10c C:\Users\RAKIBU~1\AppData\Local\Temp\ch.elf.ULtIRf.ltrans0.ltrans.o
                0x08001520                oslib_test_007_001_execute.lto_priv.0
 *fill*         0x0800162c        0x4 
 .text.chThdCreateFromMemoryPool.constprop.0
                0x08001630       0x64 C:\Users\RAKIBU~1\AppData\Local\Temp\ch.elf.ULtIRf.ltrans0.ltrans.o
 *fill*         0x08001694        0xc 
 .text.oslib_test_001_003_execute.lto_priv.0
                0x080016a0      0x178 C:\Users\RAKIBU~1\AppData\Local\Temp\ch.elf.ULtIRf.ltrans0.ltrans.o
                0x080016a0                oslib_test_001_003_execute.lto_priv.0
 *fill*         0x08001818        0x8 
 .text.oslib_test_001_002_execute.lto_priv.0
                0x08001820       0x8c C:\Users\RAKIBU~1\AppData\Local\Temp\ch.elf.ULtIRf.ltrans0.ltrans.o
                0x08001820                oslib_test_001_002_execute.lto_priv.0
 *fill*         0x080018ac        0x4 
 .text.rt_test_011_012_execute.lto_priv.0
                0x080018b0       0xfc C:\Users\RAKIBU~1\AppData\Local\Temp\ch.elf.ULtIRf.ltrans0.ltrans.o
                0x080018b0                rt_test_011_012_execute.lto_priv.0
 *fill*         0x080019ac        0x4 
 .text.rt_test_009_006_execute.lto_priv.0
                0x080019b0      0x114 C:\Users\RAKIBU~1\AppData\Local\Temp\ch.elf.ULtIRf.ltrans0.ltrans.o
                0x080019b0                rt_test_009_006_execute.lto_priv.0
 *fill*         0x08001ac4        0xc 
 .text.rt_test_001_003_execute.lto_priv.0
                0x08001ad0      0x2d8 C:\Users\RAKIBU~1\AppData\Local\Temp\ch.elf.ULtIRf.ltrans0.ltrans.o
                0x08001ad0                rt_test_001_003_execute.lto_priv.0
 *fill*         0x08001da8        0x8 
 .text.rt_test_001_002_execute.lto_priv.0
                0x08001db0       0x8c C:\Users\RAKIBU~1\AppData\Local\Temp\ch.elf.ULtIRf.ltrans0.ltrans.o
                0x08001db0                rt_test_001_002_execute.lto_priv.0
 *fill*         0x08001e3c        0x4 
 .text.rt_test_001_001_execute.lto_priv.0
                0x08001e40       0xa8 C:\Users\RAKIBU~1\AppData\Local\Temp\ch.elf.ULtIRf.ltrans0.ltrans.o
                0x08001e40                rt_test_001_001_execute.lto_priv.0
 *fill*         0x08001ee8        0x8 
 .text.oslib_test_001_001_execute
                0x08001ef0        0x4 C:\Users\RAKIBU~1\AppData\Local\Temp\ch.elf.ULtIRf.ltrans0.ltrans.o
                0x08001ef0                oslib_test_001_001_execute.lto_priv.0
 *fill*         0x08001ef4        0xc 
 .text.chPipeWriteTimeout.constprop.0
                0x08001f00       0xf4 C:\Users\RAKIBU~1\AppData\Local\Temp\ch.elf.ULtIRf.ltrans0.ltrans.o
 *fill*         0x08001ff4        0xc 
 .text.chPipeReadTimeout.constprop.0
                0x08002000       0xe8 C:\Users\RAKIBU~1\AppData\Local\Temp\ch.elf.ULtIRf.ltrans0.ltrans.o
 *fill*         0x080020e8        0x8 
 .text.oslib_test_003_002_execute.lto_priv.0
                0x080020f0       0x9c C:\Users\RAKIBU~1\AppData\Local\Temp\ch.elf.ULtIRf.ltrans0.ltrans.o
                0x080020f0                oslib_test_003_002_execute.lto_priv.0
 *fill*         0x0800218c        0x4 
 .text.chCacheGetObject.constprop.0
                0x08002190      0x10c C:\Users\RAKIBU~1\AppData\Local\Temp\ch.elf.ULtIRf.ltrans0.ltrans.o
 *fill*         0x0800229c        0x4 
 .text.chFactoryRegisterObject.constprop.0
                0x080022a0       0x30 C:\Users\RAKIBU~1\AppData\Local\Temp\ch.elf.ULtIRf.ltrans0.ltrans.o
 .text.chFactoryCreateSemaphore.constprop.0
                0x080022d0       0x38 C:\Users\RAKIBU~1\AppData\Local\Temp\ch.elf.ULtIRf.ltrans0.ltrans.o
 *fill*         0x08002308        0x8 
 .text.chFactoryFindObject.constprop.0
                0x08002310       0x28 C:\Users\RAKIBU~1\AppData\Local\Temp\ch.elf.ULtIRf.ltrans0.ltrans.o
 *fill*         0x08002338        0x8 
 .text.chFactoryFindBuffer.constprop.0
                0x08002340       0x28 C:\Users\RAKIBU~1\AppData\Local\Temp\ch.elf.ULtIRf.ltrans0.ltrans.o
 *fill*         0x08002368        0x8 
 .text.chFactoryFindSemaphore.constprop.0
                0x08002370       0x28 C:\Users\RAKIBU~1\AppData\Local\Temp\ch.elf.ULtIRf.ltrans0.ltrans.o
 *fill*         0x08002398        0x8 
 .text.chFactoryFindMailbox.constprop.0
                0x080023a0       0x28 C:\Users\RAKIBU~1\AppData\Local\Temp\ch.elf.ULtIRf.ltrans0.ltrans.o
 *fill*         0x080023c8        0x8 
 .text.chFactoryFindObjectsFIFO.constprop.0
                0x080023d0       0x28 C:\Users\RAKIBU~1\AppData\Local\Temp\ch.elf.ULtIRf.ltrans0.ltrans.o
 *fill*         0x080023f8        0x8 
 .text.chFactoryFindPipe.constprop.0
                0x08002400       0x28 C:\Users\RAKIBU~1\AppData\Local\Temp\ch.elf.ULtIRf.ltrans0.ltrans.o
 *fill*         0x08002428        0x8 
 .text.chFactoryCreateMailbox.constprop.0
                0x08002430       0x54 C:\Users\RAKIBU~1\AppData\Local\Temp\ch.elf.ULtIRf.ltrans0.ltrans.o
 *fill*         0x08002484        0xc 
 .text.chFactoryCreatePipe.constprop.0
                0x08002490       0x64 C:\Users\RAKIBU~1\AppData\Local\Temp\ch.elf.ULtIRf.ltrans0.ltrans.o
 *fill*         0x080024f4        0xc 
 .text.chFactoryCreateBuffer.constprop.0
                0x08002500       0x38 C:\Users\RAKIBU~1\AppData\Local\Temp\ch.elf.ULtIRf.ltrans0.ltrans.o
 *fill*         0x08002538        0x8 
 .text.chFactoryCreateObjectsFIFO.constprop.0
                0x08002540       0x70 C:\Users\RAKIBU~1\AppData\Local\Temp\ch.elf.ULtIRf.ltrans0.ltrans.o
 .text.rt_test_009_002_execute.lto_priv.0
                0x080025b0       0x2c C:\Users\RAKIBU~1\AppData\Local\Temp\ch.elf.ULtIRf.ltrans0.ltrans.o
                0x080025b0                rt_test_009_002_execute.lto_priv.0
 *fill*         0x080025dc        0x4 
 .text.Thread1.lto_priv.2
                0x080025e0       0x40 C:\Users\RAKIBU~1\AppData\Local\Temp\ch.elf.ULtIRf.ltrans0.ltrans.o
 .text.job_slow
                0x08002620       0x14 C:\Users\RAKIBU~1\AppData\Local\Temp\ch.elf.ULtIRf.ltrans0.ltrans.o
 *fill*         0x08002634        0xc 
 .text.rt_test_007_004_execute.lto_priv.0
                0x08002640      0x138 C:\Users\RAKIBU~1\AppData\Local\Temp\ch.elf.ULtIRf.ltrans0.ltrans.o
                0x08002640                rt_test_007_004_execute.lto_priv.0
 *fill*         0x08002778        0x8 
 .text.thread4A
                0x08002780       0x20 C:\Users\RAKIBU~1\AppData\Local\Temp\ch.elf.ULtIRf.ltrans0.ltrans.o
 .text.rt_test_004_001_execute.lto_priv.0
                0x080027a0       0xd0 C:\Users\RAKIBU~1\AppData\Local\Temp\ch.elf.ULtIRf.ltrans0.ltrans.o
                0x080027a0                rt_test_004_001_execute.lto_priv.0
 .text.test_wait_tick
                0x08002870       0x20 C:\Users\RAKIBU~1\AppData\Local\Temp\ch.elf.ULtIRf.ltrans0.ltrans.o
 .text.rt_test_011_011_execute.lto_priv.0
                0x08002890       0x88 C:\Users\RAKIBU~1\AppData\Local\Temp\ch.elf.ULtIRf.ltrans0.ltrans.o
                0x08002890                rt_test_011_011_execute.lto_priv.0
 *fill*         0x08002918        0x8 
 .text.evt_thread7
                0x08002920       0x40 C:\Users\RAKIBU~1\AppData\Local\Temp\ch.elf.ULtIRf.ltrans0.ltrans.o
 .text.tmrfunc  0x08002960       0x78 C:\Users\RAKIBU~1\AppData\Local\Temp\ch.elf.ULtIRf.ltrans0.ltrans.o
 *fill*         0x080029d8        0x8 
 .text.rt_test_011_009_execute.lto_priv.0
                0x080029e0       0x98 C:\Users\RAKIBU~1\AppData\Local\Temp\ch.elf.ULtIRf.ltrans0.ltrans.o
                0x080029e0                rt_test_011_009_execute.lto_priv.0
 *fill*         0x08002a78        0x8 
 .text.ShellHandler
                0x08002a80       0x20 C:\Users\RAKIBU~1\AppData\Local\Temp\ch.elf.ULtIRf.ltrans0.ltrans.o
 .text.rt_test_011_005_execute.lto_priv.0
                0x08002aa0       0x7c C:\Users\RAKIBU~1\AppData\Local\Temp\ch.elf.ULtIRf.ltrans0.ltrans.o
                0x08002aa0                rt_test_011_005_execute.lto_priv.0
 *fill*         0x08002b1c        0x4 
 .text.test_wait_threads
                0x08002b20       0x24 C:\Users\RAKIBU~1\AppData\Local\Temp\ch.elf.ULtIRf.ltrans0.ltrans.o
 *fill*         0x08002b44        0xc 
 .text.rt_test_011_008_execute.lto_priv.0
                0x08002b50       0xe4 C:\Users\RAKIBU~1\AppData\Local\Temp\ch.elf.ULtIRf.ltrans0.ltrans.o
                0x08002b50                rt_test_011_008_execute.lto_priv.0
 *fill*         0x08002c34        0xc 
 .text.rt_test_011_007_execute.lto_priv.0
                0x08002c40      0x10c C:\Users\RAKIBU~1\AppData\Local\Temp\ch.elf.ULtIRf.ltrans0.ltrans.o
                0x08002c40                rt_test_011_007_execute.lto_priv.0
 *fill*         0x08002d4c        0x4 
 .text.rt_test_011_004_execute.lto_priv.0
                0x08002d50       0xcc C:\Users\RAKIBU~1\AppData\Local\Temp\ch.elf.ULtIRf.ltrans0.ltrans.o
                0x08002d50                rt_test_011_004_execute.lto_priv.0
 *fill*         0x08002e1c        0x4 
 .text.rt_test_010_002_execute.lto_priv.0
                0x08002e20      0x158 C:\Users\RAKIBU~1\AppData\Local\Temp\ch.elf.ULtIRf.ltrans0.ltrans.o
                0x08002e20                rt_test_010_002_execute.lto_priv.0
 *fill*         0x08002f78        0x8 
 .text.rt_test_007_009_execute.lto_priv.0
                0x08002f80       0xac C:\Users\RAKIBU~1\AppData\Local\Temp\ch.elf.ULtIRf.ltrans0.ltrans.o
                0x08002f80                rt_test_007_009_execute.lto_priv.0
 *fill*         0x0800302c        0x4 
 .text.rt_test_007_008_execute.lto_priv.0
                0x08003030       0xe8 C:\Users\RAKIBU~1\AppData\Local\Temp\ch.elf.ULtIRf.ltrans0.ltrans.o
                0x08003030                rt_test_007_008_execute.lto_priv.0
 *fill*         0x08003118        0x8 
 .text.rt_test_007_007_execute.lto_priv.0
                0x08003120       0xe4 C:\Users\RAKIBU~1\AppData\Local\Temp\ch.elf.ULtIRf.ltrans0.ltrans.o
                0x08003120                rt_test_007_007_execute.lto_priv.0
 *fill*         0x08003204        0xc 
 .text.rt_test_006_006_teardown.lto_priv.0
                0x08003210        0x4 C:\Users\RAKIBU~1\AppData\Local\Temp\ch.elf.ULtIRf.ltrans0.ltrans.o
                0x08003210                rt_test_006_006_teardown.lto_priv.0
 *fill*         0x08003214        0xc 
 .text.rt_test_007_004_teardown
                0x08003220        0x4 C:\Users\RAKIBU~1\AppData\Local\Temp\ch.elf.ULtIRf.ltrans0.ltrans.o
                0x08003220                rt_test_007_004_teardown.lto_priv.0
 *fill*         0x08003224        0xc 
 .text.rt_test_007_001_execute.lto_priv.0
                0x08003230       0xec C:\Users\RAKIBU~1\AppData\Local\Temp\ch.elf.ULtIRf.ltrans0.ltrans.o
                0x08003230                rt_test_007_001_execute.lto_priv.0
 *fill*         0x0800331c        0x4 
 .text.rt_test_006_005_teardown
                0x08003320        0x4 C:\Users\RAKIBU~1\AppData\Local\Temp\ch.elf.ULtIRf.ltrans0.ltrans.o
                0x08003320                rt_test_006_005_teardown.lto_priv.0
 *fill*         0x08003324        0xc 
 .text.rt_test_006_004_execute.lto_priv.0
                0x08003330       0xb4 C:\Users\RAKIBU~1\AppData\Local\Temp\ch.elf.ULtIRf.ltrans0.ltrans.o
                0x08003330                rt_test_006_004_execute.lto_priv.0
 *fill*         0x080033e4        0xc 
 .text.rt_test_006_003_execute.lto_priv.0
                0x080033f0      0x164 C:\Users\RAKIBU~1\AppData\Local\Temp\ch.elf.ULtIRf.ltrans0.ltrans.o
                0x080033f0                rt_test_006_003_execute.lto_priv.0
 *fill*         0x08003554        0xc 
 .text.rt_test_005_001_execute.lto_priv.0
                0x08003560       0xe0 C:\Users\RAKIBU~1\AppData\Local\Temp\ch.elf.ULtIRf.ltrans0.ltrans.o
                0x08003560                rt_test_005_001_execute.lto_priv.0
 .text.rt_test_004_002_execute.lto_priv.0
                0x08003640      0x1ac C:\Users\RAKIBU~1\AppData\Local\Temp\ch.elf.ULtIRf.ltrans0.ltrans.o
                0x08003640                rt_test_004_002_execute.lto_priv.0
 *fill*         0x080037ec        0x4 
 .text.oslib_test_009_006_execute.lto_priv.0
                0x080037f0      0x12c C:\Users\RAKIBU~1\AppData\Local\Temp\ch.elf.ULtIRf.ltrans0.ltrans.o
                0x080037f0                oslib_test_009_006_execute.lto_priv.0
 *fill*         0x0800391c        0x4 
 .text.oslib_test_009_006_teardown.lto_priv.0
                0x08003920       0x1c C:\Users\RAKIBU~1\AppData\Local\Temp\ch.elf.ULtIRf.ltrans0.ltrans.o
                0x08003920                oslib_test_009_006_teardown.lto_priv.0
 *fill*         0x0800393c        0x4 
 .text.oslib_test_009_005_execute.lto_priv.0
                0x08003940      0x12c C:\Users\RAKIBU~1\AppData\Local\Temp\ch.elf.ULtIRf.ltrans0.ltrans.o
                0x08003940                oslib_test_009_005_execute.lto_priv.0
 *fill*         0x08003a6c        0x4 
 .text.oslib_test_009_005_teardown.lto_priv.0
                0x08003a70       0x1c C:\Users\RAKIBU~1\AppData\Local\Temp\ch.elf.ULtIRf.ltrans0.ltrans.o
                0x08003a70                oslib_test_009_005_teardown.lto_priv.0
 *fill*         0x08003a8c        0x4 
 .text.oslib_test_009_004_execute.lto_priv.0
                0x08003a90      0x12c C:\Users\RAKIBU~1\AppData\Local\Temp\ch.elf.ULtIRf.ltrans0.ltrans.o
                0x08003a90                oslib_test_009_004_execute.lto_priv.0
 *fill*         0x08003bbc        0x4 
 .text.oslib_test_009_004_teardown.lto_priv.0
                0x08003bc0       0x1c C:\Users\RAKIBU~1\AppData\Local\Temp\ch.elf.ULtIRf.ltrans0.ltrans.o
                0x08003bc0                oslib_test_009_004_teardown.lto_priv.0
 *fill*         0x08003bdc        0x4 
 .text.oslib_test_009_003_execute.lto_priv.0
                0x08003be0      0x12c C:\Users\RAKIBU~1\AppData\Local\Temp\ch.elf.ULtIRf.ltrans0.ltrans.o
                0x08003be0                oslib_test_009_003_execute.lto_priv.0
 *fill*         0x08003d0c        0x4 
 .text.oslib_test_009_003_teardown.lto_priv.0
                0x08003d10       0x1c C:\Users\RAKIBU~1\AppData\Local\Temp\ch.elf.ULtIRf.ltrans0.ltrans.o
                0x08003d10                oslib_test_009_003_teardown.lto_priv.0
 *fill*         0x08003d2c        0x4 
 .text.oslib_test_009_002_execute.lto_priv.0
                0x08003d30      0x12c C:\Users\RAKIBU~1\AppData\Local\Temp\ch.elf.ULtIRf.ltrans0.ltrans.o
                0x08003d30                oslib_test_009_002_execute.lto_priv.0
 *fill*         0x08003e5c        0x4 
 .text.oslib_test_009_002_teardown.lto_priv.0
                0x08003e60       0x1c C:\Users\RAKIBU~1\AppData\Local\Temp\ch.elf.ULtIRf.ltrans0.ltrans.o
                0x08003e60                oslib_test_009_002_teardown.lto_priv.0
 *fill*         0x08003e7c        0x4 
 .text.oslib_test_009_001_execute.lto_priv.0
                0x08003e80      0x170 C:\Users\RAKIBU~1\AppData\Local\Temp\ch.elf.ULtIRf.ltrans0.ltrans.o
                0x08003e80                oslib_test_009_001_execute.lto_priv.0
 .text.oslib_test_009_001_teardown.lto_priv.0
                0x08003ff0       0x1c C:\Users\RAKIBU~1\AppData\Local\Temp\ch.elf.ULtIRf.ltrans0.ltrans.o
                0x08003ff0                oslib_test_009_001_teardown.lto_priv.0
 *fill*         0x0800400c        0x4 
 .text.rt_test_010_001_execute.lto_priv.0
                0x08004010      0x174 C:\Users\RAKIBU~1\AppData\Local\Temp\ch.elf.ULtIRf.ltrans0.ltrans.o
                0x08004010                rt_test_010_001_execute.lto_priv.0
 *fill*         0x08004184        0xc 
 .text.oslib_test_007_003_execute.lto_priv.0
                0x08004190       0x2c C:\Users\RAKIBU~1\AppData\Local\Temp\ch.elf.ULtIRf.ltrans0.ltrans.o
                0x08004190                oslib_test_007_003_execute.lto_priv.0
 *fill*         0x080041bc        0x4 
 .text.oslib_test_007_002_execute.lto_priv.0
                0x080041c0       0xe4 C:\Users\RAKIBU~1\AppData\Local\Temp\ch.elf.ULtIRf.ltrans0.ltrans.o
                0x080041c0                oslib_test_007_002_execute.lto_priv.0
 *fill*         0x080042a4        0xc 
 .text.thread2  0x080042b0       0x24 C:\Users\RAKIBU~1\AppData\Local\Temp\ch.elf.ULtIRf.ltrans0.ltrans.o
 *fill*         0x080042d4        0xc 
 .text.thread4  0x080042e0       0x2c C:\Users\RAKIBU~1\AppData\Local\Temp\ch.elf.ULtIRf.ltrans0.ltrans.o
 *fill*         0x0800430c        0x4 
 .text.oslib_test_006_001_execute.lto_priv.0
                0x08004310      0x370 C:\Users\RAKIBU~1\AppData\Local\Temp\ch.elf.ULtIRf.ltrans0.ltrans.o
                0x08004310                oslib_test_006_001_execute.lto_priv.0
 .text.obj_read
                0x08004680       0x3c C:\Users\RAKIBU~1\AppData\Local\Temp\ch.elf.ULtIRf.ltrans0.ltrans.o
 *fill*         0x080046bc        0x4 
 .text.oslib_test_005_001_execute.lto_priv.0
                0x080046c0      0x188 C:\Users\RAKIBU~1\AppData\Local\Temp\ch.elf.ULtIRf.ltrans0.ltrans.o
                0x080046c0                oslib_test_005_001_execute.lto_priv.0
 *fill*         0x08004848        0x8 
 .text.bmk_thread1
                0x08004850       0x28 C:\Users\RAKIBU~1\AppData\Local\Temp\ch.elf.ULtIRf.ltrans0.ltrans.o
 *fill*         0x08004878        0x8 
 .text.rt_test_008_001_execute.lto_priv.0
                0x08004880       0x78 C:\Users\RAKIBU~1\AppData\Local\Temp\ch.elf.ULtIRf.ltrans0.ltrans.o
                0x08004880                rt_test_008_001_execute.lto_priv.0
 *fill*         0x080048f8        0x8 
 .text.oslib_test_004_001_execute.lto_priv.0
                0x08004900      0x158 C:\Users\RAKIBU~1\AppData\Local\Temp\ch.elf.ULtIRf.ltrans0.ltrans.o
                0x08004900                oslib_test_004_001_execute.lto_priv.0
 *fill*         0x08004a58        0x8 
 .text.Thread1.lto_priv.0
                0x08004a60       0x50 C:\Users\RAKIBU~1\AppData\Local\Temp\ch.elf.ULtIRf.ltrans0.ltrans.o
 .text.oslib_test_003_001_execute.lto_priv.0
                0x08004ab0      0x4dc C:\Users\RAKIBU~1\AppData\Local\Temp\ch.elf.ULtIRf.ltrans0.ltrans.o
                0x08004ab0                oslib_test_003_001_execute.lto_priv.0
 *fill*         0x08004f8c        0x4 
 .text.thread1.lto_priv.0
                0x08004f90       0x2c C:\Users\RAKIBU~1\AppData\Local\Temp\ch.elf.ULtIRf.ltrans0.ltrans.o
 *fill*         0x08004fbc        0x4 
 .text.rt_test_006_002_execute.lto_priv.0
                0x08004fc0       0xf4 C:\Users\RAKIBU~1\AppData\Local\Temp\ch.elf.ULtIRf.ltrans0.ltrans.o
                0x08004fc0                rt_test_006_002_execute.lto_priv.0
 *fill*         0x080050b4        0xc 
 .text.rt_test_011_010_execute.lto_priv.0
                0x080050c0       0x88 C:\Users\RAKIBU~1\AppData\Local\Temp\ch.elf.ULtIRf.ltrans0.ltrans.o
                0x080050c0                rt_test_011_010_execute.lto_priv.0
 *fill*         0x08005148        0x8 
 .text.bmk_thread7
                0x08005150       0x2c C:\Users\RAKIBU~1\AppData\Local\Temp\ch.elf.ULtIRf.ltrans0.ltrans.o
 *fill*         0x0800517c        0x4 
 .text.rt_test_006_006_execute.lto_priv.0
                0x08005180      0x1b4 C:\Users\RAKIBU~1\AppData\Local\Temp\ch.elf.ULtIRf.ltrans0.ltrans.o
                0x08005180                rt_test_006_006_execute.lto_priv.0
 *fill*         0x08005334        0xc 
 .text.thread3  0x08005340       0x18 C:\Users\RAKIBU~1\AppData\Local\Temp\ch.elf.ULtIRf.ltrans0.ltrans.o
 *fill*         0x08005358        0x8 
 .text.thread1.lto_priv.1
                0x08005360       0x18 C:\Users\RAKIBU~1\AppData\Local\Temp\ch.elf.ULtIRf.ltrans0.ltrans.o
 *fill*         0x08005378        0x8 
 .text.rt_test_006_001_execute.lto_priv.0
                0x08005380       0xc0 C:\Users\RAKIBU~1\AppData\Local\Temp\ch.elf.ULtIRf.ltrans0.ltrans.o
                0x08005380                rt_test_006_001_execute.lto_priv.0
 .text.bmk_thread8
                0x08005440       0x2c C:\Users\RAKIBU~1\AppData\Local\Temp\ch.elf.ULtIRf.ltrans0.ltrans.o
 *fill*         0x0800546c        0x4 
 .text.rt_test_011_006_execute.lto_priv.0
                0x08005470       0x7c C:\Users\RAKIBU~1\AppData\Local\Temp\ch.elf.ULtIRf.ltrans0.ltrans.o
                0x08005470                rt_test_011_006_execute.lto_priv.0
 *fill*         0x080054ec        0x4 
 .text.msg_loop_test
                0x080054f0       0x34 C:\Users\RAKIBU~1\AppData\Local\Temp\ch.elf.ULtIRf.ltrans0.ltrans.o
 *fill*         0x08005524        0xc 
 .text.rt_test_011_003_execute.lto_priv.0
                0x08005530       0xe8 C:\Users\RAKIBU~1\AppData\Local\Temp\ch.elf.ULtIRf.ltrans0.ltrans.o
                0x08005530                rt_test_011_003_execute.lto_priv.0
 *fill*         0x08005618        0x8 
 .text.rt_test_011_002_execute.lto_priv.0
                0x08005620       0x74 C:\Users\RAKIBU~1\AppData\Local\Temp\ch.elf.ULtIRf.ltrans0.ltrans.o
                0x08005620                rt_test_011_002_execute.lto_priv.0
 *fill*         0x08005694        0xc 
 .text.rt_test_011_001_execute.lto_priv.0
                0x080056a0       0x74 C:\Users\RAKIBU~1\AppData\Local\Temp\ch.elf.ULtIRf.ltrans0.ltrans.o
                0x080056a0                rt_test_011_001_execute.lto_priv.0
 *fill*         0x08005714        0xc 
 .text.msg_thread1
                0x08005720       0x28 C:\Users\RAKIBU~1\AppData\Local\Temp\ch.elf.ULtIRf.ltrans0.ltrans.o
 *fill*         0x08005748        0x8 
 .text.rt_test_009_007_execute.lto_priv.0
                0x08005750       0xd8 C:\Users\RAKIBU~1\AppData\Local\Temp\ch.elf.ULtIRf.ltrans0.ltrans.o
                0x08005750                rt_test_009_007_execute.lto_priv.0
 *fill*         0x08005828        0x8 
 .text.rt_test_009_001_execute.lto_priv.0
                0x08005830       0xbc C:\Users\RAKIBU~1\AppData\Local\Temp\ch.elf.ULtIRf.ltrans0.ltrans.o
                0x08005830                rt_test_009_001_execute.lto_priv.0
 *fill*         0x080058ec        0x4 
 .text.rt_test_009_005_execute.lto_priv.0
                0x080058f0       0xd4 C:\Users\RAKIBU~1\AppData\Local\Temp\ch.elf.ULtIRf.ltrans0.ltrans.o
                0x080058f0                rt_test_009_005_execute.lto_priv.0
 *fill*         0x080059c4        0xc 
 .text.rt_test_009_004_execute.lto_priv.0
                0x080059d0       0xcc C:\Users\RAKIBU~1\AppData\Local\Temp\ch.elf.ULtIRf.ltrans0.ltrans.o
                0x080059d0                rt_test_009_004_execute.lto_priv.0
 *fill*         0x08005a9c        0x4 
 .text.rt_test_009_003_execute.lto_priv.0
                0x08005aa0       0xfc C:\Users\RAKIBU~1\AppData\Local\Temp\ch.elf.ULtIRf.ltrans0.ltrans.o
                0x08005aa0                rt_test_009_003_execute.lto_priv.0
 *fill*         0x08005b9c        0x4 
 .text.evt_thread3
                0x08005ba0       0x24 C:\Users\RAKIBU~1\AppData\Local\Temp\ch.elf.ULtIRf.ltrans0.ltrans.o
 *fill*         0x08005bc4        0xc 
 .text.thread4B
                0x08005bd0       0x30 C:\Users\RAKIBU~1\AppData\Local\Temp\ch.elf.ULtIRf.ltrans0.ltrans.o
 .text.thread8  0x08005c00       0x88 C:\Users\RAKIBU~1\AppData\Local\Temp\ch.elf.ULtIRf.ltrans0.ltrans.o
 *fill*         0x08005c88        0x8 
 .text.thread6  0x08005c90       0x6c C:\Users\RAKIBU~1\AppData\Local\Temp\ch.elf.ULtIRf.ltrans0.ltrans.o
 *fill*         0x08005cfc        0x4 
 .text.rt_test_004_004_execute.lto_priv.0
                0x08005d00       0xdc C:\Users\RAKIBU~1\AppData\Local\Temp\ch.elf.ULtIRf.ltrans0.ltrans.o
                0x08005d00                rt_test_004_004_execute.lto_priv.0
 *fill*         0x08005ddc        0x4 
 .text.rt_test_004_003_execute.lto_priv.0
                0x08005de0       0x8c C:\Users\RAKIBU~1\AppData\Local\Temp\ch.elf.ULtIRf.ltrans0.ltrans.o
                0x08005de0                rt_test_004_003_execute.lto_priv.0
 *fill*         0x08005e6c        0x4 
 .text.rt_test_002_002_execute.lto_priv.0
                0x08005e70       0xd4 C:\Users\RAKIBU~1\AppData\Local\Temp\ch.elf.ULtIRf.ltrans0.ltrans.o
                0x08005e70                rt_test_002_002_execute.lto_priv.0
 *fill*         0x08005f44        0xc 
 .text.vtcb     0x08005f50       0x28 C:\Users\RAKIBU~1\AppData\Local\Temp\ch.elf.ULtIRf.ltrans0.ltrans.o
 *fill*         0x08005f78        0x8 
 .text.rt_test_002_001_execute.lto_priv.0
                0x08005f80       0xa8 C:\Users\RAKIBU~1\AppData\Local\Temp\ch.elf.ULtIRf.ltrans0.ltrans.o
                0x08005f80                rt_test_002_001_execute.lto_priv.0
 *fill*         0x08006028        0x8 
 .text.move_window.part.0
                0x08006030       0x90 C:\Users\RAKIBU~1\AppData\Local\Temp\ch.elf.ULtIRf.ltrans0.ltrans.o
 .text.check_fs
                0x080060c0       0xc0 C:\Users\RAKIBU~1\AppData\Local\Temp\ch.elf.ULtIRf.ltrans0.ltrans.o
 .text.find_volume.constprop.0
                0x08006180      0x56c C:\Users\RAKIBU~1\AppData\Local\Temp\ch.elf.ULtIRf.ltrans0.ltrans.o
 *fill*         0x080066ec        0x4 
 .text.InsertHandler
                0x080066f0       0x6c C:\Users\RAKIBU~1\AppData\Local\Temp\ch.elf.ULtIRf.ltrans0.ltrans.o
 *fill*         0x0800675c        0x4 
 .text.get_fat  0x08006760      0x170 C:\Users\RAKIBU~1\AppData\Local\Temp\ch.elf.ULtIRf.ltrans0.ltrans.o
 .text.dir_sdi.constprop.0
                0x080068d0       0x70 C:\Users\RAKIBU~1\AppData\Local\Temp\ch.elf.ULtIRf.ltrans0.ltrans.o
 .text.dir_next.constprop.0
                0x08006940       0x94 C:\Users\RAKIBU~1\AppData\Local\Temp\ch.elf.ULtIRf.ltrans0.ltrans.o
 *fill*         0x080069d4        0xc 
 .text.dir_read.constprop.0
                0x080069e0      0x2a4 C:\Users\RAKIBU~1\AppData\Local\Temp\ch.elf.ULtIRf.ltrans0.ltrans.o
 *fill*         0x08006c84        0xc 
 .text.chThdDequeueNextI.constprop.0
                0x08006c90       0x18 C:\Users\RAKIBU~1\AppData\Local\Temp\ch.elf.ULtIRf.ltrans0.ltrans.o
                0x08006c90                chThdDequeueNextI.constprop.0
 *fill*         0x08006ca8        0x8 
 .text.chMBPostI.constprop.0
                0x08006cb0       0x48 C:\Users\RAKIBU~1\AppData\Local\Temp\ch.elf.ULtIRf.ltrans0.ltrans.o
 *fill*         0x08006cf8        0x8 
 .text.chMBPostAheadTimeout.constprop.0
                0x08006d00       0x6c C:\Users\RAKIBU~1\AppData\Local\Temp\ch.elf.ULtIRf.ltrans0.ltrans.o
 *fill*         0x08006d6c        0x4 
 .text.oslib_test_002_001_execute.lto_priv.0
                0x08006d70      0x32c C:\Users\RAKIBU~1\AppData\Local\Temp\ch.elf.ULtIRf.ltrans0.ltrans.o
                0x08006d70                oslib_test_002_001_execute.lto_priv.0
 *fill*         0x0800709c        0x4 
 .text.chMBPostAheadI.constprop.0
                0x080070a0       0x48 C:\Users\RAKIBU~1\AppData\Local\Temp\ch.elf.ULtIRf.ltrans0.ltrans.o
 *fill*         0x080070e8        0x8 
 .text.chMBFetchI.constprop.0
                0x080070f0       0x48 C:\Users\RAKIBU~1\AppData\Local\Temp\ch.elf.ULtIRf.ltrans0.ltrans.o
 *fill*         0x08007138        0x8 
 .text.oslib_test_002_003_execute.lto_priv.0
                0x08007140      0x124 C:\Users\RAKIBU~1\AppData\Local\Temp\ch.elf.ULtIRf.ltrans0.ltrans.o
                0x08007140                oslib_test_002_003_execute.lto_priv.0
 *fill*         0x08007264        0xc 
 .text.oslib_test_002_002_execute.lto_priv.0
                0x08007270      0x2f8 C:\Users\RAKIBU~1\AppData\Local\Temp\ch.elf.ULtIRf.ltrans0.ltrans.o
                0x08007270                oslib_test_002_002_execute.lto_priv.0
 *fill*         0x08007568        0x8 
 .text.dmaStreamAllocI.part.0.constprop.0
                0x08007570       0xbc C:\Users\RAKIBU~1\AppData\Local\Temp\ch.elf.ULtIRf.ltrans0.ltrans.o
                0x08007570                dmaStreamAllocI.part.0.constprop.0
 *fill*         0x0800762c        0x4 
 .text.chHeapAllocAligned.constprop.0
                0x08007630       0xec C:\Users\RAKIBU~1\AppData\Local\Temp\ch.elf.ULtIRf.ltrans0.ltrans.o
                0x08007630                chHeapAllocAligned.constprop.0
 *fill*         0x0800771c        0x4 
 .text.scan_files.constprop.0
                0x08007720      0xa88 C:\Users\RAKIBU~1\AppData\Local\Temp\ch.elf.ULtIRf.ltrans0.ltrans.o
 *fill*         0x080081a8        0x8 
 .text.cmd_tree
                0x080081b0      0x19c C:\Users\RAKIBU~1\AppData\Local\Temp\ch.elf.ULtIRf.ltrans0.ltrans.o
 *fill*         0x0800834c        0x4 
 .text.oslib_test_008_002_execute.lto_priv.0
                0x08008350       0x68 C:\Users\RAKIBU~1\AppData\Local\Temp\ch.elf.ULtIRf.ltrans0.ltrans.o
                0x08008350                oslib_test_008_002_execute.lto_priv.0
 *fill*         0x080083b8        0x8 
 .text.oslib_test_008_001_execute.lto_priv.0
                0x080083c0      0x330 C:\Users\RAKIBU~1\AppData\Local\Temp\ch.elf.ULtIRf.ltrans0.ltrans.o
                0x080083c0                oslib_test_008_001_execute.lto_priv.0
 .text.startup.main
                0x080086f0      0x588 C:\Users\RAKIBU~1\AppData\Local\Temp\ch.elf.ULtIRf.ltrans0.ltrans.o
                0x080086f0                main
 *fill*         0x08008c78        0x8 
 .text.test_execute
                0x08008c80      0x43c C:\Users\RAKIBU~1\AppData\Local\Temp\ch.elf.ULtIRf.ltrans0.ltrans.o
                0x08008c80                test_execute
 *fill*         0x080090bc        0x4 
 .text.Thread1.lto_priv.1
                0x080090c0       0x48 C:\Users\RAKIBU~1\AppData\Local\Temp\ch.elf.ULtIRf.ltrans0.ltrans.o
 *fill*         0x08009108        0x8 
 .text.bmk_thread3
                0x08009110        0x4 C:\Users\RAKIBU~1\AppData\Local\Temp\ch.elf.ULtIRf.ltrans0.ltrans.o
 *fill*         0x08009114        0xc 
 .text.mmc_lld_is_write_protected
                0x08009120       0x14 C:\Users\RAKIBU~1\AppData\Local\Temp\ch.elf.ULtIRf.ltrans1.ltrans.o
                0x08009120                mmc_lld_is_write_protected
 *fill*         0x08009134        0xc 
 .text._port_irq_epilogue
                0x08009140       0x4c C:\Users\RAKIBU~1\AppData\Local\Temp\ch.elf.ULtIRf.ltrans1.ltrans.o
 *fill*         0x0800918c        0x4 
 .text.chCoreAllocAlignedI.lto_priv.0
                0x08009190       0x28 C:\Users\RAKIBU~1\AppData\Local\Temp\ch.elf.ULtIRf.ltrans1.ltrans.o
                0x08009190                chCoreAllocAlignedI.lto_priv.0
 *fill*         0x080091b8        0x8 
 .text.__ch_delegate_fn4
                0x080091c0       0x20 C:\Users\RAKIBU~1\AppData\Local\Temp\ch.elf.ULtIRf.ltrans1.ltrans.o
                0x080091c0                __ch_delegate_fn4
 .text.__ch_delegate_fn3
                0x080091e0       0x20 C:\Users\RAKIBU~1\AppData\Local\Temp\ch.elf.ULtIRf.ltrans1.ltrans.o
                0x080091e0                __ch_delegate_fn3
 .text.__ch_delegate_fn2
                0x08009200       0x1c C:\Users\RAKIBU~1\AppData\Local\Temp\ch.elf.ULtIRf.ltrans1.ltrans.o
                0x08009200                __ch_delegate_fn2
 *fill*         0x0800921c        0x4 
 .text.__ch_delegate_fn1
                0x08009220       0x1c C:\Users\RAKIBU~1\AppData\Local\Temp\ch.elf.ULtIRf.ltrans1.ltrans.o
                0x08009220                __ch_delegate_fn1
 *fill*         0x0800923c        0x4 
 .text.__ch_delegate_fn0
                0x08009240        0xc C:\Users\RAKIBU~1\AppData\Local\Temp\ch.elf.ULtIRf.ltrans1.ltrans.o
                0x08009240                __ch_delegate_fn0
 *fill*         0x0800924c        0x4 
 .text.chCoreAllocFromTop
                0x08009250       0x3c C:\Users\RAKIBU~1\AppData\Local\Temp\ch.elf.ULtIRf.ltrans1.ltrans.o
                0x08009250                chCoreAllocFromTop
 *fill*         0x0800928c        0x4 
 .text.wakeup.lto_priv.0
                0x08009290       0x6c C:\Users\RAKIBU~1\AppData\Local\Temp\ch.elf.ULtIRf.ltrans1.ltrans.o
                0x08009290                wakeup.lto_priv.0
 *fill*         0x080092fc        0x4 
 .text._idle_thread.lto_priv.0
                0x08009300        0x4 C:\Users\RAKIBU~1\AppData\Local\Temp\ch.elf.ULtIRf.ltrans1.ltrans.o
                0x08009300                _idle_thread.lto_priv.0
 *fill*         0x08009304        0xc 
 .text.mmc_lld_is_card_inserted
                0x08009310       0x10 C:\Users\RAKIBU~1\AppData\Local\Temp\ch.elf.ULtIRf.ltrans1.ltrans.o
                0x08009310                mmc_lld_is_card_inserted
 .text.notify2.lto_priv.0
                0x08009320       0x10 C:\Users\RAKIBU~1\AppData\Local\Temp\ch.elf.ULtIRf.ltrans1.ltrans.o
                0x08009320                notify2.lto_priv.0
 .text.spi_lld_serve_tx_interrupt
                0x08009330       0x18 C:\Users\RAKIBU~1\AppData\Local\Temp\ch.elf.ULtIRf.ltrans1.ltrans.o
 *fill*         0x08009348        0x8 
 .text.dmaServeInterrupt
                0x08009350       0x3c C:\Users\RAKIBU~1\AppData\Local\Temp\ch.elf.ULtIRf.ltrans1.ltrans.o
 *fill*         0x0800938c        0x4 
 .text.dmaStreamFreeI
                0x08009390       0x6c C:\Users\RAKIBU~1\AppData\Local\Temp\ch.elf.ULtIRf.ltrans1.ltrans.o
 *fill*         0x080093fc        0x4 
 .text.spiUnselect
                0x08009400       0x1c C:\Users\RAKIBU~1\AppData\Local\Temp\ch.elf.ULtIRf.ltrans1.ltrans.o
 *fill*         0x0800941c        0x4 
 .text.spiSelect
                0x08009420       0x1c C:\Users\RAKIBU~1\AppData\Local\Temp\ch.elf.ULtIRf.ltrans1.ltrans.o
 *fill*         0x0800943c        0x4 
 .text.spiStop  0x08009440       0x5c C:\Users\RAKIBU~1\AppData\Local\Temp\ch.elf.ULtIRf.ltrans1.ltrans.o
 *fill*         0x0800949c        0x4 
 .text._ctl.lto_priv.0
                0x080094a0        0x4 C:\Users\RAKIBU~1\AppData\Local\Temp\ch.elf.ULtIRf.ltrans1.ltrans.o
                0x080094a0                _ctl.lto_priv.0
 *fill*         0x080094a4        0xc 
 .text.mmcGetInfo
                0x080094b0       0x18 C:\Users\RAKIBU~1\AppData\Local\Temp\ch.elf.ULtIRf.ltrans1.ltrans.o
                0x080094b0                mmcGetInfo
 *fill*         0x080094c8        0x8 
 .text.test_rt  0x080094d0        0xc C:\Users\RAKIBU~1\AppData\Local\Temp\ch.elf.ULtIRf.ltrans1.ltrans.o
 *fill*         0x080094dc        0x4 
 .text.test_oslib
                0x080094e0        0xc C:\Users\RAKIBU~1\AppData\Local\Temp\ch.elf.ULtIRf.ltrans1.ltrans.o
 *fill*         0x080094ec        0x4 
 .text.parse_arguments
                0x080094f0       0x54 C:\Users\RAKIBU~1\AppData\Local\Temp\ch.elf.ULtIRf.ltrans1.ltrans.o
 *fill*         0x08009544        0xc 
 .text.spiStart
                0x08009550       0xd4 C:\Users\RAKIBU~1\AppData\Local\Temp\ch.elf.ULtIRf.ltrans1.ltrans.o
 *fill*         0x08009624        0xc 
 .text.chprintf
                0x08009630      0x4b4 C:\Users\RAKIBU~1\AppData\Local\Temp\ch.elf.ULtIRf.ltrans1.ltrans.o
                0x08009630                chprintf
 *fill*         0x08009ae4        0xc 
 .text.cmd_systime
                0x08009af0       0x34 C:\Users\RAKIBU~1\AppData\Local\Temp\ch.elf.ULtIRf.ltrans1.ltrans.o
 *fill*         0x08009b24        0xc 
 .text.cmd_echo
                0x08009b30       0x20 C:\Users\RAKIBU~1\AppData\Local\Temp\ch.elf.ULtIRf.ltrans1.ltrans.o
 .text.cmd_info
                0x08009b50       0xbc C:\Users\RAKIBU~1\AppData\Local\Temp\ch.elf.ULtIRf.ltrans1.ltrans.o
 *fill*         0x08009c0c        0x4 
 .text.SVC_Handler
                0x08009c10       0x14 C:\Users\RAKIBU~1\AppData\Local\Temp\ch.elf.ULtIRf.ltrans1.ltrans.o
                0x08009c10                SVC_Handler
 *fill*         0x08009c24        0xc 
 .text.dyn_find_object.lto_priv.0
                0x08009c30       0x34 C:\Users\RAKIBU~1\AppData\Local\Temp\ch.elf.ULtIRf.ltrans1.ltrans.o
                0x08009c30                dyn_find_object.lto_priv.0
 *fill*         0x08009c64        0xc 
 .text.dyn_create_object_heap.lto_priv.0
                0x08009c70       0x54 C:\Users\RAKIBU~1\AppData\Local\Temp\ch.elf.ULtIRf.ltrans1.ltrans.o
                0x08009c70                dyn_create_object_heap.lto_priv.0
 *fill*         0x08009cc4        0xc 
 .text.chPoolAlloc
                0x08009cd0       0x30 C:\Users\RAKIBU~1\AppData\Local\Temp\ch.elf.ULtIRf.ltrans1.ltrans.o
                0x08009cd0                chPoolAlloc
 .text.dyn_create_object_pool.lto_priv.0
                0x08009d00       0x50 C:\Users\RAKIBU~1\AppData\Local\Temp\ch.elf.ULtIRf.ltrans1.ltrans.o
                0x08009d00                dyn_create_object_pool.lto_priv.0
 .text.chEvtDispatch
                0x08009d50       0x34 C:\Users\RAKIBU~1\AppData\Local\Temp\ch.elf.ULtIRf.ltrans1.ltrans.o
                0x08009d50                chEvtDispatch
 *fill*         0x08009d84        0xc 
 .text.chEvtAddEvents
                0x08009d90       0x1c C:\Users\RAKIBU~1\AppData\Local\Temp\ch.elf.ULtIRf.ltrans1.ltrans.o
                0x08009d90                chEvtAddEvents
 *fill*         0x08009dac        0x4 
 .text.chEvtUnregister
                0x08009db0       0x2c C:\Users\RAKIBU~1\AppData\Local\Temp\ch.elf.ULtIRf.ltrans1.ltrans.o
                0x08009db0                chEvtUnregister
 *fill*         0x08009ddc        0x4 
 .text.chTMStopMeasurementX
                0x08009de0       0x44 C:\Users\RAKIBU~1\AppData\Local\Temp\ch.elf.ULtIRf.ltrans1.ltrans.o
                0x08009de0                chTMStopMeasurementX
 *fill*         0x08009e24        0xc 
 .text.chTMStartMeasurementX
                0x08009e30        0xc C:\Users\RAKIBU~1\AppData\Local\Temp\ch.elf.ULtIRf.ltrans1.ltrans.o
                0x08009e30                chTMStartMeasurementX
 *fill*         0x08009e3c        0x4 
 .text.chThdYield
                0x08009e40       0x58 C:\Users\RAKIBU~1\AppData\Local\Temp\ch.elf.ULtIRf.ltrans1.ltrans.o
                0x08009e40                chThdYield
 *fill*         0x08009e98        0x8 
 .text.chThdCreateSuspendedI
                0x08009ea0       0x7c C:\Users\RAKIBU~1\AppData\Local\Temp\ch.elf.ULtIRf.ltrans1.ltrans.o
                0x08009ea0                chThdCreateSuspendedI
 *fill*         0x08009f1c        0x4 
 .text.chSchDoRescheduleAhead
                0x08009f20       0x3c C:\Users\RAKIBU~1\AppData\Local\Temp\ch.elf.ULtIRf.ltrans1.ltrans.o
                0x08009f20                chSchDoReschedule
 *fill*         0x08009f5c        0x4 
 .text.chSchRescheduleS
                0x08009f60       0x18 C:\Users\RAKIBU~1\AppData\Local\Temp\ch.elf.ULtIRf.ltrans1.ltrans.o
                0x08009f60                chSchRescheduleS
 *fill*         0x08009f78        0x8 
 .text.chThdSetPriority
                0x08009f80       0x30 C:\Users\RAKIBU~1\AppData\Local\Temp\ch.elf.ULtIRf.ltrans1.ltrans.o
                0x08009f80                chThdSetPriority
 .text.chSchWakeupS
                0x08009fb0       0x5c C:\Users\RAKIBU~1\AppData\Local\Temp\ch.elf.ULtIRf.ltrans1.ltrans.o
                0x08009fb0                chSchWakeupS
 *fill*         0x0800a00c        0x4 
 .text.chThdCreateFromHeap
                0x0800a010       0x4c C:\Users\RAKIBU~1\AppData\Local\Temp\ch.elf.ULtIRf.ltrans1.ltrans.o
                0x0800a010                chThdCreateFromHeap
 *fill*         0x0800a05c        0x4 
 .text.chSemSignal
                0x0800a060       0x34 C:\Users\RAKIBU~1\AppData\Local\Temp\ch.elf.ULtIRf.ltrans1.ltrans.o
                0x0800a060                chSemSignal
 *fill*         0x0800a094        0xc 
 .text.chThdCreate
                0x0800a0a0       0x20 C:\Users\RAKIBU~1\AppData\Local\Temp\ch.elf.ULtIRf.ltrans1.ltrans.o
                0x0800a0a0                chThdCreate
 .text.chSchGoSleepS
                0x0800a0c0       0x28 C:\Users\RAKIBU~1\AppData\Local\Temp\ch.elf.ULtIRf.ltrans1.ltrans.o
                0x0800a0c0                chSchGoSleepS
 *fill*         0x0800a0e8        0x8 
 .text.chMsgWaitS
                0x0800a0f0       0x34 C:\Users\RAKIBU~1\AppData\Local\Temp\ch.elf.ULtIRf.ltrans1.ltrans.o
                0x0800a0f0                chMsgWaitS
 *fill*         0x0800a124        0xc 
 .text.chSemWaitS.part.0
                0x0800a130       0x24 C:\Users\RAKIBU~1\AppData\Local\Temp\ch.elf.ULtIRf.ltrans1.ltrans.o
                0x0800a130                chSemWaitS.part.0
 *fill*         0x0800a154        0xc 
 .text.chSemWait
                0x0800a160       0x28 C:\Users\RAKIBU~1\AppData\Local\Temp\ch.elf.ULtIRf.ltrans1.ltrans.o
                0x0800a160                chSemWait
 *fill*         0x0800a188        0x8 
 .text.chSchReadyI
                0x0800a190       0x24 C:\Users\RAKIBU~1\AppData\Local\Temp\ch.elf.ULtIRf.ltrans1.ltrans.o
                0x0800a190                chSchReadyI
 *fill*         0x0800a1b4        0xc 
 .text.chMsgSend
                0x0800a1c0       0x40 C:\Users\RAKIBU~1\AppData\Local\Temp\ch.elf.ULtIRf.ltrans1.ltrans.o
                0x0800a1c0                chMsgSend
 .text.chDelegateCallVeneer
                0x0800a200       0x24 C:\Users\RAKIBU~1\AppData\Local\Temp\ch.elf.ULtIRf.ltrans1.ltrans.o
                0x0800a200                chDelegateCallVeneer
 *fill*         0x0800a224        0xc 
 .text.chEvtSignalI
                0x0800a230       0x2c C:\Users\RAKIBU~1\AppData\Local\Temp\ch.elf.ULtIRf.ltrans1.ltrans.o
                0x0800a230                chEvtSignalI
 *fill*         0x0800a25c        0x4 
 .text.chEvtBroadcastFlagsI
                0x0800a260       0x2c C:\Users\RAKIBU~1\AppData\Local\Temp\ch.elf.ULtIRf.ltrans1.ltrans.o
                0x0800a260                chEvtBroadcastFlagsI
 *fill*         0x0800a28c        0x4 
 .text.chMtxUnlockS
                0x0800a290       0x4c C:\Users\RAKIBU~1\AppData\Local\Temp\ch.elf.ULtIRf.ltrans1.ltrans.o
                0x0800a290                chMtxUnlockS
 *fill*         0x0800a2dc        0x4 
 .text.chMtxUnlock
                0x0800a2e0       0x60 C:\Users\RAKIBU~1\AppData\Local\Temp\ch.elf.ULtIRf.ltrans1.ltrans.o
                0x0800a2e0                chMtxUnlock
 .text.chMtxLockS
                0x0800a340       0xc0 C:\Users\RAKIBU~1\AppData\Local\Temp\ch.elf.ULtIRf.ltrans1.ltrans.o
                0x0800a340                chMtxLockS
 .text.chMtxLock
                0x0800a400       0x14 C:\Users\RAKIBU~1\AppData\Local\Temp\ch.elf.ULtIRf.ltrans1.ltrans.o
                0x0800a400                chMtxLock
 *fill*         0x0800a414        0xc 
 .text.chFactoryReleaseSemaphore
                0x0800a420       0x58 C:\Users\RAKIBU~1\AppData\Local\Temp\ch.elf.ULtIRf.ltrans1.ltrans.o
                0x0800a420                chFactoryReleaseSemaphore
 *fill*         0x0800a478        0x8 
 .text.chFactoryReleaseObject
                0x0800a480       0x58 C:\Users\RAKIBU~1\AppData\Local\Temp\ch.elf.ULtIRf.ltrans1.ltrans.o
                0x0800a480                chFactoryReleaseObject
 *fill*         0x0800a4d8        0x8 
 .text.chHeapStatus
                0x0800a4e0       0x64 C:\Users\RAKIBU~1\AppData\Local\Temp\ch.elf.ULtIRf.ltrans1.ltrans.o
                0x0800a4e0                chHeapStatus
 *fill*         0x0800a544        0xc 
 .text.cmd_mem  0x0800a550       0x70 C:\Users\RAKIBU~1\AppData\Local\Temp\ch.elf.ULtIRf.ltrans1.ltrans.o
 .text.chHeapFree
                0x0800a5c0       0x90 C:\Users\RAKIBU~1\AppData\Local\Temp\ch.elf.ULtIRf.ltrans1.ltrans.o
                0x0800a5c0                chHeapFree
 .text.dyn_release_object_heap.part.0
                0x0800a650       0x20 C:\Users\RAKIBU~1\AppData\Local\Temp\ch.elf.ULtIRf.ltrans1.ltrans.o
 .text.chFactoryReleasePipe
                0x0800a670       0x2c C:\Users\RAKIBU~1\AppData\Local\Temp\ch.elf.ULtIRf.ltrans1.ltrans.o
                0x0800a670                chFactoryReleasePipe
 *fill*         0x0800a69c        0x4 
 .text.chFactoryReleaseObjectsFIFO
                0x0800a6a0       0x2c C:\Users\RAKIBU~1\AppData\Local\Temp\ch.elf.ULtIRf.ltrans1.ltrans.o
                0x0800a6a0                chFactoryReleaseObjectsFIFO
 *fill*         0x0800a6cc        0x4 
 .text.chFactoryReleaseMailbox
                0x0800a6d0       0x2c C:\Users\RAKIBU~1\AppData\Local\Temp\ch.elf.ULtIRf.ltrans1.ltrans.o
                0x0800a6d0                chFactoryReleaseMailbox
 *fill*         0x0800a6fc        0x4 
 .text.chFactoryReleaseBuffer
                0x0800a700       0x2c C:\Users\RAKIBU~1\AppData\Local\Temp\ch.elf.ULtIRf.ltrans1.ltrans.o
                0x0800a700                chFactoryReleaseBuffer
 *fill*         0x0800a72c        0x4 
 .text.chThdRelease
                0x0800a730       0x64 C:\Users\RAKIBU~1\AppData\Local\Temp\ch.elf.ULtIRf.ltrans1.ltrans.o
                0x0800a730                chThdRelease
 *fill*         0x0800a794        0xc 
 .text.cmd_threads
                0x0800a7a0       0xc4 C:\Users\RAKIBU~1\AppData\Local\Temp\ch.elf.ULtIRf.ltrans1.ltrans.o
 *fill*         0x0800a864        0xc 
 .text.chThdWait
                0x0800a870       0x38 C:\Users\RAKIBU~1\AppData\Local\Temp\ch.elf.ULtIRf.ltrans1.ltrans.o
                0x0800a870                chThdWait
 *fill*         0x0800a8a8        0x8 
 .text.cmd_test
                0x0800a8b0       0x8c C:\Users\RAKIBU~1\AppData\Local\Temp\ch.elf.ULtIRf.ltrans1.ltrans.o
 *fill*         0x0800a93c        0x4 
 .text.chSemSignalI
                0x0800a940       0x20 C:\Users\RAKIBU~1\AppData\Local\Temp\ch.elf.ULtIRf.ltrans1.ltrans.o
                0x0800a940                chSemSignalI
 .text.chCacheReleaseObjectI
                0x0800a960       0x80 C:\Users\RAKIBU~1\AppData\Local\Temp\ch.elf.ULtIRf.ltrans1.ltrans.o
                0x0800a960                chCacheReleaseObjectI
 .text.chGuardedPoolLoadArray
                0x0800a9e0       0x34 C:\Users\RAKIBU~1\AppData\Local\Temp\ch.elf.ULtIRf.ltrans1.ltrans.o
                0x0800a9e0                chGuardedPoolLoadArray
 *fill*         0x0800aa14        0xc 
 .text.chThdResumeI
                0x0800aa20       0x14 C:\Users\RAKIBU~1\AppData\Local\Temp\ch.elf.ULtIRf.ltrans1.ltrans.o
                0x0800aa20                chThdResumeI
 *fill*         0x0800aa34        0xc 
 .text.spi_lld_serve_rx_interrupt
                0x0800aa40       0xa8 C:\Users\RAKIBU~1\AppData\Local\Temp\ch.elf.ULtIRf.ltrans1.ltrans.o
 *fill*         0x0800aae8        0x8 
 .text.chThdExitS
                0x0800aaf0       0x48 C:\Users\RAKIBU~1\AppData\Local\Temp\ch.elf.ULtIRf.ltrans1.ltrans.o
 *fill*         0x0800ab38        0x8 
 .text.cmd_exit
                0x0800ab40       0x34 C:\Users\RAKIBU~1\AppData\Local\Temp\ch.elf.ULtIRf.ltrans1.ltrans.o
 *fill*         0x0800ab74        0xc 
 .text.shellThread
                0x0800ab80      0x254 C:\Users\RAKIBU~1\AppData\Local\Temp\ch.elf.ULtIRf.ltrans1.ltrans.o
                0x0800ab80                shellThread
 *fill*         0x0800add4        0xc 
 .text.chThdExit
                0x0800ade0        0xc C:\Users\RAKIBU~1\AppData\Local\Temp\ch.elf.ULtIRf.ltrans1.ltrans.o
                0x0800ade0                chThdExit
 *fill*         0x0800adec        0x4 
 .text.chVTDoResetI
                0x0800adf0       0x84 C:\Users\RAKIBU~1\AppData\Local\Temp\ch.elf.ULtIRf.ltrans1.ltrans.o
                0x0800adf0                chVTDoResetI
 *fill*         0x0800ae74        0xc 
 .text.chVTDoSetI
                0x0800ae80       0x98 C:\Users\RAKIBU~1\AppData\Local\Temp\ch.elf.ULtIRf.ltrans1.ltrans.o
                0x0800ae80                chVTDoSetI
 *fill*         0x0800af18        0x8 
 .text.chSchGoSleepTimeoutS
                0x0800af20       0x44 C:\Users\RAKIBU~1\AppData\Local\Temp\ch.elf.ULtIRf.ltrans1.ltrans.o
                0x0800af20                chSchGoSleepTimeoutS
 *fill*         0x0800af64        0xc 
 .text.chGuardedPoolAllocTimeout
                0x0800af70       0x68 C:\Users\RAKIBU~1\AppData\Local\Temp\ch.elf.ULtIRf.ltrans1.ltrans.o
                0x0800af70                chGuardedPoolAllocTimeout
 *fill*         0x0800afd8        0x8 
 .text.chThdEnqueueTimeoutS
                0x0800afe0       0x28 C:\Users\RAKIBU~1\AppData\Local\Temp\ch.elf.ULtIRf.ltrans1.ltrans.o
                0x0800afe0                chThdEnqueueTimeoutS
 *fill*         0x0800b008        0x8 
 .text.chMBFetchTimeout
                0x0800b010       0x64 C:\Users\RAKIBU~1\AppData\Local\Temp\ch.elf.ULtIRf.ltrans1.ltrans.o
                0x0800b010                chMBFetchTimeout
 *fill*         0x0800b074        0xc 
 .text.chMBPostTimeout
                0x0800b080       0x68 C:\Users\RAKIBU~1\AppData\Local\Temp\ch.elf.ULtIRf.ltrans1.ltrans.o
                0x0800b080                chMBPostTimeout
 *fill*         0x0800b0e8        0x8 
 .text.oqWriteTimeout
                0x0800b0f0       0xd4 C:\Users\RAKIBU~1\AppData\Local\Temp\ch.elf.ULtIRf.ltrans1.ltrans.o
 *fill*         0x0800b1c4        0xc 
 .text._writet.lto_priv.0
                0x0800b1d0        0x8 C:\Users\RAKIBU~1\AppData\Local\Temp\ch.elf.ULtIRf.ltrans1.ltrans.o
                0x0800b1d0                _writet.lto_priv.0
 *fill*         0x0800b1d8        0x8 
 .text._write.lto_priv.0
                0x0800b1e0        0xc C:\Users\RAKIBU~1\AppData\Local\Temp\ch.elf.ULtIRf.ltrans1.ltrans.o
                0x0800b1e0                _write.lto_priv.0
 *fill*         0x0800b1ec        0x4 
 .text.oqPutTimeout
                0x0800b1f0       0x54 C:\Users\RAKIBU~1\AppData\Local\Temp\ch.elf.ULtIRf.ltrans1.ltrans.o
 *fill*         0x0800b244        0xc 
 .text._putt.lto_priv.0
                0x0800b250        0x8 C:\Users\RAKIBU~1\AppData\Local\Temp\ch.elf.ULtIRf.ltrans1.ltrans.o
                0x0800b250                _putt.lto_priv.0
 *fill*         0x0800b258        0x8 
 .text._put.lto_priv.0
                0x0800b260        0xc C:\Users\RAKIBU~1\AppData\Local\Temp\ch.elf.ULtIRf.ltrans1.ltrans.o
                0x0800b260                _put.lto_priv.0
 *fill*         0x0800b26c        0x4 
 .text.iqReadTimeout
                0x0800b270       0xd8 C:\Users\RAKIBU~1\AppData\Local\Temp\ch.elf.ULtIRf.ltrans1.ltrans.o
 *fill*         0x0800b348        0x8 
 .text._readt.lto_priv.0
                0x0800b350        0x8 C:\Users\RAKIBU~1\AppData\Local\Temp\ch.elf.ULtIRf.ltrans1.ltrans.o
                0x0800b350                _readt.lto_priv.0
 *fill*         0x0800b358        0x8 
 .text._read.lto_priv.0
                0x0800b360        0xc C:\Users\RAKIBU~1\AppData\Local\Temp\ch.elf.ULtIRf.ltrans1.ltrans.o
                0x0800b360                _read.lto_priv.0
 *fill*         0x0800b36c        0x4 
 .text.iqGetTimeout
                0x0800b370       0x54 C:\Users\RAKIBU~1\AppData\Local\Temp\ch.elf.ULtIRf.ltrans1.ltrans.o
 *fill*         0x0800b3c4        0xc 
 .text._gett.lto_priv.0
                0x0800b3d0        0x8 C:\Users\RAKIBU~1\AppData\Local\Temp\ch.elf.ULtIRf.ltrans1.ltrans.o
                0x0800b3d0                _gett.lto_priv.0
 *fill*         0x0800b3d8        0x8 
 .text._get.lto_priv.0
                0x0800b3e0        0xc C:\Users\RAKIBU~1\AppData\Local\Temp\ch.elf.ULtIRf.ltrans1.ltrans.o
                0x0800b3e0                _get.lto_priv.0
 *fill*         0x0800b3ec        0x4 
 .text.chThdSuspendTimeoutS
                0x0800b3f0       0x1c C:\Users\RAKIBU~1\AppData\Local\Temp\ch.elf.ULtIRf.ltrans1.ltrans.o
                0x0800b3f0                chThdSuspendTimeoutS
 *fill*         0x0800b40c        0x4 
 .text.spiReceive
                0x0800b410       0x50 C:\Users\RAKIBU~1\AppData\Local\Temp\ch.elf.ULtIRf.ltrans1.ltrans.o
 .text.recvr1.isra.0
                0x0800b460       0x24 C:\Users\RAKIBU~1\AppData\Local\Temp\ch.elf.ULtIRf.ltrans1.ltrans.o
 *fill*         0x0800b484        0xc 
 .text.spiSend  0x0800b490       0x50 C:\Users\RAKIBU~1\AppData\Local\Temp\ch.elf.ULtIRf.ltrans1.ltrans.o
 .text.spiIgnore
                0x0800b4e0       0x54 C:\Users\RAKIBU~1\AppData\Local\Temp\ch.elf.ULtIRf.ltrans1.ltrans.o
 *fill*         0x0800b534        0xc 
 .text.chThdSleep
                0x0800b540       0x18 C:\Users\RAKIBU~1\AppData\Local\Temp\ch.elf.ULtIRf.ltrans1.ltrans.o
                0x0800b540                chThdSleep
 *fill*         0x0800b558        0x8 
 .text.sync.isra.0
                0x0800b560       0x38 C:\Users\RAKIBU~1\AppData\Local\Temp\ch.elf.ULtIRf.ltrans1.ltrans.o
 *fill*         0x0800b598        0x8 
 .text.mmcSync  0x0800b5a0       0x2c C:\Users\RAKIBU~1\AppData\Local\Temp\ch.elf.ULtIRf.ltrans1.ltrans.o
                0x0800b5a0                mmcSync
 *fill*         0x0800b5cc        0x4 
 .text.mmcDisconnect
                0x0800b5d0       0x48 C:\Users\RAKIBU~1\AppData\Local\Temp\ch.elf.ULtIRf.ltrans1.ltrans.o
                0x0800b5d0                mmcDisconnect
 *fill*         0x0800b618        0x8 
 .text.wait.isra.0
                0x0800b620       0x40 C:\Users\RAKIBU~1\AppData\Local\Temp\ch.elf.ULtIRf.ltrans1.ltrans.o
 .text.mmcSequentialWrite
                0x0800b660       0x78 C:\Users\RAKIBU~1\AppData\Local\Temp\ch.elf.ULtIRf.ltrans1.ltrans.o
 *fill*         0x0800b6d8        0x8 
 .text.send_hdr
                0x0800b6e0       0x68 C:\Users\RAKIBU~1\AppData\Local\Temp\ch.elf.ULtIRf.ltrans1.ltrans.o
 *fill*         0x0800b748        0x8 
 .text.mmcStartSequentialWrite
                0x0800b750       0x60 C:\Users\RAKIBU~1\AppData\Local\Temp\ch.elf.ULtIRf.ltrans1.ltrans.o
 .text.disk_write
                0x0800b7b0       0x80 C:\Users\RAKIBU~1\AppData\Local\Temp\ch.elf.ULtIRf.ltrans1.ltrans.o
                0x0800b7b0                disk_write
 .text.mmc_write.lto_priv.0
                0x0800b830       0x54 C:\Users\RAKIBU~1\AppData\Local\Temp\ch.elf.ULtIRf.ltrans1.ltrans.o
                0x0800b830                mmc_write.lto_priv.0
 *fill*         0x0800b884        0xc 
 .text.read_CxD
                0x0800b890       0x94 C:\Users\RAKIBU~1\AppData\Local\Temp\ch.elf.ULtIRf.ltrans1.ltrans.o
 *fill*         0x0800b924        0xc 
 .text.send_command_R3
                0x0800b930       0x40 C:\Users\RAKIBU~1\AppData\Local\Temp\ch.elf.ULtIRf.ltrans1.ltrans.o
 .text.send_command_R1
                0x0800b970       0x30 C:\Users\RAKIBU~1\AppData\Local\Temp\ch.elf.ULtIRf.ltrans1.ltrans.o
 .text.mmcConnect
                0x0800b9a0      0x158 C:\Users\RAKIBU~1\AppData\Local\Temp\ch.elf.ULtIRf.ltrans1.ltrans.o
                0x0800b9a0                mmcConnect
 *fill*         0x0800baf8        0x8 
 .text.chSysRestoreStatusX.part.0
                0x0800bb00       0x20 C:\Users\RAKIBU~1\AppData\Local\Temp\ch.elf.ULtIRf.ltrans1.ltrans.o
                0x0800bb00                chSysRestoreStatusX.part.0
 .text.chSysGetStatusAndLockX.part.0
                0x0800bb20        0xc C:\Users\RAKIBU~1\AppData\Local\Temp\ch.elf.ULtIRf.ltrans1.ltrans.o
                0x0800bb20                chSysGetStatusAndLockX.part.0
 *fill*         0x0800bb2c        0x4 
 .text.chSysIntegrityCheckI
                0x0800bb30       0xa4 C:\Users\RAKIBU~1\AppData\Local\Temp\ch.elf.ULtIRf.ltrans1.ltrans.o
                0x0800bb30                chSysIntegrityCheckI
 *fill*         0x0800bbd4        0xc 
 .text.__early_init
                0x0800bbe0       0x7c C:\Users\RAKIBU~1\AppData\Local\Temp\ch.elf.ULtIRf.ltrans1.ltrans.o
                0x0800bbe0                __early_init
 *fill*         0x0800bc5c        0x4 
 .text.VectorD8
                0x0800bc60      0x19c C:\Users\RAKIBU~1\AppData\Local\Temp\ch.elf.ULtIRf.ltrans1.ltrans.o
                0x0800bc60                VectorD8
 *fill*         0x0800bdfc        0x4 
 .text.VectorB0
                0x0800be00       0xcc C:\Users\RAKIBU~1\AppData\Local\Temp\ch.elf.ULtIRf.ltrans1.ltrans.o
                0x0800be00                VectorB0
 *fill*         0x0800becc        0x4 
 .text.Vector84
                0x0800bed0       0x14 C:\Users\RAKIBU~1\AppData\Local\Temp\ch.elf.ULtIRf.ltrans1.ltrans.o
                0x0800bed0                Vector84
 *fill*         0x0800bee4        0xc 
 .text.Vector80
                0x0800bef0       0x14 C:\Users\RAKIBU~1\AppData\Local\Temp\ch.elf.ULtIRf.ltrans1.ltrans.o
                0x0800bef0                Vector80
 *fill*         0x0800bf04        0xc 
 .text.Vector7C
                0x0800bf10       0x14 C:\Users\RAKIBU~1\AppData\Local\Temp\ch.elf.ULtIRf.ltrans1.ltrans.o
                0x0800bf10                Vector7C
 *fill*         0x0800bf24        0xc 
 .text.Vector78
                0x0800bf30       0x14 C:\Users\RAKIBU~1\AppData\Local\Temp\ch.elf.ULtIRf.ltrans1.ltrans.o
                0x0800bf30                Vector78
 *fill*         0x0800bf44        0xc 
 .text.Vector74
                0x0800bf50       0x14 C:\Users\RAKIBU~1\AppData\Local\Temp\ch.elf.ULtIRf.ltrans1.ltrans.o
                0x0800bf50                Vector74
 *fill*         0x0800bf64        0xc 
 .text.Vector70
                0x0800bf70       0x14 C:\Users\RAKIBU~1\AppData\Local\Temp\ch.elf.ULtIRf.ltrans1.ltrans.o
                0x0800bf70                Vector70
 *fill*         0x0800bf84        0xc 
 .text.Vector6C
                0x0800bf90       0x14 C:\Users\RAKIBU~1\AppData\Local\Temp\ch.elf.ULtIRf.ltrans1.ltrans.o
                0x0800bf90                Vector6C
 *fill*         0x0800bfa4        0xc 
 .text.mmcStopSequentialRead.part.0
                0x0800bfb0       0x30 C:\Users\RAKIBU~1\AppData\Local\Temp\ch.elf.ULtIRf.ltrans1.ltrans.o
                0x0800bfb0                mmcStopSequentialRead.part.0
 .text.mmcSequentialRead
                0x0800bfe0       0x60 C:\Users\RAKIBU~1\AppData\Local\Temp\ch.elf.ULtIRf.ltrans1.ltrans.o
                0x0800bfe0                mmcSequentialRead
 .text.mmcStartSequentialRead
                0x0800c040       0x60 C:\Users\RAKIBU~1\AppData\Local\Temp\ch.elf.ULtIRf.ltrans1.ltrans.o
                0x0800c040                mmcStartSequentialRead
 .text.mmc_read.lto_priv.0
                0x0800c0a0       0x3c C:\Users\RAKIBU~1\AppData\Local\Temp\ch.elf.ULtIRf.ltrans1.ltrans.o
                0x0800c0a0                mmc_read.lto_priv.0
 *fill*         0x0800c0dc        0x4 
 .text.__init_ram_areas
                0x0800c0e0       0x68 C:\Users\RAKIBU~1\AppData\Local\Temp\ch.elf.ULtIRf.ltrans1.ltrans.o
                0x0800c0e0                __init_ram_areas
 *fill*         0x0800c148        0x8 
 .text.__default_exit
                0x0800c150        0x4 C:\Users\RAKIBU~1\AppData\Local\Temp\ch.elf.ULtIRf.ltrans1.ltrans.o
                0x0800c150                __default_exit
 *fill*         0x0800c154        0xc 
 .text.__late_init
                0x0800c160        0x4 C:\Users\RAKIBU~1\AppData\Local\Temp\ch.elf.ULtIRf.ltrans1.ltrans.o
                0x0800c160                __late_init
 *fill*         0x0800c164        0xc 
 .text.__core_init
                0x0800c170        0x4 C:\Users\RAKIBU~1\AppData\Local\Temp\ch.elf.ULtIRf.ltrans1.ltrans.o
                0x0800c170                __core_init
 .text.memcmp   0x0800c174       0x5c c:/chibistudio/tools/gnu tools arm embedded/9.0 2019q4/bin/../lib/gcc/arm-none-eabi/9.2.1/../../../../arm-none-eabi/lib/thumb/v7-m/nofp\libg.a(lib_a-memcmp.o)
                0x0800c174                memcmp
 .text.memset   0x0800c1d0       0xa0 c:/chibistudio/tools/gnu tools arm embedded/9.0 2019q4/bin/../lib/gcc/arm-none-eabi/9.2.1/../../../../arm-none-eabi/lib/thumb/v7-m/nofp\libg.a(lib_a-memset.o)
                0x0800c1d0                memset
 .text.strchr   0x0800c270       0xd0 c:/chibistudio/tools/gnu tools arm embedded/9.0 2019q4/bin/../lib/gcc/arm-none-eabi/9.2.1/../../../../arm-none-eabi/lib/thumb/v7-m/nofp\libg.a(lib_a-strchr.o)
                0x0800c270                strchr
 .text.strcpy   0x0800c340       0xbc c:/chibistudio/tools/gnu tools arm embedded/9.0 2019q4/bin/../lib/gcc/arm-none-eabi/9.2.1/../../../../arm-none-eabi/lib/thumb/v7-m/nofp\libg.a(lib_a-strcpy.o)
                0x0800c340                strcpy
 .text.strlen   0x0800c3fc       0x5c c:/chibistudio/tools/gnu tools arm embedded/9.0 2019q4/bin/../lib/gcc/arm-none-eabi/9.2.1/../../../../arm-none-eabi/lib/thumb/v7-m/nofp\libg.a(lib_a-strlen-stub.o)
                0x0800c3fc                strlen
 .text.strncmp  0x0800c458       0x7c c:/chibistudio/tools/gnu tools arm embedded/9.0 2019q4/bin/../lib/gcc/arm-none-eabi/9.2.1/../../../../arm-none-eabi/lib/thumb/v7-m/nofp\libg.a(lib_a-strncmp.o)
                0x0800c458                strncmp
 .text.strncpy  0x0800c4d4       0x68 c:/chibistudio/tools/gnu tools arm embedded/9.0 2019q4/bin/../lib/gcc/arm-none-eabi/9.2.1/../../../../arm-none-eabi/lib/thumb/v7-m/nofp\libg.a(lib_a-strncpy.o)
                0x0800c4d4                strncpy
 .text.strpbrk  0x0800c53c       0x38 c:/chibistudio/tools/gnu tools arm embedded/9.0 2019q4/bin/../lib/gcc/arm-none-eabi/9.2.1/../../../../arm-none-eabi/lib/thumb/v7-m/nofp\libg.a(lib_a-strpbrk.o)
                0x0800c53c                strpbrk
 .text.strspn   0x0800c574       0x30 c:/chibistudio/tools/gnu tools arm embedded/9.0 2019q4/bin/../lib/gcc/arm-none-eabi/9.2.1/../../../../arm-none-eabi/lib/thumb/v7-m/nofp\libg.a(lib_a-strspn.o)
                0x0800c574                strspn
 *(.glue_7t)
 .glue_7t       0x0800c5a4        0x0 linker stubs
 *(.glue_7)
 .glue_7        0x0800c5a4        0x0 linker stubs
 *(.gcc*)
                0x0800c5a4                __text_end__ = .

.vfp11_veneer   0x0800c5a4        0x0
 .vfp11_veneer  0x0800c5a4        0x0 linker stubs

.v4_bx          0x0800c5a4        0x0
 .v4_bx         0x0800c5a4        0x0 linker stubs

.iplt           0x0800c5a4        0x0
 .iplt          0x0800c5a4        0x0 ./build/obj/crt0_v7m.o

.rodata         0x0800c5a4     0x30d0
                0x0800c5a4                __rodata_base__ = .
 *(.rodata)
 *(.rodata.*)
 .rodata._test_assert_time_window.constprop.0.str1.4
                0x0800c5a4       0x13 C:\Users\RAKIBU~1\AppData\Local\Temp\ch.elf.ULtIRf.ltrans0.ltrans.o
 .rodata.test_println.str1.4
                0x0800c5b7       0x13 C:\Users\RAKIBU~1\AppData\Local\Temp\ch.elf.ULtIRf.ltrans0.ltrans.o
                                  0x3 (size before relaxing)
 *fill*         0x0800c5b7        0x1 
 .rodata.chThdCreateStatic.constprop.0.str1.4
                0x0800c5b8        0x7 C:\Users\RAKIBU~1\AppData\Local\Temp\ch.elf.ULtIRf.ltrans0.ltrans.o
 *fill*         0x0800c5bf        0x1 
 .rodata.rt_test_006_005_execute.lto_priv.0.str1.4
                0x0800c5c0       0x21 C:\Users\RAKIBU~1\AppData\Local\Temp\ch.elf.ULtIRf.ltrans0.ltrans.o
 *fill*         0x0800c5e1        0x3 
 .rodata.rt_test_007_005_execute.lto_priv.0.str1.4
                0x0800c5e4       0x3d C:\Users\RAKIBU~1\AppData\Local\Temp\ch.elf.ULtIRf.ltrans0.ltrans.o
 *fill*         0x0800c621        0x3 
 .rodata.oslib_test_007_001_execute.lto_priv.0.str1.4
                0x0800c624       0x35 C:\Users\RAKIBU~1\AppData\Local\Temp\ch.elf.ULtIRf.ltrans0.ltrans.o
 *fill*         0x0800c659        0x3 
 .rodata.oslib_test_001_003_execute.lto_priv.0.str1.4
                0x0800c65c      0x2bd C:\Users\RAKIBU~1\AppData\Local\Temp\ch.elf.ULtIRf.ltrans0.ltrans.o
                                0x2c1 (size before relaxing)
 *fill*         0x0800c919        0x3 
 .rodata.oslib_test_001_002_execute.lto_priv.0.str1.4
                0x0800c91c      0x115 C:\Users\RAKIBU~1\AppData\Local\Temp\ch.elf.ULtIRf.ltrans0.ltrans.o
 *fill*         0x0800ca31        0x3 
 .rodata.rt_test_011_012_execute.lto_priv.0.str1.4
                0x0800ca34       0x95 C:\Users\RAKIBU~1\AppData\Local\Temp\ch.elf.ULtIRf.ltrans0.ltrans.o
 *fill*         0x0800cac9        0x3 
 .rodata.rt_test_009_006_execute.lto_priv.0.str1.4
                0x0800cacc        0xf C:\Users\RAKIBU~1\AppData\Local\Temp\ch.elf.ULtIRf.ltrans0.ltrans.o
 *fill*         0x0800cadb        0x1 
 .rodata.rt_test_001_003_execute.lto_priv.0.str1.4
                0x0800cadc      0x57d C:\Users\RAKIBU~1\AppData\Local\Temp\ch.elf.ULtIRf.ltrans0.ltrans.o
 *fill*         0x0800d059        0x3 