Archive member included to satisfy reference by file (symbol)

c:/chibistudio/tools/gnu tools arm embedded/9.0 2019q4/bin/../lib/gcc/arm-none-eabi/9.2.1/../../../../arm-none-eabi/lib/thumb/v7e-m/nofp\libg.a(lib_a-memcpy.o)
                              C:\Users\RAKIBU~1\AppData\Local\Temp\ch.elf.vko20g.ltrans0.ltrans.o (memcpy)
c:/chibistudio/tools/gnu tools arm embedded/9.0 2019q4/bin/../lib/gcc/arm-none-eabi/9.2.1/../../../../arm-none-eabi/lib/thumb/v7e-m/nofp\libg.a(lib_a-memset.o)
                              C:\Users\RAKIBU~1\AppData\Local\Temp\ch.elf.vko20g.ltrans0.ltrans.o (memset)

Discarded input sections

 .data          0x00000000        0x0 ./build/obj/crt0_v7m.o
 .bss           0x00000000        0x0 ./build/obj/crt0_v7m.o
 .data          0x00000000        0x0 ./build/obj/vectors.o
 .bss           0x00000000        0x0 ./build/obj/vectors.o
 .data          0x00000000        0x0 ./build/obj/chcoreasm_v7m.o
 .bss           0x00000000        0x0 ./build/obj/chcoreasm_v7m.o
 .text          0x00000000        0x0 C:\Users\RAKIBU~1\AppData\Local\Temp\ch.elf.vko20g.ltrans0.ltrans.o
 .data          0x00000000        0x0 C:\Users\RAKIBU~1\AppData\Local\Temp\ch.elf.vko20g.ltrans0.ltrans.o
 .bss           0x00000000        0x0 C:\Users\RAKIBU~1\AppData\Local\Temp\ch.elf.vko20g.ltrans0.ltrans.o
 .text._isatty_r
                0x00000000        0x4 C:\Users\RAKIBU~1\AppData\Local\Temp\ch.elf.vko20g.ltrans0.ltrans.o
 .text._fstat_r
                0x00000000       0x18 C:\Users\RAKIBU~1\AppData\Local\Temp\ch.elf.vko20g.ltrans0.ltrans.o
 .text._sbrk_r  0x00000000       0x40 C:\Users\RAKIBU~1\AppData\Local\Temp\ch.elf.vko20g.ltrans0.ltrans.o
 .text._close_r
                0x00000000        0x4 C:\Users\RAKIBU~1\AppData\Local\Temp\ch.elf.vko20g.ltrans0.ltrans.o
 .text._write_r
                0x00000000        0x4 C:\Users\RAKIBU~1\AppData\Local\Temp\ch.elf.vko20g.ltrans0.ltrans.o
 .text._lseek_r
                0x00000000        0x4 C:\Users\RAKIBU~1\AppData\Local\Temp\ch.elf.vko20g.ltrans0.ltrans.o
 .text._read_r  0x00000000        0xc C:\Users\RAKIBU~1\AppData\Local\Temp\ch.elf.vko20g.ltrans0.ltrans.o
 .comment       0x00000000       0x7a C:\Users\RAKIBU~1\AppData\Local\Temp\ccAdMYOC.debug.temp.o
 .comment       0x00000000       0x7a C:\Users\RAKIBU~1\AppData\Local\Temp\ccK5fszR.debug.temp.o
 .comment       0x00000000       0x7a C:\Users\RAKIBU~1\AppData\Local\Temp\ccueDQo9.debug.temp.o
 .comment       0x00000000       0x7a C:\Users\RAKIBU~1\AppData\Local\Temp\ccUitoYr.debug.temp.o
 .comment       0x00000000       0x7a C:\Users\RAKIBU~1\AppData\Local\Temp\ccINqAWI.debug.temp.o
 .comment       0x00000000       0x7a C:\Users\RAKIBU~1\AppData\Local\Temp\ccWhH1tZ.debug.temp.o
 .debug_info    0x00000000      0xfa4 C:\Users\RAKIBU~1\AppData\Local\Temp\ccoBcfMg.debug.temp.o
 .debug_abbrev  0x00000000      0x19a C:\Users\RAKIBU~1\AppData\Local\Temp\ccoBcfMg.debug.temp.o
 .debug_line    0x00000000      0x3c3 C:\Users\RAKIBU~1\AppData\Local\Temp\ccoBcfMg.debug.temp.o
 .debug_str     0x00000000      0x909 C:\Users\RAKIBU~1\AppData\Local\Temp\ccoBcfMg.debug.temp.o
 .comment       0x00000000       0x7a C:\Users\RAKIBU~1\AppData\Local\Temp\ccoBcfMg.debug.temp.o
 .comment       0x00000000       0x7a C:\Users\RAKIBU~1\AppData\Local\Temp\ccEyzG9A.debug.temp.o
 .comment       0x00000000       0x7a C:\Users\RAKIBU~1\AppData\Local\Temp\ccsJoF6U.debug.temp.o
 .comment       0x00000000       0x7a C:\Users\RAKIBU~1\AppData\Local\Temp\ccO73DNf.debug.temp.o
 .comment       0x00000000       0x7a C:\Users\RAKIBU~1\AppData\Local\Temp\ccUXlbTy.debug.temp.o
 .comment       0x00000000       0x7a C:\Users\RAKIBU~1\AppData\Local\Temp\cckGOWMS.debug.temp.o
 .debug_info    0x00000000     0x1822 C:\Users\RAKIBU~1\AppData\Local\Temp\cceu8Xfc.debug.temp.o
 .debug_abbrev  0x00000000      0x1fd C:\Users\RAKIBU~1\AppData\Local\Temp\cceu8Xfc.debug.temp.o
 .debug_line    0x00000000      0x3e4 C:\Users\RAKIBU~1\AppData\Local\Temp\cceu8Xfc.debug.temp.o
 .debug_str     0x00000000      0xcf9 C:\Users\RAKIBU~1\AppData\Local\Temp\cceu8Xfc.debug.temp.o
 .comment       0x00000000       0x7a C:\Users\RAKIBU~1\AppData\Local\Temp\cceu8Xfc.debug.temp.o
 .debug_info    0x00000000      0xfa4 C:\Users\RAKIBU~1\AppData\Local\Temp\cc26bvOy.debug.temp.o
 .debug_abbrev  0x00000000      0x19a C:\Users\RAKIBU~1\AppData\Local\Temp\cc26bvOy.debug.temp.o
 .debug_line    0x00000000      0x3c3 C:\Users\RAKIBU~1\AppData\Local\Temp\cc26bvOy.debug.temp.o
 .debug_str     0x00000000      0x91b C:\Users\RAKIBU~1\AppData\Local\Temp\cc26bvOy.debug.temp.o
 .comment       0x00000000       0x7a C:\Users\RAKIBU~1\AppData\Local\Temp\cc26bvOy.debug.temp.o
 .debug_info    0x00000000      0xfa4 C:\Users\RAKIBU~1\AppData\Local\Temp\ccO48W6V.debug.temp.o
 .debug_abbrev  0x00000000      0x19a C:\Users\RAKIBU~1\AppData\Local\Temp\ccO48W6V.debug.temp.o
 .debug_line    0x00000000      0x3c3 C:\Users\RAKIBU~1\AppData\Local\Temp\ccO48W6V.debug.temp.o
[...]
Memory Configuration

Name             Origin             Length             Attributes
flash0           0x08000000         0x00100000         xr
flash1           0x00000000         0x00000000         xr
flash2           0x00000000         0x00000000         xr
flash3           0x00000000         0x00000000         xr
flash4           0x00000000         0x00000000         xr
flash5           0x00000000         0x00000000         xr
flash6           0x00000000         0x00000000         xr
flash7           0x00000000         0x00000000         xr
ram0             0x20000000         0x00020000         xw
ram1             0x20000000         0x0001c000         xw
ram2             0x2001c000         0x00004000         xw
ram3             0x00000000         0x00000000         xw
ram4             0x10000000         0x00010000         xw
ram5             0x40024000         0x00001000         xw
ram6             0x00000000         0x00000000         xw
ram7             0x00000000         0x00000000         xw
*default*        0x00000000         0xffffffff

Linker script and memory map

LOAD ./build/obj/crt0_v7m.o
LOAD ./build/obj/vectors.o
LOAD ./build/obj/chcoreasm_v7m.o
LOAD C:\Users\RAKIBU~1\AppData\Local\Temp\ch.elf.vko20g.ltrans0.ltrans.o
LOAD C:\Users\RAKIBU~1\AppData\Local\Temp\ccAdMYOC.debug.temp.o
LOAD C:\Users\RAKIBU~1\AppData\Local\Temp\ccK5fszR.debug.temp.o
LOAD C:\Users\RAKIBU~1\AppData\Local\Temp\ccueDQo9.debug.temp.o
LOAD C:\Users\RAKIBU~1\AppData\Local\Temp\ccUitoYr.debug.temp.o
LOAD C:\Users\RAKIBU~1\AppData\Local\Temp\ccINqAWI.debug.temp.o
LOAD C:\Users\RAKIBU~1\AppData\Local\Temp\ccWhH1tZ.debug.temp.o
LOAD C:\Users\RAKIBU~1\AppData\Local\Temp\ccoBcfMg.debug.temp.o
LOAD C:\Users\RAKIBU~1\AppData\Local\Temp\ccEyzG9A.debug.temp.o
LOAD C:\Users\RAKIBU~1\AppData\Local\Temp\ccsJoF6U.debug.temp.o
LOAD C:\Users\RAKIBU~1\AppData\Local\Temp\ccO73DNf.debug.temp.o
LOAD C:\Users\RAKIBU~1\AppData\Local\Temp\ccUXlbTy.debug.temp.o
LOAD C:\Users\RAKIBU~1\AppData\Local\Temp\cckGOWMS.debug.temp.o
LOAD C:\Users\RAKIBU~1\AppData\Local\Temp\cceu8Xfc.debug.temp.o
LOAD C:\Users\RAKIBU~1\AppData\Local\Temp\cc26bvOy.debug.temp.o
LOAD C:\Users\RAKIBU~1\AppData\Local\Temp\ccO48W6V.debug.temp.o
LOAD C:\Users\RAKIBU~1\AppData\Local\Temp\ccanVuZi.debug.temp.o
LOAD C:\Users\RAKIBU~1\AppData\Local\Temp\ccmg9BgE.debug.temp.o
LOAD C:\Users\RAKIBU~1\AppData\Local\Temp\ccACRVh0.debug.temp.o
LOAD C:\Users\RAKIBU~1\AppData\Local\Temp\ccS0Dvop.debug.temp.o
LOAD C:\Users\RAKIBU~1\AppData\Local\Temp\ccq7i23N.debug.temp.o
LOAD C:\Users\RAKIBU~1\AppData\Local\Temp\ccy2G1Kd.debug.temp.o
LOAD C:\Users\RAKIBU~1\AppData\Local\Temp\ccClsi2C.debug.temp.o
LOAD C:\Users\RAKIBU~1\AppData\Local\Temp\ccGu29H0.debug.temp.o
LOAD C:\Users\RAKIBU~1\AppData\Local\Temp\ccoYC59n.debug.temp.o
LOAD C:\Users\RAKIBU~1\AppData\Local\Temp\cc2LScmM.debug.temp.o
LOAD C:\Users\RAKIBU~1\AppData\Local\Temp\ccyjyyDd.debug.temp.o
LOAD C:\Users\RAKIBU~1\AppData\Local\Temp\ccgDbGFF.debug.temp.o
LOAD C:\Users\RAKIBU~1\AppData\Local\Temp\ccu5W3g7.debug.temp.o
LOAD C:\Users\RAKIBU~1\AppData\Local\Temp\ccw7Vhhx.debug.temp.o
LOAD C:\Users\RAKIBU~1\AppData\Local\Temp\ccCDDr1X.debug.temp.o
LOAD C:\Users\RAKIBU~1\AppData\Local\Temp\ccCUYyQr.debug.temp.o
LOAD C:\Users\RAKIBU~1\AppData\Local\Temp\ccY44UeV.debug.temp.o
LOAD C:\Users\RAKIBU~1\AppData\Local\Temp\ccoLWtnp.debug.temp.o
LOAD C:\Users\RAKIBU~1\AppData\Local\Temp\ccMKmfMR.debug.temp.o
LOAD C:\Users\RAKIBU~1\AppData\Local\Temp\ccUbVdQk.debug.temp.o
LOAD C:\Users\RAKIBU~1\AppData\Local\Temp\ccsczvZQ.debug.temp.o
LOAD C:\Users\RAKIBU~1\AppData\Local\Temp\ccwPyEDm.debug.temp.o
LOAD C:\Users\RAKIBU~1\AppData\Local\Temp\ccwQjx2S.debug.temp.o
LOAD C:\Users\RAKIBU~1\AppData\Local\Temp\cceMW6Pn.debug.temp.o
LOAD C:\Users\RAKIBU~1\AppData\Local\Temp\ccMQmAnT.debug.temp.o
LOAD C:\Users\RAKIBU~1\AppData\Local\Temp\ccUbwBuo.debug.temp.o
LOAD C:\Users\RAKIBU~1\AppData\Local\Temp\ccWjmRGW.debug.temp.o
LOAD C:\Users\RAKIBU~1\AppData\Local\Temp\ccKsoJCv.debug.temp.o
LOAD C:\Users\RAKIBU~1\AppData\Local\Temp\ccyBEOl4.debug.temp.o
LOAD C:\Users\RAKIBU~1\AppData\Local\Temp\cckzvLtB.debug.temp.o
LOAD C:\Users\RAKIBU~1\AppData\Local\Temp\ccoOqgl9.debug.temp.o
LOAD C:\Users\RAKIBU~1\AppData\Local\Temp\ccOW6ZLG.debug.temp.o
LOAD C:\Users\RAKIBU~1\AppData\Local\Temp\ccaXNfih.debug.temp.o
LOAD C:\Users\RAKIBU~1\AppData\Local\Temp\cco9ypyS.debug.temp.o
LOAD C:\Users\RAKIBU~1\AppData\Local\Temp\ccQCd1ds.debug.temp.o
LOAD C:\Users\RAKIBU~1\AppData\Local\Temp\ccAT4Qs1.debug.temp.o
LOAD C:\Users\RAKIBU~1\AppData\Local\Temp\ccco3RrB.debug.temp.o
LOAD C:\Users\RAKIBU~1\AppData\Local\Temp\ccamzbwe.debug.temp.o
LOAD C:\Users\RAKIBU~1\AppData\Local\Temp\ccObs6jS.debug.temp.o
LOAD C:\Users\RAKIBU~1\AppData\Local\Temp\cc0cKhHv.debug.temp.o
LOAD C:\Users\RAKIBU~1\AppData\Local\Temp\ccgcslt7.debug.temp.o
LOAD C:\Users\RAKIBU~1\AppData\Local\Temp\ccIpivVJ.debug.temp.o
LOAD C:\Users\RAKIBU~1\AppData\Local\Temp\ccIUQ7sp.debug.temp.o
LOAD C:\Users\RAKIBU~1\AppData\Local\Temp\ccA5y3z4.debug.temp.o
LOAD C:\Users\RAKIBU~1\AppData\Local\Temp\ccin1BqK.debug.temp.o
LOAD C:\Users\RAKIBU~1\AppData\Local\Temp\ccEXgIFo.debug.temp.o
LOAD C:\Users\RAKIBU~1\AppData\Local\Temp\cc0rdSE3.debug.temp.o
LOAD C:\Users\RAKIBU~1\AppData\Local\Temp\ccq06beI.debug.temp.o
LOAD C:\Users\RAKIBU~1\AppData\Local\Temp\ccIiqKSp.debug.temp.o
LOAD C:\Users\RAKIBU~1\AppData\Local\Temp\cc00Wuh8.debug.temp.o
LOAD C:\Users\RAKIBU~1\AppData\Local\Temp\ccqNPAfQ.debug.temp.o
LOAD C:\Users\RAKIBU~1\AppData\Local\Temp\cc2HbjCw.debug.temp.o
LOAD C:\Users\RAKIBU~1\AppData\Local\Temp\ccyRSVId.debug.temp.o
LOAD C:\Users\RAKIBU~1\AppData\Local\Temp\ccaAoGUX.debug.temp.o
LOAD C:\Users\RAKIBU~1\AppData\Local\Temp\cc2wjwFH.debug.temp.o
LOAD C:\Users\RAKIBU~1\AppData\Local\Temp\ccSQayas.debug.temp.o
LOAD C:\Users\RAKIBU~1\AppData\Local\Temp\cco4VN8a.debug.temp.o

.mstack         0x20000000      0x400
                0x20000000                . = ALIGN (0x8)
                0x20000000                __main_stack_base__ = .
                0x20000400                . = (. + __main_stack_size__)
 *fill*         0x20000000      0x400 
                0x20000400                . = ALIGN (0x8)
                0x20000400                __main_stack_end__ = .

.pstack         0x20000400      0x400
                0x20000400                . = ALIGN (0x8)
                0x20000400                __process_stack_base__ = .
                0x20000400                __main_thread_stack_base__ = .
                0x20000800                . = (. + __process_stack_size__)
 *fill*         0x20000400      0x400 
                0x20000800                . = ALIGN (0x8)
                0x20000800                __process_stack_end__ = .
                0x20000800                __main_thread_stack_end__ = .

.vectors        0x08000000      0x1e0
 *(.vectors)
 .vectors       0x08000000      0x1e0 ./build/obj/vectors.o
                0x08000000                _vectors

.xtors          0x080001e0        0x0
                0x080001e0                __init_array_base__ = .
 *(SORT_BY_NAME(.init_array.*))
 *(.init_array)
                0x080001e0                __init_array_end__ = .
                0x080001e0                __fini_array_base__ = .
 *(.fini_array)
 *(SORT_BY_NAME(.fini_array.*))
                0x080001e0                __fini_array_end__ = .

.text           0x080001e0     0x18d4
                0x080001e0                __text_base__ = .
 *(.text)
 .text          0x080001e0       0xd8 ./build/obj/crt0_v7m.o
                0x080001e0                _crt0_entry
 .text          0x080002b8        0x8 ./build/obj/vectors.o
                0x080002b8                Reset_Handler
                0x080002ba                VectorE8
                0x080002ba                Vector9C
                0x080002ba                VectorAC
                0x080002ba                DebugMon_Handler
                0x080002ba                Vector1A0
                0x080002ba                Vector5C
                0x080002ba                Vector11C
                0x080002ba                HardFault_Handler
                0x080002ba                Vector1B8
                0x080002ba                Vector19C
                0x080002ba                Vector8C
                0x080002ba                SysTick_Handler
                0x080002ba                VectorDC
                0x080002ba                PendSV_Handler
                0x080002ba                Vector168
                0x080002ba                NMI_Handler
                0x080002ba                Vector120
                0x080002ba                Vector1D8
                0x080002ba                VectorC8
                0x080002ba                Vector94
                0x080002ba                VectorA8
                0x080002ba                VectorB4
                0x080002ba                Vector74
                0x080002ba                Vector160
                0x080002ba                Vector1B0
                0x080002ba                UsageFault_Handler
                0x080002ba                VectorEC
                0x080002ba                Vector40
                0x080002ba                VectorF8
                0x080002ba                Vector108
                0x080002ba                VectorBC
                0x080002ba                Vector190
                0x080002ba                Vector150
                0x080002ba                Vector124
                0x080002ba                Vector1C4
                0x080002ba                Vector1CC
                0x080002ba                Vector148
                0x080002ba                Vector188
                0x080002ba                Vector198
                0x080002ba                Vector118
                0x080002ba                Vector64
                0x080002ba                Vector58
                0x080002ba                VectorCC
                0x080002ba                Vector54
                0x080002ba                Vector98
                0x080002ba                VectorD8
                0x080002ba                Vector138
                0x080002ba                Vector24
                0x080002ba                Vector1AC
                0x080002ba                Vector178
                0x080002ba                Vector84
                0x080002ba                Vector1A4
                0x080002ba                VectorD0
                0x080002ba                Vector1B4
                0x080002ba                Vector140
                0x080002ba                VectorE4
                0x080002ba                VectorC0
                0x080002ba                Vector158
                0x080002ba                Vector130
                0x080002ba                Vector1C0
                0x080002ba                Vector134
                0x080002ba                Vector1D0
                0x080002ba                VectorF0
                0x080002ba                Vector12C
                0x080002ba                Vector13C
                0x080002ba                Vector100
                0x080002ba                VectorE0
                0x080002ba                VectorF4
                0x080002ba                MemManage_Handler
                0x080002ba                Vector6C
                0x080002ba                VectorA0
                0x080002ba                VectorC4
                0x080002ba                Vector7C
                0x080002ba                Vector180
                0x080002ba                Vector90
                0x080002ba                Vector114
                0x080002ba                Vector164
                0x080002ba                Vector60
                0x080002ba                Vector1C
                0x080002ba                Vector1BC
                0x080002ba                Vector1D4
                0x080002ba                Vector17C
                0x080002ba                Vector48
                0x080002ba                Vector1A8
                0x080002ba                Vector16C
                0x080002ba                Vector70
                0x080002ba                VectorD4
                0x080002ba                Vector4C
                0x080002ba                Vector144
                0x080002ba                Vector80
                0x080002ba                Vector15C
                0x080002ba                Vector68
                0x080002ba                Vector78
                0x080002ba                Vector18C
                0x080002ba                Vector170
                0x080002ba                Vector88
                0x080002ba                Vector104
                0x080002ba                Vector184
                0x080002ba                Vector10C
                0x080002ba                Vector14C
                0x080002ba                BusFault_Handler
                0x080002ba                Vector50
                0x080002ba                Vector1C8
                0x080002ba                Vector194
                0x080002ba                Vector1DC
                0x080002ba                Vector154
                0x080002ba                Vector44
                0x080002ba                Vector28
                0x080002ba                VectorB8
                0x080002ba                VectorFC
                0x080002ba                Vector34
                0x080002ba                Vector128
                0x080002ba                VectorA4
                0x080002ba                Vector20
                0x080002ba                Vector174
                0x080002be                _unhandled_exception
 .text          0x080002c0       0x2a ./build/obj/chcoreasm_v7m.o
                0x080002c0                _port_switch
                0x080002d0                _port_thread_start
                0x080002e2                _port_switch_from_isr
                0x080002e6                _port_exit_from_isr
 *fill*         0x080002ea        0x2 
 .text          0x080002ec      0x134 c:/chibistudio/tools/gnu tools arm embedded/9.0 2019q4/bin/../lib/gcc/arm-none-eabi/9.2.1/../../../../arm-none-eabi/lib/thumb/v7e-m/nofp\libg.a(lib_a-memcpy.o)
                0x080002ec                memcpy
 *(.text.*)
 .text._pal_lld_setgroupmode.constprop.0
                0x08000420       0x70 C:\Users\RAKIBU~1\AppData\Local\Temp\ch.elf.vko20g.ltrans0.ltrans.o
 .text.chCoreAllocFromTop
                0x08000490       0x3c C:\Users\RAKIBU~1\AppData\Local\Temp\ch.elf.vko20g.ltrans0.ltrans.o
 *fill*         0x080004cc        0x4 
 .text.notify4  0x080004d0       0x10 C:\Users\RAKIBU~1\AppData\Local\Temp\ch.elf.vko20g.ltrans0.ltrans.o
 .text._port_irq_epilogue
                0x080004e0       0x4c C:\Users\RAKIBU~1\AppData\Local\Temp\ch.elf.vko20g.ltrans0.ltrans.o
 *fill*         0x0800052c        0x4 
 .text.chCoreAllocAlignedI
                0x08000530       0x28 C:\Users\RAKIBU~1\AppData\Local\Temp\ch.elf.vko20g.ltrans0.ltrans.o
 *fill*         0x08000558        0x8 
 .text.chTMStopMeasurementX
                0x08000560       0x44 C:\Users\RAKIBU~1\AppData\Local\Temp\ch.elf.vko20g.ltrans0.ltrans.o
 *fill*         0x080005a4        0xc 
 .text.chTMStartMeasurementX
                0x080005b0        0xc C:\Users\RAKIBU~1\AppData\Local\Temp\ch.elf.vko20g.ltrans0.ltrans.o
 *fill*         0x080005bc        0x4 
 .text.wakeup   0x080005c0       0x6c C:\Users\RAKIBU~1\AppData\Local\Temp\ch.elf.vko20g.ltrans0.ltrans.o
 *fill*         0x0800062c        0x4 
 .text.chSchReadyI
                0x08000630       0x24 C:\Users\RAKIBU~1\AppData\Local\Temp\ch.elf.vko20g.ltrans0.ltrans.o
 *fill*         0x08000654        0xc 
 .text.chEvtBroadcastFlagsI.constprop.0
                0x08000660       0x60 C:\Users\RAKIBU~1\AppData\Local\Temp\ch.elf.vko20g.ltrans0.ltrans.o
 .text._idle_thread
                0x080006c0        0x4 C:\Users\RAKIBU~1\AppData\Local\Temp\ch.elf.vko20g.ltrans0.ltrans.o
 *fill*         0x080006c4        0xc 
 .text._ctl     0x080006d0        0x4 C:\Users\RAKIBU~1\AppData\Local\Temp\ch.elf.vko20g.ltrans0.ltrans.o
 *fill*         0x080006d4        0xc 
 .text.chSchGoSleepS
                0x080006e0       0x28 C:\Users\RAKIBU~1\AppData\Local\Temp\ch.elf.vko20g.ltrans0.ltrans.o
 *fill*         0x08000708        0x8 
 .text.chSchGoSleepTimeoutS
                0x08000710      0x110 C:\Users\RAKIBU~1\AppData\Local\Temp\ch.elf.vko20g.ltrans0.ltrans.o
 .text.chThdEnqueueTimeoutS
                0x08000820       0x28 C:\Users\RAKIBU~1\AppData\Local\Temp\ch.elf.vko20g.ltrans0.ltrans.o
 *fill*         0x08000848        0x8 
 .text.oqPutTimeout
                0x08000850       0x50 C:\Users\RAKIBU~1\AppData\Local\Temp\ch.elf.vko20g.ltrans0.ltrans.o
 .text._putt    0x080008a0        0x8 C:\Users\RAKIBU~1\AppData\Local\Temp\ch.elf.vko20g.ltrans0.ltrans.o
 *fill*         0x080008a8        0x8 
 .text._put     0x080008b0        0xc C:\Users\RAKIBU~1\AppData\Local\Temp\ch.elf.vko20g.ltrans0.ltrans.o
 *fill*         0x080008bc        0x4 
 .text.iqGetTimeout
                0x080008c0       0x54 C:\Users\RAKIBU~1\AppData\Local\Temp\ch.elf.vko20g.ltrans0.ltrans.o
 *fill*         0x08000914        0xc 
 .text._gett    0x08000920        0x8 C:\Users\RAKIBU~1\AppData\Local\Temp\ch.elf.vko20g.ltrans0.ltrans.o
 *fill*         0x08000928        0x8 
 .text._get     0x08000930        0xc C:\Users\RAKIBU~1\AppData\Local\Temp\ch.elf.vko20g.ltrans0.ltrans.o
 *fill*         0x0800093c        0x4 
 .text.chprintf
                0x08000940      0x4ac C:\Users\RAKIBU~1\AppData\Local\Temp\ch.elf.vko20g.ltrans0.ltrans.o
 *fill*         0x08000dec        0x4 
 .text.oqWriteTimeout
                0x08000df0       0xd4 C:\Users\RAKIBU~1\AppData\Local\Temp\ch.elf.vko20g.ltrans0.ltrans.o
 *fill*         0x08000ec4        0xc 
 .text._writet  0x08000ed0        0x8 C:\Users\RAKIBU~1\AppData\Local\Temp\ch.elf.vko20g.ltrans0.ltrans.o
 *fill*         0x08000ed8        0x8 
 .text._write   0x08000ee0        0xc C:\Users\RAKIBU~1\AppData\Local\Temp\ch.elf.vko20g.ltrans0.ltrans.o
 *fill*         0x08000eec        0x4 
 .text.iqReadTimeout
                0x08000ef0       0xd4 C:\Users\RAKIBU~1\AppData\Local\Temp\ch.elf.vko20g.ltrans0.ltrans.o
 *fill*         0x08000fc4        0xc 
 .text._readt   0x08000fd0        0x8 C:\Users\RAKIBU~1\AppData\Local\Temp\ch.elf.vko20g.ltrans0.ltrans.o
 *fill*         0x08000fd8        0x8 
 .text._read    0x08000fe0        0xc C:\Users\RAKIBU~1\AppData\Local\Temp\ch.elf.vko20g.ltrans0.ltrans.o
 *fill*         0x08000fec        0x4 
 .text.startup.main
                0x08000ff0      0x4a0 C:\Users\RAKIBU~1\AppData\Local\Temp\ch.elf.vko20g.ltrans0.ltrans.o
                0x08000ff0                main
 .text.SVC_Handler
                0x08001490       0x14 C:\Users\RAKIBU~1\AppData\Local\Temp\ch.elf.vko20g.ltrans0.ltrans.o
                0x08001490                SVC_Handler
 *fill*         0x080014a4        0xc 
 .text.chThdExit
                0x080014b0       0x4c C:\Users\RAKIBU~1\AppData\Local\Temp\ch.elf.vko20g.ltrans0.ltrans.o
                0x080014b0                chThdExit
 *fill*         0x080014fc        0x4 
 .text.chSchDoReschedule
                0x08001500       0x3c C:\Users\RAKIBU~1\AppData\Local\Temp\ch.elf.vko20g.ltrans0.ltrans.o
                0x08001500                chSchDoReschedule
 *fill*         0x0800153c        0x4 
 .text.__early_init
                0x08001540      0x268 C:\Users\RAKIBU~1\AppData\Local\Temp\ch.elf.vko20g.ltrans0.ltrans.o
                0x08001540                __early_init
 *fill*         0x080017a8        0x8 
 .text.Vector110
                0x080017b0      0x1ac C:\Users\RAKIBU~1\AppData\Local\Temp\ch.elf.vko20g.ltrans0.ltrans.o
                0x080017b0                Vector110
 *fill*         0x0800195c        0x4 
 .text.VectorB0
                0x08001960       0xb8 C:\Users\RAKIBU~1\AppData\Local\Temp\ch.elf.vko20g.ltrans0.ltrans.o
                0x08001960                VectorB0
 *fill*         0x08001a18        0x8 
 .text.__init_ram_areas
                0x08001a20       0x68 C:\Users\RAKIBU~1\AppData\Local\Temp\ch.elf.vko20g.ltrans0.ltrans.o
                0x08001a20                __init_ram_areas
 *fill*         0x08001a88        0x8 
 .text.__default_exit
                0x08001a90        0x4 C:\Users\RAKIBU~1\AppData\Local\Temp\ch.elf.vko20g.ltrans0.ltrans.o
                0x08001a90                __default_exit
 *fill*         0x08001a94        0xc 
 .text.__late_init
                0x08001aa0        0x4 C:\Users\RAKIBU~1\AppData\Local\Temp\ch.elf.vko20g.ltrans0.ltrans.o
                0x08001aa0                __late_init
 *fill*         0x08001aa4        0xc 
 .text.__core_init
                0x08001ab0        0x4 C:\Users\RAKIBU~1\AppData\Local\Temp\ch.elf.vko20g.ltrans0.ltrans.o
                0x08001ab0                __core_init
 *(.glue_7t)
 .glue_7t       0x08001ab4        0x0 linker stubs
 *(.glue_7)
 .glue_7        0x08001ab4        0x0 linker stubs
 *(.gcc*)
                0x08001ab4                __text_end__ = .

.vfp11_veneer   0x08001ab4        0x0
 .vfp11_veneer  0x08001ab4        0x0 linker stubs

.v4_bx          0x08001ab4        0x0
 .v4_bx         0x08001ab4        0x0 linker stubs

.iplt           0x08001ab4        0x0
 .iplt          0x08001ab4        0x0 ./build/obj/crt0_v7m.o

.rodata         0x08001ab4       0xe4
                0x08001ab4                __rodata_base__ = .
 *(.rodata)
 *(.rodata.*)
 .rodata.chprintf.str1.4
                0x08001ab4        0x7 C:\Users\RAKIBU~1\AppData\Local\Temp\ch.elf.vko20g.ltrans0.ltrans.o
 *fill*         0x08001abb        0x1 
 .rodata.main.str1.4
                0x08001abc       0x19 C:\Users\RAKIBU~1\AppData\Local\Temp\ch.elf.vko20g.ltrans0.ltrans.o
 *fill*         0x08001ad5        0x3 
 .rodata.ch_debug
                0x08001ad8       0x16 C:\Users\RAKIBU~1\AppData\Local\Temp\ch.elf.vko20g.ltrans0.ltrans.o
 *fill*         0x08001aee        0x2 
 .rodata.ram_areas
                0x08001af0       0x80 C:\Users\RAKIBU~1\AppData\Local\Temp\ch.elf.vko20g.ltrans0.ltrans.o
 .rodata.vmt    0x08001b70       0x28 C:\Users\RAKIBU~1\AppData\Local\Temp\ch.elf.vko20g.ltrans0.ltrans.o
                0x08001b98                . = ALIGN (0x4)
                0x08001b98                __rodata_end__ = .

.rel.dyn        0x08001b98        0x0
 .rel.iplt      0x08001b98        0x0 ./build/obj/crt0_v7m.o

.ARM.extab
 *(.ARM.extab* .gnu.linkonce.armextab.*)

.ARM.exidx      0x08001b98        0x0
                0x08001b98                __exidx_base__ = .
                0x08001b98                __exidx_start = .
 *(.ARM.exidx* .gnu.linkonce.armexidx.*)
                0x08001b98                __exidx_end__ = .
                0x08001b98                __exidx_end = .

.eh_frame_hdr
 *(.eh_frame_hdr)

.eh_frame
 *(.eh_frame)

.data           0x20000800        0x0 load address 0x08001b98
                [!provide]                PROVIDE (_textdata = LOADADDR (.data))
                [!provide]                PROVIDE (_data = .)
                0x08001b98                __textdata_base__ = LOADADDR (.data)
                0x20000800                __data_base__ = .
 *(.data)
 *(.data.*)
 *(.ramtext)
                0x20000800                . = ALIGN (0x4)
                [!provide]                PROVIDE (_edata = .)
                0x20000800                __data_end__ = .

.igot.plt       0x20000800        0x0 load address 0x08001b98
 .igot.plt      0x20000800        0x0 ./build/obj/crt0_v7m.o

.bss            0x20000800      0x240 load address 0x08001b98
                0x20000800                __bss_base__ = .
 *(.bss)
 *(.bss.*)
 .bss.SD4       0x20000800       0x7c C:\Users\RAKIBU~1\AppData\Local\Temp\ch.elf.vko20g.ltrans0.ltrans.o
 .bss.ch        0x2000087c       0x78 C:\Users\RAKIBU~1\AppData\Local\Temp\ch.elf.vko20g.ltrans0.ltrans.o
 .bss.ch_factory
                0x200008f4       0x48 C:\Users\RAKIBU~1\AppData\Local\Temp\ch.elf.vko20g.ltrans0.ltrans.o
 *fill*         0x2000093c        0x4 
 .bss.ch_idle_thread_wa
                0x20000940       0xd8 C:\Users\RAKIBU~1\AppData\Local\Temp\ch.elf.vko20g.ltrans0.ltrans.o
 .bss.ch_memcore
                0x20000a18        0x8 C:\Users\RAKIBU~1\AppData\Local\Temp\ch.elf.vko20g.ltrans0.ltrans.o
 .bss.default_heap
                0x20000a20       0x1c C:\Users\RAKIBU~1\AppData\Local\Temp\ch.elf.vko20g.ltrans0.ltrans.o
 .bss.rxbuf.8071
                0x20000a3c        0x4 C:\Users\RAKIBU~1\AppData\Local\Temp\ch.elf.vko20g.ltrans0.ltrans.o
 *(COMMON)
                0x20000a40                . = ALIGN (0x4)
                0x20000a40                __bss_end__ = .
                [!provide]                PROVIDE (end = .)
                0x20000000                __ram0_base__ = ORIGIN (ram0)
                0x00020000                __ram0_size__ = LENGTH (ram0)
                0x20020000                __ram0_end__ = (__ram0_base__ + __ram0_size__)
                0x20000000                __ram1_base__ = ORIGIN (ram1)
                0x0001c000                __ram1_size__ = LENGTH (ram1)
                0x2001c000                __ram1_end__ = (__ram1_base__ + __ram1_size__)
                0x2001c000                __ram2_base__ = ORIGIN (ram2)
                0x00004000                __ram2_size__ = LENGTH (ram2)
                0x20020000                __ram2_end__ = (__ram2_base__ + __ram2_size__)
                0x00000000                __ram3_base__ = ORIGIN (ram3)
                0x00000000                __ram3_size__ = LENGTH (ram3)
                0x00000000                __ram3_end__ = (__ram3_base__ + __ram3_size__)
                0x10000000                __ram4_base__ = ORIGIN (ram4)
                0x00010000                __ram4_size__ = LENGTH (ram4)
                0x10010000                __ram4_end__ = (__ram4_base__ + __ram4_size__)
                0x40024000                __ram5_base__ = ORIGIN (ram5)
                0x00001000                __ram5_size__ = LENGTH (ram5)
                0x40025000                __ram5_end__ = (__ram5_base__ + __ram5_size__)
                0x00000000                __ram6_base__ = ORIGIN (ram6)
                0x00000000                __ram6_size__ = LENGTH (ram6)
                0x00000000                __ram6_end__ = (__ram6_base__ + __ram6_size__)
                0x00000000                __ram7_base__ = ORIGIN (ram7)
                0x00000000                __ram7_size__ = LENGTH (ram7)
                0x00000000                __ram7_end__ = (__ram7_base__ + __ram7_size__)
                0x08000000                __flash0_base__ = ORIGIN (flash0)
                0x00100000                __flash0_size__ = LENGTH (flash0)
                0x08100000                __flash0_end__ = (__flash0_base__ + __flash0_size__)
                0x00000000                __flash1_base__ = ORIGIN (flash1)
                0x00000000                __flash1_size__ = LENGTH (flash1)
                0x00000000                __flash1_end__ = (__flash1_base__ + __flash1_size__)
                0x00000000                __flash2_base__ = ORIGIN (flash2)
                0x00000000                __flash2_size__ = LENGTH (flash2)
                0x00000000                __flash2_end__ = (__flash2_base__ + __flash2_size__)
                0x00000000                __flash3_base__ = ORIGIN (flash3)
                0x00000000                __flash3_size__ = LENGTH (flash3)
                0x00000000                __flash3_end__ = (__flash3_base__ + __flash3_size__)
                0x00000000                __flash4_base__ = ORIGIN (flash4)
                0x00000000                __flash4_size__ = LENGTH (flash4)
                0x00000000                __flash4_end__ = (__flash4_base__ + __flash4_size__)
                0x00000000                __flash5_base__ = ORIGIN (flash5)
                0x00000000                __flash5_size__ = LENGTH (flash5)
                0x00000000                __flash5_end__ = (__flash5_base__ + __flash5_size__)
                0x00000000                __flash6_base__ = ORIGIN (flash6)
                0x00000000                __flash6_size__ = LENGTH (flash6)
                0x00000000                __flash6_end__ = (__flash6_base__ + __flash6_size__)
                0x00000000                __flash7_base__ = ORIGIN (flash7)
                0x00000000                __flash7_size__ = LENGTH (flash7)
                0x00000000                __flash7_end__ = (__flash7_base__ + __flash7_size__)

.ram0_init      0x20000a40        0x0 load address 0x08001b98
                0x08001b98                __ram0_init_text__ = LOADADDR (.ram0_init)
                0x20000a40                __ram0_init__ = .
 *(.ram0_init)
 *(.ram0_init.*)
                0x20000a40                . = ALIGN (0x4)

.ram0           0x20000a40        0x0 load address 0x08001b98
                0x20000a40                __ram0_clear__ = .
 *(.ram0_clear)
 *(.ram0_clear.*)
                0x20000a40                . = ALIGN (0x4)
                0x20000a40                __ram0_noinit__ = .
 *(.ram0)
 *(.ram0.*)
                0x20000a40                . = ALIGN (0x4)
                0x20000a40                __ram0_free__ = .

.ram1_init      0x20000000        0x0 load address 0x08001b98
                0x08001b98                __ram1_init_text__ = LOADADDR (.ram1_init)
                0x20000000                __ram1_init__ = .
 *(.ram1_init)
 *(.ram1_init.*)
                0x20000000                . = ALIGN (0x4)

.ram1           0x20000000        0x0 load address 0x08001b98
                0x20000000                __ram1_clear__ = .
 *(.ram1_clear)
 *(.ram1_clear.*)
                0x20000000                . = ALIGN (0x4)
                0x20000000                __ram1_noinit__ = .
 *(.ram1)
 *(.ram1.*)
                0x20000000                . = ALIGN (0x4)
                0x20000000                __ram1_free__ = .

.ram2_init      0x2001c000        0x0 load address 0x08001b98
                0x08001b98                __ram2_init_text__ = LOADADDR (.ram2_init)
                0x2001c000                __ram2_init__ = .
 *(.ram2_init)
 *(.ram2_init.*)
                0x2001c000                . = ALIGN (0x4)

.ram2           0x2001c000        0x0 load address 0x08001b98
                0x2001c000                __ram2_clear__ = .
 *(.ram2_clear)
 *(.ram2_clear.*)
                0x2001c000                . = ALIGN (0x4)
                0x2001c000                __ram2_noinit__ = .
 *(.ram2)
 *(.ram2.*)
                0x2001c000                . = ALIGN (0x4)
                0x2001c000                __ram2_free__ = .

.ram3_init      0x00000000        0x0 load address 0x08001b98
                0x08001b98                __ram3_init_text__ = LOADADDR (.ram3_init)
                0x00000000                __ram3_init__ = .
 *(.ram3_init)
 *(.ram3_init.*)
                0x00000000                . = ALIGN (0x4)

.ram3           0x00000000        0x0 load address 0x08001b98
                0x00000000                __ram3_clear__ = .
 *(.ram3_clear)
 *(.ram3_clear.*)
                0x00000000                . = ALIGN (0x4)
                0x00000000                __ram3_noinit__ = .
 *(.ram3)
 *(.ram3.*)
                0x00000000                . = ALIGN (0x4)
                0x00000000                __ram3_free__ = .

.ram4_init      0x10000000        0x0 load address 0x08001b98
                0x08001b98                __ram4_init_text__ = LOADADDR (.ram4_init)
                0x10000000                __ram4_init__ = .
 *(.ram4_init)
 *(.ram4_init.*)
                0x10000000                . = ALIGN (0x4)

.ram4           0x10000000        0x0 load address 0x08001b98
                0x10000000                __ram4_clear__ = .
 *(.ram4_clear)
 *(.ram4_clear.*)
                0x10000000                . = ALIGN (0x4)
                0x10000000                __ram4_noinit__ = .
 *(.ram4)
 *(.ram4.*)
                0x10000000                . = ALIGN (0x4)
                0x10000000                __ram4_free__ = .

.ram5_init      0x40024000        0x0 load address 0x08001b98
                0x08001b98                __ram5_init_text__ = LOADADDR (.ram5_init)
                0x40024000                __ram5_init__ = .
 *(.ram5_init)
 *(.ram5_init.*)
                0x40024000                . = ALIGN (0x4)

.ram5           0x40024000        0x0 load address 0x08001b98
                0x40024000                __ram5_clear__ = .
 *(.ram5_clear)
 *(.ram5_clear.*)
                0x40024000                . = ALIGN (0x4)
                0x40024000                __ram5_noinit__ = .
 *(.ram5)
 *(.ram5.*)
                0x40024000                . = ALIGN (0x4)
                0x40024000                __ram5_free__ = .

.ram6_init      0x00000000        0x0 load address 0x08001b98
                0x08001b98                __ram6_init_text__ = LOADADDR (.ram6_init)
                0x00000000                __ram6_init__ = .
 *(.ram6_init)
 *(.ram6_init.*)
                0x00000000                . = ALIGN (0x4)

.ram6           0x00000000        0x0 load address 0x08001b98
                0x00000000                __ram6_clear__ = .
 *(.ram6_clear)
 *(.ram6_clear.*)
                0x00000000                . = ALIGN (0x4)
                0x00000000                __ram6_noinit__ = .
 *(.ram6)
 *(.ram6.*)
                0x00000000                . = ALIGN (0x4)
                0x00000000                __ram6_free__ = .

.ram7_init      0x00000000        0x0 load address 0x08001b98
                0x08001b98                __ram7_init_text__ = LOADADDR (.ram7_init)
                0x00000000                __ram7_init__ = .
 *(.ram7_init)
 *(.ram7_init.*)
                0x00000000                . = ALIGN (0x4)

.ram7           0x00000000        0x0 load address 0x08001b98
                0x00000000                __ram7_clear__ = .
 *(.ram7_clear)
 *(.ram7_clear.*)
                0x00000000                . = ALIGN (0x4)
                0x00000000                __ram7_noinit__ = .
 *(.ram7)
 *(.ram7.*)
                0x00000000                . = ALIGN (0x4)
                0x00000000                __ram7_free__ = .

.flash0         0x08001b98        0x0
                0x08001b98                __flash0_init__ = .
 *(.flash0_init)
 *(.flash0_init.*)
                0x08001b98                __flash0_free__ = .

.flash1         0x00000000        0x0
                0x00000000                __flash1_init__ = .
 *(.flash1_init)
 *(.flash1_init.*)
                0x00000000                __flash1_free__ = .

.flash2         0x00000000        0x0
                0x00000000                __flash2_init__ = .
 *(.flash2_init)
 *(.flash2_init.*)
                0x00000000                __flash2_free__ = .

.flash3         0x00000000        0x0
                0x00000000                __flash3_init__ = .
 *(.flash3_init)
 *(.flash3_init.*)
                0x00000000                __flash3_free__ = .

.flash4         0x00000000        0x0
                0x00000000                __flash4_init__ = .
 *(.flash4_init)
 *(.flash4_init.*)
                0x00000000                __flash4_free__ = .

.flash5         0x00000000        0x0
                0x00000000                __flash5_init__ = .
 *(.flash5_init)
 *(.flash5_init.*)
                0x00000000                __flash5_free__ = .

.flash6         0x00000000        0x0
                0x00000000                __flash6_init__ = .
 *(.flash6_init)
 *(.flash6_init.*)
                0x00000000                __flash6_free__ = .

.flash7         0x00000000        0x0
                0x00000000                __flash7_init__ = .
 *(.flash7_init)
 *(.flash7_init.*)
                0x00000000                __flash7_free__ = .

.heap           0x20000a40    0x1f5c0
                0x20000a40                . = ALIGN (0x8)
                0x20000a40                __heap_base__ = .
                0x20020000                . = (ORIGIN (HEAP_RAM) + LENGTH (HEAP_RAM))
 *fill*         0x20000a40    0x1f5c0 
                0x20020000                __heap_end__ = .
                0x00000400                __process_stack_size__ = 0x400
                0x00000400                __main_stack_size__ = 0x400
START GROUP
LOAD c:/chibistudio/tools/gnu tools arm embedded/9.0 2019q4/bin/../lib/gcc/arm-none-eabi/9.2.1/thumb/v7e-m/nofp\libgcc.a
LOAD c:/chibistudio/tools/gnu tools arm embedded/9.0 2019q4/bin/../lib/gcc/arm-none-eabi/9.2.1/../../../../arm-none-eabi/lib/thumb/v7e-m/nofp\libg.a
LOAD c:/chibistudio/tools/gnu tools arm embedded/9.0 2019q4/bin/../lib/gcc/arm-none-eabi/9.2.1/../../../../arm-none-eabi/lib/thumb/v7e-m/nofp\libc.a
END GROUP
OUTPUT(build/ch.elf elf32-littlearm)

.ARM.attributes
                0x00000000       0x2f
 .ARM.attributes
                0x00000000       0x21 ./build/obj/crt0_v7m.o
 .ARM.attributes
                0x00000021       0x21 ./build/obj/vectors.o
 .ARM.attributes
                0x00000042       0x21 ./build/obj/chcoreasm_v7m.o
 .ARM.attributes
                0x00000063       0x2c C:\Users\RAKIBU~1\AppData\Local\Temp\ch.elf.vko20g.ltrans0.ltrans.o
 .ARM.attributes
                0x0000008f       0x1c c:/chibistudio/tools/gnu tools arm embedded/9.0 2019q4/bin/../lib/gcc/arm-none-eabi/9.2.1/../../../../arm-none-eabi/lib/thumb/v7e-m/nofp\libg.a(lib_a-memcpy.o)

.comment        0x00000000       0x79
 .comment       0x00000000       0x79 C:\Users\RAKIBU~1\AppData\Local\Temp\ch.elf.vko20g.ltrans0.ltrans.o
                                 0x7a (size before relaxing)

.debug_line     0x00000000     0xb15c
 .debug_line    0x00000000       0xc5 ./build/obj/crt0_v7m.o
 .debug_line    0x000000c5       0x6f ./build/obj/vectors.o
 .debug_line    0x00000134       0x86 ./build/obj/chcoreasm_v7m.o
 .debug_line    0x000001ba     0x36de C:\Users\RAKIBU~1\AppData\Local\Temp\ch.elf.vko20g.ltrans0.ltrans.o
 .debug_line    0x00003898      0x195 C:\Users\RAKIBU~1\AppData\Local\Temp\ccAdMYOC.debug.temp.o
 .debug_line    0x00003a2d      0x406 C:\Users\RAKIBU~1\AppData\Local\Temp\ccK5fszR.debug.temp.o
 .debug_line    0x00003e33      0x428 C:\Users\RAKIBU~1\AppData\Local\Temp\ccueDQo9.debug.temp.o
 .debug_line    0x0000425b      0x45e C:\Users\RAKIBU~1\AppData\Local\Temp\ccUitoYr.debug.temp.o
 .debug_line    0x000046b9      0x44c C:\Users\RAKIBU~1\AppData\Local\Temp\ccINqAWI.debug.temp.o
 .debug_line    0x00004b05      0x41b C:\Users\RAKIBU~1\AppData\Local\Temp\ccWhH1tZ.debug.temp.o
 .debug_line    0x00004f20      0x492 C:\Users\RAKIBU~1\AppData\Local\Temp\ccEyzG9A.debug.temp.o
 .debug_line    0x000053b2      0x41c C:\Users\RAKIBU~1\AppData\Local\Temp\ccsJoF6U.debug.temp.o
 .debug_line    0x000057ce      0x3f1 C:\Users\RAKIBU~1\AppData\Local\Temp\ccO73DNf.debug.temp.o
 .debug_line    0x00005bbf      0x3f8 C:\Users\RAKIBU~1\AppData\Local\Temp\ccUXlbTy.debug.temp.o
 .debug_line    0x00005fb7      0x3f6 C:\Users\RAKIBU~1\AppData\Local\Temp\cckGOWMS.debug.temp.o
 .debug_line    0x000063ad      0x41c C:\Users\RAKIBU~1\AppData\Local\Temp\ccanVuZi.debug.temp.o
 .debug_line    0x000067c9      0x43d C:\Users\RAKIBU~1\AppData\Local\Temp\ccmg9BgE.debug.temp.o
 .debug_line    0x00006c06      0x40c C:\Users\RAKIBU~1\AppData\Local\Temp\ccACRVh0.debug.temp.o
 .debug_line    0x00007012      0x431 C:\Users\RAKIBU~1\AppData\Local\Temp\ccS0Dvop.debug.temp.o
 .debug_line    0x00007443      0x35e C:\Users\RAKIBU~1\AppData\Local\Temp\ccy2G1Kd.debug.temp.o
 .debug_line    0x000077a1      0x334 C:\Users\RAKIBU~1\AppData\Local\Temp\ccoYC59n.debug.temp.o
 .debug_line    0x00007ad5      0x333 C:\Users\RAKIBU~1\AppData\Local\Temp\cc2LScmM.debug.temp.o
 .debug_line    0x00007e08      0x357 C:\Users\RAKIBU~1\AppData\Local\Temp\ccyjyyDd.debug.temp.o
 .debug_line    0x0000815f      0x318 C:\Users\RAKIBU~1\AppData\Local\Temp\ccgDbGFF.debug.temp.o
 .debug_line    0x00008477      0x35d C:\Users\RAKIBU~1\AppData\Local\Temp\ccu5W3g7.debug.temp.o
 .debug_line    0x000087d4      0x328 C:\Users\RAKIBU~1\AppData\Local\Temp\ccCDDr1X.debug.temp.o
 .debug_line    0x00008afc      0x339 C:\Users\RAKIBU~1\AppData\Local\Temp\ccY44UeV.debug.temp.o
 .debug_line    0x00008e35      0x34b C:\Users\RAKIBU~1\AppData\Local\Temp\ccMKmfMR.debug.temp.o
 .debug_line    0x00009180      0x32f C:\Users\RAKIBU~1\AppData\Local\Temp\ccsczvZQ.debug.temp.o
 .debug_line    0x000094af      0x331 C:\Users\RAKIBU~1\AppData\Local\Temp\ccwPyEDm.debug.temp.o
 .debug_line    0x000097e0      0x330 C:\Users\RAKIBU~1\AppData\Local\Temp\ccwQjx2S.debug.temp.o
 .debug_line    0x00009b10      0x367 C:\Users\RAKIBU~1\AppData\Local\Temp\ccUbwBuo.debug.temp.o
 .debug_line    0x00009e77      0x37c C:\Users\RAKIBU~1\AppData\Local\Temp\ccWjmRGW.debug.temp.o
 .debug_line    0x0000a1f3      0x34c C:\Users\RAKIBU~1\AppData\Local\Temp\ccyBEOl4.debug.temp.o
 .debug_line    0x0000a53f      0x428 C:\Users\RAKIBU~1\AppData\Local\Temp\cckzvLtB.debug.temp.o
 .debug_line    0x0000a967      0x3cf C:\Users\RAKIBU~1\AppData\Local\Temp\ccSQayas.debug.temp.o
 .debug_line    0x0000ad36      0x426 C:\Users\RAKIBU~1\AppData\Local\Temp\cco4VN8a.debug.temp.o

.debug_info     0x00000000    0x29312
 .debug_info    0x00000000       0x26 ./build/obj/crt0_v7m.o
 .debug_info    0x00000026       0x26 ./build/obj/vectors.o
 .debug_info    0x0000004c       0x26 ./build/obj/chcoreasm_v7m.o
 .debug_info    0x00000072     0x3f3d C:\Users\RAKIBU~1\AppData\Local\Temp\ch.elf.vko20g.ltrans0.ltrans.o
 .debug_info    0x00003faf      0x35d C:\Users\RAKIBU~1\AppData\Local\Temp\ccAdMYOC.debug.temp.o
                0x00003faf                crt1.c.c116df3f
 .debug_info    0x0000430c      0xfb5 C:\Users\RAKIBU~1\AppData\Local\Temp\ccK5fszR.debug.temp.o
                0x0000430c                hal.c.dbfb5e60
 .debug_info    0x000052c1     0x1212 C:\Users\RAKIBU~1\AppData\Local\Temp\ccueDQo9.debug.temp.o
                0x000052c1                hal_st.c.8dedf983
 .debug_info    0x000064d3     0x1ff3 C:\Users\RAKIBU~1\AppData\Local\Temp\ccUitoYr.debug.temp.o
                0x000064d3                hal_buffers.c.fb7088c7
 .debug_info    0x000084c6     0x1e0c C:\Users\RAKIBU~1\AppData\Local\Temp\ccINqAWI.debug.temp.o
                0x000084c6                hal_queues.c.4f0d0211
 .debug_info    0x0000a2d2     0x1378 C:\Users\RAKIBU~1\AppData\Local\Temp\ccWhH1tZ.debug.temp.o
                0x0000a2d2                hal_flash.c.d2300e29
 .debug_info    0x0000b64a     0x11ce C:\Users\RAKIBU~1\AppData\Local\Temp\ccEyzG9A.debug.temp.o
                0x0000b64a                hal_pal.c.2ec69a55
 .debug_info    0x0000c818     0x148b C:\Users\RAKIBU~1\AppData\Local\Temp\ccsJoF6U.debug.temp.o
                0x0000c818                hal_serial.c.f91d3c91
 .debug_info    0x0000dca3     0x1321 C:\Users\RAKIBU~1\AppData\Local\Temp\ccO73DNf.debug.temp.o
                0x0000dca3                nvic.c.bfc14fc6
 .debug_info    0x0000efc4     0x11d9 C:\Users\RAKIBU~1\AppData\Local\Temp\ccUXlbTy.debug.temp.o
                0x0000efc4                stm32_isr.c.d352d98e
 .debug_info    0x0001019d     0x1444 C:\Users\RAKIBU~1\AppData\Local\Temp\cckGOWMS.debug.temp.o
                0x0001019d                hal_lld.c.549f64b9
 .debug_info    0x000115e1     0x115d C:\Users\RAKIBU~1\AppData\Local\Temp\ccanVuZi.debug.temp.o
                0x000115e1                hal_pal_lld.c.0a5fd467
 .debug_info    0x0001273e     0x13bd C:\Users\RAKIBU~1\AppData\Local\Temp\ccmg9BgE.debug.temp.o
                0x0001273e                hal_st_lld.c.a2578c21
 .debug_info    0x00013afb     0x13b8 C:\Users\RAKIBU~1\AppData\Local\Temp\ccACRVh0.debug.temp.o
                0x00013afb                hal_serial_lld.c.b3f6c369
 .debug_info    0x00014eb3     0x13aa C:\Users\RAKIBU~1\AppData\Local\Temp\ccS0Dvop.debug.temp.o
                0x00014eb3                board.c.2e3f53a5
 .debug_info    0x0001625d      0xfca C:\Users\RAKIBU~1\AppData\Local\Temp\ccy2G1Kd.debug.temp.o
                0x0001625d                chsys.c.d0463822
 .debug_info    0x00017227      0xbc6 C:\Users\RAKIBU~1\AppData\Local\Temp\ccoYC59n.debug.temp.o
                0x00017227                chvt.c.d7bd11d2
 .debug_info    0x00017ded      0xd4d C:\Users\RAKIBU~1\AppData\Local\Temp\cc2LScmM.debug.temp.o
                0x00017ded                chschd.c.55e49959
 .debug_info    0x00018b3a     0x12cb C:\Users\RAKIBU~1\AppData\Local\Temp\ccyjyyDd.debug.temp.o
                0x00018b3a                chthreads.c.eefb17c1
 .debug_info    0x00019e05      0xce7 C:\Users\RAKIBU~1\AppData\Local\Temp\ccgDbGFF.debug.temp.o
                0x00019e05                chtm.c.2d2ed795
 .debug_info    0x0001aaec     0x1435 C:\Users\RAKIBU~1\AppData\Local\Temp\ccu5W3g7.debug.temp.o
                0x0001aaec                chregistry.c.db1ae489
 .debug_info    0x0001bf21      0xd82 C:\Users\RAKIBU~1\AppData\Local\Temp\ccCDDr1X.debug.temp.o
                0x0001bf21                chmtx.c.099b6b75
 .debug_info    0x0001cca3      0xf98 C:\Users\RAKIBU~1\AppData\Local\Temp\ccY44UeV.debug.temp.o
                0x0001cca3                chevents.c.600c1e11
 .debug_info    0x0001dc3b      0xd07 C:\Users\RAKIBU~1\AppData\Local\Temp\ccMKmfMR.debug.temp.o
                0x0001dc3b                chdynamic.c.b17191e2
 .debug_info    0x0001e942      0xc2e C:\Users\RAKIBU~1\AppData\Local\Temp\ccsczvZQ.debug.temp.o
                0x0001e942                chmemcore.c.bb845001
 .debug_info    0x0001f570      0xd24 C:\Users\RAKIBU~1\AppData\Local\Temp\ccwPyEDm.debug.temp.o
                0x0001f570                chmemheaps.c.9aa57411
 .debug_info    0x00020294      0xdd9 C:\Users\RAKIBU~1\AppData\Local\Temp\ccwQjx2S.debug.temp.o
                0x00020294                chmempools.c.da66d38a
 .debug_info    0x0002106d      0xe59 C:\Users\RAKIBU~1\AppData\Local\Temp\ccUbwBuo.debug.temp.o
                0x0002106d                chdelegates.c.f0cff0b5
 .debug_info    0x00021ec6     0x1ce1 C:\Users\RAKIBU~1\AppData\Local\Temp\ccWjmRGW.debug.temp.o
                0x00021ec6                chfactory.c.4c595526
 .debug_info    0x00023ba7     0x1b47 C:\Users\RAKIBU~1\AppData\Local\Temp\ccyBEOl4.debug.temp.o
                0x00023ba7                chcore_v7m.c.e72d4ac3
 .debug_info    0x000256ee     0x13cb C:\Users\RAKIBU~1\AppData\Local\Temp\cckzvLtB.debug.temp.o
                0x000256ee                chprintf.c.deef06af
 .debug_info    0x00026ab9     0x16ab C:\Users\RAKIBU~1\AppData\Local\Temp\ccSQayas.debug.temp.o
                0x00026ab9                syscalls.c.d6539af7
 .debug_info    0x00028164     0x11ae C:\Users\RAKIBU~1\AppData\Local\Temp\cco4VN8a.debug.temp.o
                0x00028164                main.c.6364c76d

.debug_abbrev   0x00000000     0x4f5a
 .debug_abbrev  0x00000000       0x14 ./build/obj/crt0_v7m.o
 .debug_abbrev  0x00000014       0x14 ./build/obj/vectors.o
 .debug_abbrev  0x00000028       0x14 ./build/obj/chcoreasm_v7m.o
 .debug_abbrev  0x0000003c      0x2f4 C:\Users\RAKIBU~1\AppData\Local\Temp\ch.elf.vko20g.ltrans0.ltrans.o
 .debug_abbrev  0x00000330       0xff C:\Users\RAKIBU~1\AppData\Local\Temp\ccAdMYOC.debug.temp.o
 .debug_abbrev  0x0000042f      0x1ba C:\Users\RAKIBU~1\AppData\Local\Temp\ccK5fszR.debug.temp.o
 .debug_abbrev  0x000005e9      0x240 C:\Users\RAKIBU~1\AppData\Local\Temp\ccueDQo9.debug.temp.o
 .debug_abbrev  0x00000829      0x308 C:\Users\RAKIBU~1\AppData\Local\Temp\ccUitoYr.debug.temp.o
 .debug_abbrev  0x00000b31      0x31b C:\Users\RAKIBU~1\AppData\Local\Temp\ccINqAWI.debug.temp.o
 .debug_abbrev  0x00000e4c      0x20a C:\Users\RAKIBU~1\AppData\Local\Temp\ccWhH1tZ.debug.temp.o
 .debug_abbrev  0x00001056      0x20e C:\Users\RAKIBU~1\AppData\Local\Temp\ccEyzG9A.debug.temp.o
 .debug_abbrev  0x00001264      0x28b C:\Users\RAKIBU~1\AppData\Local\Temp\ccsJoF6U.debug.temp.o
 .debug_abbrev  0x000014ef      0x221 C:\Users\RAKIBU~1\AppData\Local\Temp\ccO73DNf.debug.temp.o
 .debug_abbrev  0x00001710      0x1b4 C:\Users\RAKIBU~1\AppData\Local\Temp\ccUXlbTy.debug.temp.o
 .debug_abbrev  0x000018c4      0x1c7 C:\Users\RAKIBU~1\AppData\Local\Temp\cckGOWMS.debug.temp.o
 .debug_abbrev  0x00001a8b      0x1ff C:\Users\RAKIBU~1\AppData\Local\Temp\ccanVuZi.debug.temp.o
 .debug_abbrev  0x00001c8a      0x209 C:\Users\RAKIBU~1\AppData\Local\Temp\ccmg9BgE.debug.temp.o
 .debug_abbrev  0x00001e93      0x271 C:\Users\RAKIBU~1\AppData\Local\Temp\ccACRVh0.debug.temp.o
 .debug_abbrev  0x00002104      0x209 C:\Users\RAKIBU~1\AppData\Local\Temp\ccS0Dvop.debug.temp.o
 .debug_abbrev  0x0000230d      0x314 C:\Users\RAKIBU~1\AppData\Local\Temp\ccy2G1Kd.debug.temp.o
 .debug_abbrev  0x00002621      0x252 C:\Users\RAKIBU~1\AppData\Local\Temp\ccoYC59n.debug.temp.o
 .debug_abbrev  0x00002873      0x2ad C:\Users\RAKIBU~1\AppData\Local\Temp\cc2LScmM.debug.temp.o
 .debug_abbrev  0x00002b20      0x29c C:\Users\RAKIBU~1\AppData\Local\Temp\ccyjyyDd.debug.temp.o
 .debug_abbrev  0x00002dbc      0x1e0 C:\Users\RAKIBU~1\AppData\Local\Temp\ccgDbGFF.debug.temp.o
 .debug_abbrev  0x00002f9c      0x2ae C:\Users\RAKIBU~1\AppData\Local\Temp\ccu5W3g7.debug.temp.o
 .debug_abbrev  0x0000324a      0x28f C:\Users\RAKIBU~1\AppData\Local\Temp\ccCDDr1X.debug.temp.o
 .debug_abbrev  0x000034d9      0x284 C:\Users\RAKIBU~1\AppData\Local\Temp\ccY44UeV.debug.temp.o
 .debug_abbrev  0x0000375d      0x20b C:\Users\RAKIBU~1\AppData\Local\Temp\ccMKmfMR.debug.temp.o
 .debug_abbrev  0x00003968      0x22d C:\Users\RAKIBU~1\AppData\Local\Temp\ccsczvZQ.debug.temp.o
 .debug_abbrev  0x00003b95      0x270 C:\Users\RAKIBU~1\AppData\Local\Temp\ccwPyEDm.debug.temp.o
 .debug_abbrev  0x00003e05      0x273 C:\Users\RAKIBU~1\AppData\Local\Temp\ccwQjx2S.debug.temp.o
 .debug_abbrev  0x00004078      0x259 C:\Users\RAKIBU~1\AppData\Local\Temp\ccUbwBuo.debug.temp.o
 .debug_abbrev  0x000042d1      0x2f5 C:\Users\RAKIBU~1\AppData\Local\Temp\ccWjmRGW.debug.temp.o
 .debug_abbrev  0x000045c6      0x2e9 C:\Users\RAKIBU~1\AppData\Local\Temp\ccyBEOl4.debug.temp.o
 .debug_abbrev  0x000048af      0x28e C:\Users\RAKIBU~1\AppData\Local\Temp\cckzvLtB.debug.temp.o
 .debug_abbrev  0x00004b3d      0x241 C:\Users\RAKIBU~1\AppData\Local\Temp\ccSQayas.debug.temp.o
 .debug_abbrev  0x00004d7e      0x1dc C:\Users\RAKIBU~1\AppData\Local\Temp\cco4VN8a.debug.temp.o

.debug_aranges  0x00000000      0x1e0
 .debug_aranges
                0x00000000       0x20 ./build/obj/crt0_v7m.o
 .debug_aranges
                0x00000020       0x20 ./build/obj/vectors.o
 .debug_aranges
                0x00000040       0x20 ./build/obj/chcoreasm_v7m.o
 .debug_aranges
                0x00000060      0x180 C:\Users\RAKIBU~1\AppData\Local\Temp\ch.elf.vko20g.ltrans0.ltrans.o

.debug_str      0x00000000     0x3c2b
 .debug_str     0x00000000       0x86 ./build/obj/crt0_v7m.o
 .debug_str     0x00000086       0x3a ./build/obj/vectors.o
                                 0x85 (size before relaxing)
 .debug_str     0x000000c0       0x3e ./build/obj/chcoreasm_v7m.o
                                 0x89 (size before relaxing)
 .debug_str     0x000000fe      0x177 C:\Users\RAKIBU~1\AppData\Local\Temp\ch.elf.vko20g.ltrans0.ltrans.o
                                0x1cf (size before relaxing)
 .debug_str     0x00000275      0x42b C:\Users\RAKIBU~1\AppData\Local\Temp\ccAdMYOC.debug.temp.o
                                0x4e0 (size before relaxing)
 .debug_str     0x000006a0      0x637 C:\Users\RAKIBU~1\AppData\Local\Temp\ccK5fszR.debug.temp.o
                                0x914 (size before relaxing)
 .debug_str     0x00000cd7      0x12e C:\Users\RAKIBU~1\AppData\Local\Temp\ccueDQo9.debug.temp.o
                                0xa17 (size before relaxing)
 .debug_str     0x00000e05      0x6bc C:\Users\RAKIBU~1\AppData\Local\Temp\ccUitoYr.debug.temp.o
                               0x1011 (size before relaxing)
 .debug_str     0x000014c1       0xc7 C:\Users\RAKIBU~1\AppData\Local\Temp\ccINqAWI.debug.temp.o
                                0xe89 (size before relaxing)
 .debug_str     0x00001588      0x276 C:\Users\RAKIBU~1\AppData\Local\Temp\ccWhH1tZ.debug.temp.o
                                0xb7a (size before relaxing)
 .debug_str     0x000017fe       0xc6 C:\Users\RAKIBU~1\AppData\Local\Temp\ccEyzG9A.debug.temp.o
                                0x9c2 (size before relaxing)
 .debug_str     0x000018c4      0x133 C:\Users\RAKIBU~1\AppData\Local\Temp\ccsJoF6U.debug.temp.o
                                0xa9d (size before relaxing)
 .debug_str     0x000019f7      0x13b C:\Users\RAKIBU~1\AppData\Local\Temp\ccO73DNf.debug.temp.o
                                0xa2d (size before relaxing)
 .debug_str     0x00001b32      0x537 C:\Users\RAKIBU~1\AppData\Local\Temp\ccUXlbTy.debug.temp.o
                                0xe20 (size before relaxing)
 .debug_str     0x00002069      0x181 C:\Users\RAKIBU~1\AppData\Local\Temp\cckGOWMS.debug.temp.o
                                0xafa (size before relaxing)
 .debug_str     0x000021ea       0x87 C:\Users\RAKIBU~1\AppData\Local\Temp\ccanVuZi.debug.temp.o
                                0x9de (size before relaxing)
 .debug_str     0x00002271       0xec C:\Users\RAKIBU~1\AppData\Local\Temp\ccmg9BgE.debug.temp.o
                                0xb5d (size before relaxing)
 .debug_str     0x0000235d       0x92 C:\Users\RAKIBU~1\AppData\Local\Temp\ccACRVh0.debug.temp.o
                                0xb69 (size before relaxing)
 .debug_str     0x000023ef       0xcc C:\Users\RAKIBU~1\AppData\Local\Temp\ccS0Dvop.debug.temp.o
                                0xb2d (size before relaxing)
 .debug_str     0x000024bb      0x303 C:\Users\RAKIBU~1\AppData\Local\Temp\ccy2G1Kd.debug.temp.o
                                0xac4 (size before relaxing)
 .debug_str     0x000027be       0x68 C:\Users\RAKIBU~1\AppData\Local\Temp\ccoYC59n.debug.temp.o
                                0x7f7 (size before relaxing)
 .debug_str     0x00002826      0x148 C:\Users\RAKIBU~1\AppData\Local\Temp\cc2LScmM.debug.temp.o
                                0x8da (size before relaxing)
 .debug_str     0x0000296e      0x26d C:\Users\RAKIBU~1\AppData\Local\Temp\ccyjyyDd.debug.temp.o
                                0xa4d (size before relaxing)
 .debug_str     0x00002bdb       0xb9 C:\Users\RAKIBU~1\AppData\Local\Temp\ccgDbGFF.debug.temp.o
                                0x880 (size before relaxing)
 .debug_str     0x00002c94       0xa1 C:\Users\RAKIBU~1\AppData\Local\Temp\ccu5W3g7.debug.temp.o
                                0xbcf (size before relaxing)
 .debug_str     0x00002d35       0xb9 C:\Users\RAKIBU~1\AppData\Local\Temp\ccCDDr1X.debug.temp.o
                                0x838 (size before relaxing)
 .debug_str     0x00002dee      0x19d C:\Users\RAKIBU~1\AppData\Local\Temp\ccY44UeV.debug.temp.o
                                0x942 (size before relaxing)
 .debug_str     0x00002f8b       0x9a C:\Users\RAKIBU~1\AppData\Local\Temp\ccMKmfMR.debug.temp.o
                                0x81b (size before relaxing)
 .debug_str     0x00003025       0x9e C:\Users\RAKIBU~1\AppData\Local\Temp\ccsczvZQ.debug.temp.o
                                0x7e6 (size before relaxing)
 .debug_str     0x000030c3       0x9c C:\Users\RAKIBU~1\AppData\Local\Temp\ccwPyEDm.debug.temp.o
                                0x7fb (size before relaxing)
 .debug_str     0x0000315f      0x13c C:\Users\RAKIBU~1\AppData\Local\Temp\ccwQjx2S.debug.temp.o
                                0x897 (size before relaxing)
 .debug_str     0x0000329b      0x17b C:\Users\RAKIBU~1\AppData\Local\Temp\ccUbwBuo.debug.temp.o
                                0x8cd (size before relaxing)
 .debug_str     0x00003416      0x3e2 C:\Users\RAKIBU~1\AppData\Local\Temp\ccWjmRGW.debug.temp.o
                                0xf8e (size before relaxing)
 .debug_str     0x000037f8      0x13b C:\Users\RAKIBU~1\AppData\Local\Temp\ccyBEOl4.debug.temp.o
                               0x12c2 (size before relaxing)
 .debug_str     0x00003933      0x137 C:\Users\RAKIBU~1\AppData\Local\Temp\cckzvLtB.debug.temp.o
                                0xa55 (size before relaxing)
 .debug_str     0x00003a6a      0x1a3 C:\Users\RAKIBU~1\AppData\Local\Temp\ccSQayas.debug.temp.o
                                0xcc6 (size before relaxing)
 .debug_str     0x00003c0d       0x1e C:\Users\RAKIBU~1\AppData\Local\Temp\cco4VN8a.debug.temp.o
                                0x9a3 (size before relaxing)

.debug_loc      0x00000000     0x3f2d
 .debug_loc     0x00000000     0x3f2d C:\Users\RAKIBU~1\AppData\Local\Temp\ch.elf.vko20g.ltrans0.ltrans.o

.debug_ranges   0x00000000     0x24f8
 .debug_ranges  0x00000000     0x24f8 C:\Users\RAKIBU~1\AppData\Local\Temp\ch.elf.vko20g.ltrans0.ltrans.o

.debug_frame    0x00000000      0x4e4
 .debug_frame   0x00000000      0x4e4 C:\Users\RAKIBU~1\AppData\Local\Temp\ch.elf.vko20g.ltrans0.ltrans.o

Cross Reference Table

Symbol                                            File
BusFault_Handler                                  ./build/obj/vectors.o
DebugMon_Handler                                  ./build/obj/vectors.o
HardFault_Handler                                 ./build/obj/vectors.o
MemManage_Handler                                 ./build/obj/vectors.o
NMI_Handler                                       ./build/obj/vectors.o
PendSV_Handler                                    ./build/obj/vectors.o
Reset_Handler                                     ./build/obj/vectors.o
SD4                                               ./build/obj/hal_serial_lld.o (symbol from plugin)
                                                  ./build/obj/main.o (symbol from plugin)
                                                  ./build/obj/chprintf.o (symbol from plugin)
SVC_Handler                                       C:\Users\RAKIBU~1\AppData\Local\Temp\ch.elf.vko20g.ltrans0.ltrans.o
                                                  ./build/obj/chcore_v7m.o (symbol from plugin)
                                                  ./build/obj/vectors.o
SysTick_Handler                                   ./build/obj/vectors.o
SystemCoreClock                                   ./build/obj/hal_lld.o (symbol from plugin)
UsageFault_Handler                                ./build/obj/vectors.o
Vector100                                         ./build/obj/vectors.o
Vector104                                         ./build/obj/vectors.o
Vector108                                         ./build/obj/vectors.o
Vector10C                                         ./build/obj/vectors.o
Vector110                                         C:\Users\RAKIBU~1\AppData\Local\Temp\ch.elf.vko20g.ltrans0.ltrans.o
                                                  ./build/obj/hal_serial_lld.o (symbol from plugin)
                                                  ./build/obj/vectors.o
Vector114                                         ./build/obj/vectors.o
Vector118                                         ./build/obj/vectors.o
Vector11C                                         ./build/obj/vectors.o
Vector120                                         ./build/obj/vectors.o
Vector124                                         ./build/obj/vectors.o
Vector128                                         ./build/obj/vectors.o
Vector12C                                         ./build/obj/vectors.o
Vector130                                         ./build/obj/vectors.o
Vector134                                         ./build/obj/vectors.o
Vector138                                         ./build/obj/vectors.o
Vector13C                                         ./build/obj/vectors.o
Vector140                                         ./build/obj/vectors.o
Vector144                                         ./build/obj/vectors.o
Vector148                                         ./build/obj/vectors.o
Vector14C                                         ./build/obj/vectors.o
Vector150                                         ./build/obj/vectors.o
Vector154                                         ./build/obj/vectors.o
Vector158                                         ./build/obj/vectors.o
Vector15C                                         ./build/obj/vectors.o
Vector160                                         ./build/obj/vectors.o
Vector164                                         ./build/obj/vectors.o
Vector168                                         ./build/obj/vectors.o
Vector16C                                         ./build/obj/vectors.o
Vector170                                         ./build/obj/vectors.o
Vector174                                         ./build/obj/vectors.o
Vector178                                         ./build/obj/vectors.o
Vector17C                                         ./build/obj/vectors.o
Vector180                                         ./build/obj/vectors.o
Vector184                                         ./build/obj/vectors.o
Vector188                                         ./build/obj/vectors.o
Vector18C                                         ./build/obj/vectors.o
Vector190                                         ./build/obj/vectors.o
Vector194                                         ./build/obj/vectors.o
Vector198                                         ./build/obj/vectors.o
Vector19C                                         ./build/obj/vectors.o
Vector1A0                                         ./build/obj/vectors.o
Vector1A4                                         ./build/obj/vectors.o
Vector1A8                                         ./build/obj/vectors.o
Vector1AC                                         ./build/obj/vectors.o
Vector1B0                                         ./build/obj/vectors.o
Vector1B4                                         ./build/obj/vectors.o
Vector1B8                                         ./build/obj/vectors.o
Vector1BC                                         ./build/obj/vectors.o
Vector1C                                          ./build/obj/vectors.o
Vector1C0                                         ./build/obj/vectors.o
Vector1C4                                         ./build/obj/vectors.o
Vector1C8                                         ./build/obj/vectors.o
Vector1CC                                         ./build/obj/vectors.o
Vector1D0                                         ./build/obj/vectors.o
Vector1D4                                         ./build/obj/vectors.o
Vector1D8                                         ./build/obj/vectors.o
Vector1DC                                         ./build/obj/vectors.o
Vector20                                          ./build/obj/vectors.o
Vector24                                          ./build/obj/vectors.o
Vector28                                          ./build/obj/vectors.o
Vector34                                          ./build/obj/vectors.o
Vector40                                          ./build/obj/vectors.o
Vector44                                          ./build/obj/vectors.o
Vector48                                          ./build/obj/vectors.o
Vector4C                                          ./build/obj/vectors.o
Vector50                                          ./build/obj/vectors.o
Vector54                                          ./build/obj/vectors.o
Vector58                                          ./build/obj/vectors.o
Vector5C                                          ./build/obj/vectors.o
Vector60                                          ./build/obj/vectors.o
Vector64                                          ./build/obj/vectors.o
Vector68                                          ./build/obj/vectors.o
Vector6C                                          ./build/obj/vectors.o
Vector70                                          ./build/obj/vectors.o
Vector74                                          ./build/obj/vectors.o
Vector78                                          ./build/obj/vectors.o
Vector7C                                          ./build/obj/vectors.o
Vector80                                          ./build/obj/vectors.o
Vector84                                          ./build/obj/vectors.o
Vector88                                          ./build/obj/vectors.o
Vector8C                                          ./build/obj/vectors.o
Vector90                                          ./build/obj/vectors.o
Vector94                                          ./build/obj/vectors.o
Vector98                                          ./build/obj/vectors.o
Vector9C                                          ./build/obj/vectors.o
VectorA0                                          ./build/obj/vectors.o
VectorA4                                          ./build/obj/vectors.o
VectorA8                                          ./build/obj/vectors.o
VectorAC                                          ./build/obj/vectors.o
VectorB0                                          C:\Users\RAKIBU~1\AppData\Local\Temp\ch.elf.vko20g.ltrans0.ltrans.o
                                                  ./build/obj/hal_st_lld.o (symbol from plugin)
                                                  ./build/obj/vectors.o
VectorB4                                          ./build/obj/vectors.o
VectorB8                                          ./build/obj/vectors.o
VectorBC                                          ./build/obj/vectors.o
VectorC0                                          ./build/obj/vectors.o
VectorC4                                          ./build/obj/vectors.o
VectorC8                                          ./build/obj/vectors.o
VectorCC                                          ./build/obj/vectors.o
VectorD0                                          ./build/obj/vectors.o
VectorD4                                          ./build/obj/vectors.o
VectorD8                                          ./build/obj/vectors.o
VectorDC                                          ./build/obj/vectors.o
VectorE0                                          ./build/obj/vectors.o
VectorE4                                          ./build/obj/vectors.o
VectorE8                                          ./build/obj/vectors.o
VectorEC                                          ./build/obj/vectors.o
VectorF0                                          ./build/obj/vectors.o
VectorF4                                          ./build/obj/vectors.o
VectorF8                                          ./build/obj/vectors.o
VectorFC                                          ./build/obj/vectors.o
__bss_base__                                      ./build/obj/ch_test.o (symbol from plugin)
                                                  ./build/obj/crt0_v7m.o
__bss_end__                                       ./build/obj/ch_test.o (symbol from plugin)
                                                  ./build/obj/crt0_v7m.o
__ch_delegate_fn0                                 ./build/obj/chdelegates.o (symbol from plugin)
                                                  ./build/obj/oslib_test_sequence_005.o (symbol from plugin)
__ch_delegate_fn1                                 ./build/obj/chdelegates.o (symbol from plugin)
                                                  ./build/obj/oslib_test_sequence_005.o (symbol from plugin)
__ch_delegate_fn2                                 ./build/obj/chdelegates.o (symbol from plugin)
                                                  ./build/obj/oslib_test_sequence_005.o (symbol from plugin)
__ch_delegate_fn3                                 ./build/obj/chdelegates.o (symbol from plugin)
                                                  ./build/obj/oslib_test_sequence_005.o (symbol from plugin)
__ch_delegate_fn4                                 ./build/obj/chdelegates.o (symbol from plugin)
                                                  ./build/obj/oslib_test_sequence_005.o (symbol from plugin)
__core_init                                       C:\Users\RAKIBU~1\AppData\Local\Temp\ch.elf.vko20g.ltrans0.ltrans.o
                                                  ./build/obj/crt1.o (symbol from plugin)
                                                  ./build/obj/crt0_v7m.o
__data_base__                                     ./build/obj/ch_test.o (symbol from plugin)
                                                  ./build/obj/crt0_v7m.o
__data_end__                                      ./build/obj/ch_test.o (symbol from plugin)
                                                  ./build/obj/crt0_v7m.o
__default_exit                                    C:\Users\RAKIBU~1\AppData\Local\Temp\ch.elf.vko20g.ltrans0.ltrans.o
                                                  ./build/obj/crt1.o (symbol from plugin)
                                                  ./build/obj/crt0_v7m.o
__early_init                                      C:\Users\RAKIBU~1\AppData\Local\Temp\ch.elf.vko20g.ltrans0.ltrans.o
                                                  ./build/obj/board.o (symbol from plugin)
                                                  ./build/obj/crt1.o (symbol from plugin)
                                                  ./build/obj/crt0_v7m.o
__fini_array_base__                               ./build/obj/crt0_v7m.o
__fini_array_end__                                ./build/obj/crt0_v7m.o
__heap_base__                                     C:\Users\RAKIBU~1\AppData\Local\Temp\ch.elf.vko20g.ltrans0.ltrans.o
                                                  ./build/obj/chmemcore.o (symbol from plugin)
__heap_end__                                      C:\Users\RAKIBU~1\AppData\Local\Temp\ch.elf.vko20g.ltrans0.ltrans.o
                                                  ./build/obj/chmemcore.o (symbol from plugin)
__init_array_base__                               ./build/obj/crt0_v7m.o
__init_array_end__                                ./build/obj/crt0_v7m.o
__init_ram_areas                                  C:\Users\RAKIBU~1\AppData\Local\Temp\ch.elf.vko20g.ltrans0.ltrans.o
                                                  ./build/obj/crt1.o (symbol from plugin)
                                                  ./build/obj/crt0_v7m.o
__late_init                                       C:\Users\RAKIBU~1\AppData\Local\Temp\ch.elf.vko20g.ltrans0.ltrans.o
                                                  ./build/obj/crt1.o (symbol from plugin)
                                                  ./build/obj/crt0_v7m.o
__main_stack_base__                               ./build/obj/crt0_v7m.o
__main_stack_end__                                ./build/obj/vectors.o
                                                  ./build/obj/crt0_v7m.o
__process_stack_base__                            ./build/obj/crt0_v7m.o
__process_stack_end__                             ./build/obj/crt0_v7m.o
__ram0_clear__                                    C:\Users\RAKIBU~1\AppData\Local\Temp\ch.elf.vko20g.ltrans0.ltrans.o
                                                  ./build/obj/crt1.o (symbol from plugin)
__ram0_init__                                     C:\Users\RAKIBU~1\AppData\Local\Temp\ch.elf.vko20g.ltrans0.ltrans.o
                                                  ./build/obj/crt1.o (symbol from plugin)
__ram0_init_text__                                C:\Users\RAKIBU~1\AppData\Local\Temp\ch.elf.vko20g.ltrans0.ltrans.o
                                                  ./build/obj/crt1.o (symbol from plugin)
__ram0_noinit__                                   C:\Users\RAKIBU~1\AppData\Local\Temp\ch.elf.vko20g.ltrans0.ltrans.o
                                                  ./build/obj/crt1.o (symbol from plugin)
__ram1_clear__                                    C:\Users\RAKIBU~1\AppData\Local\Temp\ch.elf.vko20g.ltrans0.ltrans.o
                                                  ./build/obj/crt1.o (symbol from plugin)
__ram1_init__                                     C:\Users\RAKIBU~1\AppData\Local\Temp\ch.elf.vko20g.ltrans0.ltrans.o
                                                  ./build/obj/crt1.o (symbol from plugin)
__ram1_init_text__                                C:\Users\RAKIBU~1\AppData\Local\Temp\ch.elf.vko20g.ltrans0.ltrans.o
                                                  ./build/obj/crt1.o (symbol from plugin)
__ram1_noinit__                                   C:\Users\RAKIBU~1\AppData\Local\Temp\ch.elf.vko20g.ltrans0.ltrans.o
                                                  ./build/obj/crt1.o (symbol from plugin)
__ram2_clear__                                    C:\Users\RAKIBU~1\AppData\Local\Temp\ch.elf.vko20g.ltrans0.ltrans.o
                                                  ./build/obj/crt1.o (symbol from plugin)
__ram2_init__                                     C:\Users\RAKIBU~1\AppData\Local\Temp\ch.elf.vko20g.ltrans0.ltrans.o
                                                  ./build/obj/crt1.o (symbol from plugin)
__ram2_init_text__                                C:\Users\RAKIBU~1\AppData\Local\Temp\ch.elf.vko20g.ltrans0.ltrans.o
                                                  ./build/obj/crt1.o (symbol from plugin)
__ram2_noinit__                                   C:\Users\RAKIBU~1\AppData\Local\Temp\ch.elf.vko20g.ltrans0.ltrans.o
                                                  ./build/obj/crt1.o (symbol from plugin)
__ram3_clear__                                    C:\Users\RAKIBU~1\AppData\Local\Temp\ch.elf.vko20g.ltrans0.ltrans.o
                                                  ./build/obj/crt1.o (symbol from plugin)
__ram3_init__                                     C:\Users\RAKIBU~1\AppData\Local\Temp\ch.elf.vko20g.ltrans0.ltrans.o
                                                  ./build/obj/crt1.o (symbol from plugin)
__ram3_init_text__                                C:\Users\RAKIBU~1\AppData\Local\Temp\ch.elf.vko20g.ltrans0.ltrans.o
                                                  ./build/obj/crt1.o (symbol from plugin)
__ram3_noinit__                                   C:\Users\RAKIBU~1\AppData\Local\Temp\ch.elf.vko20g.ltrans0.ltrans.o
                                                  ./build/obj/crt1.o (symbol from plugin)
__ram4_clear__                                    C:\Users\RAKIBU~1\AppData\Local\Temp\ch.elf.vko20g.ltrans0.ltrans.o
                                                  ./build/obj/crt1.o (symbol from plugin)
__ram4_init__                                     C:\Users\RAKIBU~1\AppData\Local\Temp\ch.elf.vko20g.ltrans0.ltrans.o
                                                  ./build/obj/crt1.o (symbol from plugin)
__ram4_init_text__                                C:\Users\RAKIBU~1\AppData\Local\Temp\ch.elf.vko20g.ltrans0.ltrans.o
                                                  ./build/obj/crt1.o (symbol from plugin)
__ram4_noinit__                                   C:\Users\RAKIBU~1\AppData\Local\Temp\ch.elf.vko20g.ltrans0.ltrans.o
                                                  ./build/obj/crt1.o (symbol from plugin)
__ram5_clear__                                    C:\Users\RAKIBU~1\AppData\Local\Temp\ch.elf.vko20g.ltrans0.ltrans.o
                                                  ./build/obj/crt1.o (symbol from plugin)
__ram5_init__                                     C:\Users\RAKIBU~1\AppData\Local\Temp\ch.elf.vko20g.ltrans0.ltrans.o
                                                  ./build/obj/crt1.o (symbol from plugin)
__ram5_init_text__                                C:\Users\RAKIBU~1\AppData\Local\Temp\ch.elf.vko20g.ltrans0.ltrans.o
                                                  ./build/obj/crt1.o (symbol from plugin)
__ram5_noinit__                                   C:\Users\RAKIBU~1\AppData\Local\Temp\ch.elf.vko20g.ltrans0.ltrans.o
                                                  ./build/obj/crt1.o (symbol from plugin)
__ram6_clear__                                    C:\Users\RAKIBU~1\AppData\Local\Temp\ch.elf.vko20g.ltrans0.ltrans.o
                                                  ./build/obj/crt1.o (symbol from plugin)
__ram6_init__                                     C:\Users\RAKIBU~1\AppData\Local\Temp\ch.elf.vko20g.ltrans0.ltrans.o
                                                  ./build/obj/crt1.o (symbol from plugin)
__ram6_init_text__                                C:\Users\RAKIBU~1\AppData\Local\Temp\ch.elf.vko20g.ltrans0.ltrans.o
                                                  ./build/obj/crt1.o (symbol from plugin)
__ram6_noinit__                                   C:\Users\RAKIBU~1\AppData\Local\Temp\ch.elf.vko20g.ltrans0.ltrans.o
                                                  ./build/obj/crt1.o (symbol from plugin)
__ram7_clear__                                    C:\Users\RAKIBU~1\AppData\Local\Temp\ch.elf.vko20g.ltrans0.ltrans.o
                                                  ./build/obj/crt1.o (symbol from plugin)
__ram7_init__                                     C:\Users\RAKIBU~1\AppData\Local\Temp\ch.elf.vko20g.ltrans0.ltrans.o
                                                  ./build/obj/crt1.o (symbol from plugin)
__ram7_init_text__                                C:\Users\RAKIBU~1\AppData\Local\Temp\ch.elf.vko20g.ltrans0.ltrans.o
                                                  ./build/obj/crt1.o (symbol from plugin)
__ram7_noinit__                                   C:\Users\RAKIBU~1\AppData\Local\Temp\ch.elf.vko20g.ltrans0.ltrans.o
                                                  ./build/obj/crt1.o (symbol from plugin)
__rodata_base__                                   ./build/obj/ch_test.o (symbol from plugin)
__rodata_end__                                    ./build/obj/ch_test.o (symbol from plugin)
__text_base__                                     ./build/obj/ch_test.o (symbol from plugin)
__text_end__                                      ./build/obj/ch_test.o (symbol from plugin)
__textdata_base__                                 ./build/obj/crt0_v7m.o
_close_r                                          C:\Users\RAKIBU~1\AppData\Local\Temp\ch.elf.vko20g.ltrans0.ltrans.o
                                                  ./build/obj/syscalls.o (symbol from plugin)
_core_init                                        ./build/obj/chmemcore.o (symbol from plugin)
                                                  ./build/obj/chsys.o (symbol from plugin)
_crt0_entry                                       ./build/obj/crt0_v7m.o
                                                  ./build/obj/vectors.o
_factory_init                                     ./build/obj/chfactory.o (symbol from plugin)
                                                  ./build/obj/chsys.o (symbol from plugin)
_fstat_r                                          C:\Users\RAKIBU~1\AppData\Local\Temp\ch.elf.vko20g.ltrans0.ltrans.o
                                                  ./build/obj/syscalls.o (symbol from plugin)
_heap_init                                        ./build/obj/chmemheaps.o (symbol from plugin)
                                                  ./build/obj/chsys.o (symbol from plugin)
_isatty_r                                         C:\Users\RAKIBU~1\AppData\Local\Temp\ch.elf.vko20g.ltrans0.ltrans.o
                                                  ./build/obj/syscalls.o (symbol from plugin)
_lseek_r                                          C:\Users\RAKIBU~1\AppData\Local\Temp\ch.elf.vko20g.ltrans0.ltrans.o
                                                  ./build/obj/syscalls.o (symbol from plugin)
_pal_lld_init                                     ./build/obj/hal_pal_lld.o (symbol from plugin)
                                                  ./build/obj/hal.o (symbol from plugin)
_pal_lld_setgroupmode                             ./build/obj/hal_pal_lld.o (symbol from plugin)
                                                  ./build/obj/main.o (symbol from plugin)
                                                  ./build/obj/hal_pal.o (symbol from plugin)
_port_exit_from_isr                               ./build/obj/chcoreasm_v7m.o
                                                  C:\Users\RAKIBU~1\AppData\Local\Temp\ch.elf.vko20g.ltrans0.ltrans.o
                                                  ./build/obj/chcore_v7m.o (symbol from plugin)
_port_irq_epilogue                                ./build/obj/chcore_v7m.o (symbol from plugin)
                                                  ./build/obj/hal_serial_lld.o (symbol from plugin)
                                                  ./build/obj/hal_st_lld.o (symbol from plugin)
_port_switch                                      ./build/obj/chcoreasm_v7m.o
                                                  C:\Users\RAKIBU~1\AppData\Local\Temp\ch.elf.vko20g.ltrans0.ltrans.o
                                                  ./build/obj/chschd.o (symbol from plugin)
_port_switch_from_isr                             ./build/obj/chcoreasm_v7m.o
                                                  C:\Users\RAKIBU~1\AppData\Local\Temp\ch.elf.vko20g.ltrans0.ltrans.o
                                                  ./build/obj/chcore_v7m.o (symbol from plugin)
_port_thread_start                                ./build/obj/chcoreasm_v7m.o
                                                  C:\Users\RAKIBU~1\AppData\Local\Temp\ch.elf.vko20g.ltrans0.ltrans.o
                                                  ./build/obj/chthreads.o (symbol from plugin)
_read_r                                           C:\Users\RAKIBU~1\AppData\Local\Temp\ch.elf.vko20g.ltrans0.ltrans.o
                                                  ./build/obj/syscalls.o (symbol from plugin)
_sbrk_r                                           C:\Users\RAKIBU~1\AppData\Local\Temp\ch.elf.vko20g.ltrans0.ltrans.o
                                                  ./build/obj/syscalls.o (symbol from plugin)
_scheduler_init                                   ./build/obj/chschd.o (symbol from plugin)
                                                  ./build/obj/chsys.o (symbol from plugin)
_test_assert                                      ./build/obj/ch_test.o (symbol from plugin)
                                                  ./build/obj/oslib_test_sequence_009.o (symbol from plugin)
                                                  ./build/obj/oslib_test_sequence_008.o (symbol from plugin)
                                                  ./build/obj/oslib_test_sequence_007.o (symbol from plugin)
                                                  ./build/obj/oslib_test_sequence_006.o (symbol from plugin)
                                                  ./build/obj/oslib_test_sequence_005.o (symbol from plugin)
                                                  ./build/obj/oslib_test_sequence_003.o (symbol from plugin)
                                                  ./build/obj/oslib_test_sequence_002.o (symbol from plugin)
                                                  ./build/obj/rt_test_sequence_010.o (symbol from plugin)
                                                  ./build/obj/rt_test_sequence_009.o (symbol from plugin)
                                                  ./build/obj/rt_test_sequence_007.o (symbol from plugin)
                                                  ./build/obj/rt_test_sequence_006.o (symbol from plugin)
                                                  ./build/obj/rt_test_sequence_005.o (symbol from plugin)
                                                  ./build/obj/rt_test_sequence_004.o (symbol from plugin)
                                                  ./build/obj/rt_test_sequence_003.o (symbol from plugin)
                                                  ./build/obj/rt_test_sequence_002.o (symbol from plugin)
_test_assert_sequence                             ./build/obj/ch_test.o (symbol from plugin)
                                                  ./build/obj/oslib_test_sequence_006.o (symbol from plugin)
                                                  ./build/obj/oslib_test_sequence_005.o (symbol from plugin)
                                                  ./build/obj/oslib_test_sequence_004.o (symbol from plugin)
                                                  ./build/obj/oslib_test_sequence_002.o (symbol from plugin)
                                                  ./build/obj/rt_test_sequence_010.o (symbol from plugin)
                                                  ./build/obj/rt_test_sequence_009.o (symbol from plugin)
                                                  ./build/obj/rt_test_sequence_008.o (symbol from plugin)
                                                  ./build/obj/rt_test_sequence_007.o (symbol from plugin)
                                                  ./build/obj/rt_test_sequence_006.o (symbol from plugin)
                                                  ./build/obj/rt_test_sequence_004.o (symbol from plugin)
_test_assert_time_window                          ./build/obj/ch_test.o (symbol from plugin)
                                                  ./build/obj/rt_test_sequence_009.o (symbol from plugin)
                                                  ./build/obj/rt_test_sequence_006.o (symbol from plugin)
                                                  ./build/obj/rt_test_sequence_005.o (symbol from plugin)
                                                  ./build/obj/rt_test_sequence_004.o (symbol from plugin)
_test_fail                                        ./build/obj/ch_test.o (symbol from plugin)
_thread_init                                      ./build/obj/chthreads.o (symbol from plugin)
                                                  ./build/obj/chsys.o (symbol from plugin)
_tm_init                                          ./build/obj/chtm.o (symbol from plugin)
                                                  ./build/obj/chsys.o (symbol from plugin)
_unhandled_exception                              ./build/obj/vectors.o
_vectors                                          ./build/obj/vectors.o
                                                  ./build/obj/crt0_v7m.o
_vt_init                                          ./build/obj/chvt.o (symbol from plugin)
                                                  ./build/obj/chsys.o (symbol from plugin)
_write_r                                          C:\Users\RAKIBU~1\AppData\Local\Temp\ch.elf.vko20g.ltrans0.ltrans.o
                                                  ./build/obj/syscalls.o (symbol from plugin)
board.c.2e3f53a5                                  C:\Users\RAKIBU~1\AppData\Local\Temp\ccS0Dvop.debug.temp.o
                                                  C:\Users\RAKIBU~1\AppData\Local\Temp\ch.elf.vko20g.ltrans0.ltrans.o
boardInit                                         ./build/obj/board.o (symbol from plugin)
                                                  ./build/obj/hal.o (symbol from plugin)
ch                                                ./build/obj/chschd.o (symbol from plugin)
                                                  ./build/obj/oslib_test_sequence_005.o (symbol from plugin)
                                                  ./build/obj/oslib_test_sequence_004.o (symbol from plugin)
                                                  ./build/obj/rt_test_sequence_011.o (symbol from plugin)
                                                  ./build/obj/rt_test_sequence_010.o (symbol from plugin)
                                                  ./build/obj/rt_test_sequence_009.o (symbol from plugin)
                                                  ./build/obj/rt_test_sequence_008.o (symbol from plugin)
                                                  ./build/obj/rt_test_sequence_007.o (symbol from plugin)
                                                  ./build/obj/rt_test_sequence_006.o (symbol from plugin)
                                                  ./build/obj/rt_test_sequence_005.o (symbol from plugin)
                                                  ./build/obj/rt_test_sequence_004.o (symbol from plugin)
                                                  ./build/obj/chmsg.o (symbol from plugin)
                                                  ./build/obj/chevents.o (symbol from plugin)
                                                  ./build/obj/chcond.o (symbol from plugin)
                                                  ./build/obj/chmtx.o (symbol from plugin)
                                                  ./build/obj/chsem.o (symbol from plugin)
                                                  ./build/obj/chregistry.o (symbol from plugin)
                                                  ./build/obj/chtm.o (symbol from plugin)
                                                  ./build/obj/chthreads.o (symbol from plugin)
                                                  ./build/obj/chvt.o (symbol from plugin)
                                                  ./build/obj/chsys.o (symbol from plugin)
chCacheGetObject                                  ./build/obj/chobjcaches.o (symbol from plugin)
                                                  ./build/obj/oslib_test_sequence_006.o (symbol from plugin)
chCacheObjectInit                                 ./build/obj/chobjcaches.o (symbol from plugin)
                                                  ./build/obj/oslib_test_sequence_006.o (symbol from plugin)
chCacheReadObject                                 ./build/obj/chobjcaches.o (symbol from plugin)
                                                  ./build/obj/oslib_test_sequence_006.o (symbol from plugin)
chCacheReleaseObjectI                             ./build/obj/chobjcaches.o (symbol from plugin)
                                                  ./build/obj/oslib_test_sequence_006.o (symbol from plugin)
chCacheWriteObject                                ./build/obj/chobjcaches.o (symbol from plugin)
chCondBroadcast                                   ./build/obj/chcond.o (symbol from plugin)
                                                  ./build/obj/rt_test_sequence_007.o (symbol from plugin)
chCondBroadcastI                                  ./build/obj/chcond.o (symbol from plugin)
chCondObjectInit                                  ./build/obj/chcond.o (symbol from plugin)
                                                  ./build/obj/rt_test_sequence_007.o (symbol from plugin)
chCondSignal                                      ./build/obj/chcond.o (symbol from plugin)
                                                  ./build/obj/rt_test_sequence_007.o (symbol from plugin)
chCondSignalI                                     ./build/obj/chcond.o (symbol from plugin)
                                                  ./build/obj/rt_test_sequence_007.o (symbol from plugin)
chCondWait                                        ./build/obj/chcond.o (symbol from plugin)
                                                  ./build/obj/rt_test_sequence_007.o (symbol from plugin)
chCondWaitS                                       ./build/obj/chcond.o (symbol from plugin)
chCondWaitTimeout                                 ./build/obj/chcond.o (symbol from plugin)
                                                  ./build/obj/rt_test_sequence_007.o (symbol from plugin)
chCondWaitTimeoutS                                ./build/obj/chcond.o (symbol from plugin)
chCoreAllocFromBase                               ./build/obj/chmemcore.o (symbol from plugin)
                                                  ./build/obj/syscalls.o (symbol from plugin)
chCoreAllocFromBaseI                              ./build/obj/chmemcore.o (symbol from plugin)
chCoreAllocFromTop                                ./build/obj/chmemcore.o (symbol from plugin)
                                                  ./build/obj/chmemheaps.o (symbol from plugin)
chCoreAllocFromTopI                               ./build/obj/chmemcore.o (symbol from plugin)
                                                  ./build/obj/chfactory.o (symbol from plugin)
chCoreGetStatusX                                  ./build/obj/chmemcore.o (symbol from plugin)
chDelegateCallVeneer                              ./build/obj/chdelegates.o (symbol from plugin)
                                                  ./build/obj/oslib_test_sequence_005.o (symbol from plugin)
chDelegateDispatch                                ./build/obj/chdelegates.o (symbol from plugin)
                                                  ./build/obj/oslib_test_sequence_005.o (symbol from plugin)
chDelegateDispatchTimeout                         ./build/obj/chdelegates.o (symbol from plugin)
chEvtAddEvents                                    ./build/obj/chevents.o (symbol from plugin)
                                                  ./build/obj/rt_test_sequence_009.o (symbol from plugin)
chEvtBroadcastFlags                               ./build/obj/chevents.o (symbol from plugin)
                                                  ./build/obj/rt_test_sequence_009.o (symbol from plugin)
chEvtBroadcastFlagsI                              ./build/obj/chevents.o (symbol from plugin)
                                                  ./build/obj/hal_serial_lld.o (symbol from plugin)
                                                  ./build/obj/hal_serial.o (symbol from plugin)
chEvtDispatch                                     ./build/obj/chevents.o (symbol from plugin)
                                                  ./build/obj/rt_test_sequence_009.o (symbol from plugin)
chEvtGetAndClearEvents                            ./build/obj/chevents.o (symbol from plugin)
                                                  ./build/obj/rt_test_sequence_009.o (symbol from plugin)
chEvtGetAndClearEventsI                           ./build/obj/chevents.o (symbol from plugin)
chEvtGetAndClearFlags                             ./build/obj/chevents.o (symbol from plugin)
chEvtGetAndClearFlagsI                            ./build/obj/chevents.o (symbol from plugin)
chEvtRegisterMaskWithFlags                        ./build/obj/chevents.o (symbol from plugin)
                                                  ./build/obj/rt_test_sequence_009.o (symbol from plugin)
chEvtSignal                                       ./build/obj/chevents.o (symbol from plugin)
                                                  ./build/obj/rt_test_sequence_009.o (symbol from plugin)
chEvtSignalI                                      ./build/obj/chevents.o (symbol from plugin)
chEvtUnregister                                   ./build/obj/chevents.o (symbol from plugin)
                                                  ./build/obj/rt_test_sequence_009.o (symbol from plugin)
chEvtWaitAll                                      ./build/obj/chevents.o (symbol from plugin)